Archive member included to satisfy reference by file (symbol)

.\CortexM3\ARM_GCC_541\Debug\Project.a(Switch_1.o)
                              .\CortexM3\ARM_GCC_541\Debug\main.o (Switch_1_Read)
.\CortexM3\ARM_GCC_541\Debug\Project.a(D1.o)
                              .\CortexM3\ARM_GCC_541\Debug\main.o (D1_Write)
.\CortexM3\ARM_GCC_541\Debug\Project.a(D2.o)
                              .\CortexM3\ARM_GCC_541\Debug\main.o (D2_Write)
.\CortexM3\ARM_GCC_541\Debug\Project.a(D3.o)
                              .\CortexM3\ARM_GCC_541\Debug\main.o (D3_Write)
.\CortexM3\ARM_GCC_541\Debug\Project.a(D4.o)
                              .\CortexM3\ARM_GCC_541\Debug\main.o (D4_Write)
.\CortexM3\ARM_GCC_541\Debug\Project.a(CyLib.o)
                              .\CortexM3\ARM_GCC_541\Debug\Cm3Start.o (CyHalt)
.\CortexM3\ARM_GCC_541\Debug\Project.a(cyPm.o)
                              .\CortexM3\ARM_GCC_541\Debug\Project.a(CyLib.o) (CyPmReadStatus)
.\CortexM3\ARM_GCC_541\Debug\Project.a(Switch_2.o)
                              .\CortexM3\ARM_GCC_541\Debug\main.o (Switch_2_Read)
.\CortexM3\ARM_GCC_541\Debug\Project.a(Switch_3.o)
                              .\CortexM3\ARM_GCC_541\Debug\main.o (Switch_3_Read)
.\CortexM3\ARM_GCC_541\Debug\Project.a(LCD_Char_1.o)
                              .\CortexM3\ARM_GCC_541\Debug\main.o (LCD_Char_1_PrintString)
.\CortexM3\ARM_GCC_541\Debug\Project.a(ROW1.o)
                              .\CortexM3\ARM_GCC_541\Debug\keypad.o (ROW1_Read)
.\CortexM3\ARM_GCC_541\Debug\Project.a(ROW2.o)
                              .\CortexM3\ARM_GCC_541\Debug\keypad.o (ROW2_Read)
.\CortexM3\ARM_GCC_541\Debug\Project.a(ROW3.o)
                              .\CortexM3\ARM_GCC_541\Debug\keypad.o (ROW3_Read)
.\CortexM3\ARM_GCC_541\Debug\Project.a(ROW0.o)
                              .\CortexM3\ARM_GCC_541\Debug\keypad.o (ROW0_Read)
.\CortexM3\ARM_GCC_541\Debug\Project.a(COL1.o)
                              .\CortexM3\ARM_GCC_541\Debug\keypad.o (COL1_Write)
.\CortexM3\ARM_GCC_541\Debug\Project.a(COL2.o)
                              .\CortexM3\ARM_GCC_541\Debug\keypad.o (COL2_Write)
.\CortexM3\ARM_GCC_541\Debug\Project.a(COL3.o)
                              .\CortexM3\ARM_GCC_541\Debug\keypad.o (COL3_Write)
.\CortexM3\ARM_GCC_541\Debug\Project.a(CyBootAsmGnu.o)
                              .\CortexM3\ARM_GCC_541\Debug\cyfitter_cfg.o (CyDelayCycles)
.\CortexM3\ARM_GCC_541\Debug\Project.a(CyFlash.o)
                              .\CortexM3\ARM_GCC_541\Debug\Project.a(cyPm.o) (CyFlash_SetWaitCycles)
.\CortexM3\ARM_GCC_541\Debug\Project.a(CySpc.o)
                              .\CortexM3\ARM_GCC_541\Debug\Project.a(CyFlash.o) (CySpcStart)
c:/program files (x86)/cypress/psoc creator/4.3/psoc creator/import/gnu/arm/5.4.1/bin/../lib/gcc/arm-none-eabi/5.4.1/../../../../arm-none-eabi/lib/armv7-m\libg_nano.a(lib_a-errno.o)
                              .\CortexM3\ARM_GCC_541\Debug\Cm3Start.o (__errno)
c:/program files (x86)/cypress/psoc creator/4.3/psoc creator/import/gnu/arm/5.4.1/bin/../lib/gcc/arm-none-eabi/5.4.1/../../../../arm-none-eabi/lib/armv7-m\libg_nano.a(lib_a-exit.o)
                              c:/program files (x86)/cypress/psoc creator/4.3/psoc creator/import/gnu/arm/5.4.1/bin/../lib/gcc/arm-none-eabi/5.4.1/../../../../arm-none-eabi/lib/armv7-m/crt0.o (exit)
c:/program files (x86)/cypress/psoc creator/4.3/psoc creator/import/gnu/arm/5.4.1/bin/../lib/gcc/arm-none-eabi/5.4.1/../../../../arm-none-eabi/lib/armv7-m\libg_nano.a(lib_a-impure.o)
                              c:/program files (x86)/cypress/psoc creator/4.3/psoc creator/import/gnu/arm/5.4.1/bin/../lib/gcc/arm-none-eabi/5.4.1/../../../../arm-none-eabi/lib/armv7-m\libg_nano.a(lib_a-exit.o) (_global_impure_ptr)
c:/program files (x86)/cypress/psoc creator/4.3/psoc creator/import/gnu/arm/5.4.1/bin/../lib/gcc/arm-none-eabi/5.4.1/../../../../arm-none-eabi/lib/armv7-m\libg_nano.a(lib_a-init.o)
                              c:/program files (x86)/cypress/psoc creator/4.3/psoc creator/import/gnu/arm/5.4.1/bin/../lib/gcc/arm-none-eabi/5.4.1/../../../../arm-none-eabi/lib/armv7-m/crt0.o (__libc_init_array)
c:/program files (x86)/cypress/psoc creator/4.3/psoc creator/import/gnu/arm/5.4.1/bin/../lib/gcc/arm-none-eabi/5.4.1/../../../../arm-none-eabi/lib/armv7-m\libg_nano.a(lib_a-memcpy-stub.o)
                              .\CortexM3\ARM_GCC_541\Debug\cyfitter_cfg.o (memcpy)
c:/program files (x86)/cypress/psoc creator/4.3/psoc creator/import/gnu/arm/5.4.1/bin/../lib/gcc/arm-none-eabi/5.4.1/../../../../arm-none-eabi/lib/armv7-m\libg_nano.a(lib_a-memset.o)
                              c:/program files (x86)/cypress/psoc creator/4.3/psoc creator/import/gnu/arm/5.4.1/bin/../lib/gcc/arm-none-eabi/5.4.1/../../../../arm-none-eabi/lib/armv7-m/crt0.o (memset)
c:/program files (x86)/cypress/psoc creator/4.3/psoc creator/import/gnu/arm/5.4.1/bin/../lib/gcc/arm-none-eabi/5.4.1/../../../../arm-none-eabi/lib/armv7-m\libg_nano.a(lib_a-strcat.o)
                              .\CortexM3\ARM_GCC_541\Debug\main.o (strcat)
c:/program files (x86)/cypress/psoc creator/4.3/psoc creator/import/gnu/arm/5.4.1/bin/../lib/gcc/arm-none-eabi/5.4.1/../../../../arm-none-eabi/lib/armv7-m\libg_nano.a(lib_a-strcmp.o)
                              .\CortexM3\ARM_GCC_541\Debug\main.o (strcmp)
c:/program files (x86)/cypress/psoc creator/4.3/psoc creator/import/gnu/arm/5.4.1/bin/../lib/gcc/arm-none-eabi/5.4.1/../../../../arm-none-eabi/lib/armv7-m\libg_nano.a(lib_a-strlen.o)
                              .\CortexM3\ARM_GCC_541\Debug\main.o (strlen)
c:/program files (x86)/cypress/psoc creator/4.3/psoc creator/import/gnu/arm/5.4.1/bin/../lib/gcc/arm-none-eabi/5.4.1/../../../../arm-none-eabi/lib/armv7-m\libg_nano.a(lib_a-strlwr.o)
                              .\CortexM3\ARM_GCC_541\Debug\main.o (strlwr)
c:/program files (x86)/cypress/psoc creator/4.3/psoc creator/import/gnu/arm/5.4.1/bin/../lib/gcc/arm-none-eabi/5.4.1/../../../../arm-none-eabi/lib/armv7-m\libg_nano.a(lib_a-ctype_.o)
                              c:/program files (x86)/cypress/psoc creator/4.3/psoc creator/import/gnu/arm/5.4.1/bin/../lib/gcc/arm-none-eabi/5.4.1/../../../../arm-none-eabi/lib/armv7-m\libg_nano.a(lib_a-strlwr.o) (__ctype_ptr__)

Allocating common symbols
Common symbol       size              file

dieTemperature      0x2               .\CortexM3\ARM_GCC_541\Debug\Project.a(CyFlash.o)

Discarded input sections

 .text          0x00000000        0x0 c:/program files (x86)/cypress/psoc creator/4.3/psoc creator/import/gnu/arm/5.4.1/bin/../lib/gcc/arm-none-eabi/5.4.1/armv7-m/crti.o
 .data          0x00000000        0x0 c:/program files (x86)/cypress/psoc creator/4.3/psoc creator/import/gnu/arm/5.4.1/bin/../lib/gcc/arm-none-eabi/5.4.1/armv7-m/crti.o
 .bss           0x00000000        0x0 c:/program files (x86)/cypress/psoc creator/4.3/psoc creator/import/gnu/arm/5.4.1/bin/../lib/gcc/arm-none-eabi/5.4.1/armv7-m/crti.o
 .data          0x00000000        0x4 c:/program files (x86)/cypress/psoc creator/4.3/psoc creator/import/gnu/arm/5.4.1/bin/../lib/gcc/arm-none-eabi/5.4.1/armv7-m/crtbegin.o
 .text          0x00000000       0x74 c:/program files (x86)/cypress/psoc creator/4.3/psoc creator/import/gnu/arm/5.4.1/bin/../lib/gcc/arm-none-eabi/5.4.1/../../../../arm-none-eabi/lib/armv7-m/crt0.o
 .data          0x00000000        0x0 c:/program files (x86)/cypress/psoc creator/4.3/psoc creator/import/gnu/arm/5.4.1/bin/../lib/gcc/arm-none-eabi/5.4.1/../../../../arm-none-eabi/lib/armv7-m/crt0.o
 .bss           0x00000000        0x0 c:/program files (x86)/cypress/psoc creator/4.3/psoc creator/import/gnu/arm/5.4.1/bin/../lib/gcc/arm-none-eabi/5.4.1/../../../../arm-none-eabi/lib/armv7-m/crt0.o
 .ARM.extab     0x00000000        0x0 c:/program files (x86)/cypress/psoc creator/4.3/psoc creator/import/gnu/arm/5.4.1/bin/../lib/gcc/arm-none-eabi/5.4.1/../../../../arm-none-eabi/lib/armv7-m/crt0.o
 .ARM.exidx     0x00000000        0x8 c:/program files (x86)/cypress/psoc creator/4.3/psoc creator/import/gnu/arm/5.4.1/bin/../lib/gcc/arm-none-eabi/5.4.1/../../../../arm-none-eabi/lib/armv7-m/crt0.o
 .text          0x00000000        0x0 .\CortexM3\ARM_GCC_541\Debug\main.o
 .data          0x00000000        0x0 .\CortexM3\ARM_GCC_541\Debug\main.o
 .bss           0x00000000        0x0 .\CortexM3\ARM_GCC_541\Debug\main.o
 .text          0x00000000        0x0 .\CortexM3\ARM_GCC_541\Debug\keypad.o
 .data          0x00000000        0x0 .\CortexM3\ARM_GCC_541\Debug\keypad.o
 .bss           0x00000000        0x0 .\CortexM3\ARM_GCC_541\Debug\keypad.o
 .text          0x00000000        0x0 .\CortexM3\ARM_GCC_541\Debug\cyfitter_cfg.o
 .data          0x00000000        0x0 .\CortexM3\ARM_GCC_541\Debug\cyfitter_cfg.o
 .bss           0x00000000        0x0 .\CortexM3\ARM_GCC_541\Debug\cyfitter_cfg.o
 .text.SetAnalogRoutingPumps
                0x00000000       0x10 .\CortexM3\ARM_GCC_541\Debug\cyfitter_cfg.o
 .text          0x00000000        0x0 .\CortexM3\ARM_GCC_541\Debug\cymetadata.o
 .data          0x00000000        0x0 .\CortexM3\ARM_GCC_541\Debug\cymetadata.o
 .bss           0x00000000        0x0 .\CortexM3\ARM_GCC_541\Debug\cymetadata.o
 .text          0x00000000        0x0 .\CortexM3\ARM_GCC_541\Debug\Cm3Start.o
 .data          0x00000000        0x4 .\CortexM3\ARM_GCC_541\Debug\Cm3Start.o
 .bss           0x00000000        0x0 .\CortexM3\ARM_GCC_541\Debug\Cm3Start.o
 .text._exit    0x00000000        0xc .\CortexM3\ARM_GCC_541\Debug\Cm3Start.o
 .text._sbrk    0x00000000       0x30 .\CortexM3\ARM_GCC_541\Debug\Cm3Start.o
 .text          0x00000000        0x0 .\CortexM3\ARM_GCC_541\Debug\Project.a(Switch_1.o)
 .data          0x00000000        0x0 .\CortexM3\ARM_GCC_541\Debug\Project.a(Switch_1.o)
 .bss           0x00000000        0x0 .\CortexM3\ARM_GCC_541\Debug\Project.a(Switch_1.o)
 .text.Switch_1_Write
                0x00000000       0x18 .\CortexM3\ARM_GCC_541\Debug\Project.a(Switch_1.o)
 .text.Switch_1_SetDriveMode
                0x00000000       0x18 .\CortexM3\ARM_GCC_541\Debug\Project.a(Switch_1.o)
 .text.Switch_1_ReadDataReg
                0x00000000       0x10 .\CortexM3\ARM_GCC_541\Debug\Project.a(Switch_1.o)
 .text          0x00000000        0x0 .\CortexM3\ARM_GCC_541\Debug\Project.a(D1.o)
 .data          0x00000000        0x0 .\CortexM3\ARM_GCC_541\Debug\Project.a(D1.o)
 .bss           0x00000000        0x0 .\CortexM3\ARM_GCC_541\Debug\Project.a(D1.o)
 .text.D1_SetDriveMode
                0x00000000       0x18 .\CortexM3\ARM_GCC_541\Debug\Project.a(D1.o)
 .text.D1_Read  0x00000000       0x10 .\CortexM3\ARM_GCC_541\Debug\Project.a(D1.o)
 .text.D1_ReadDataReg
                0x00000000       0x10 .\CortexM3\ARM_GCC_541\Debug\Project.a(D1.o)
 .text          0x00000000        0x0 .\CortexM3\ARM_GCC_541\Debug\Project.a(D2.o)
 .data          0x00000000        0x0 .\CortexM3\ARM_GCC_541\Debug\Project.a(D2.o)
 .bss           0x00000000        0x0 .\CortexM3\ARM_GCC_541\Debug\Project.a(D2.o)
 .text.D2_SetDriveMode
                0x00000000       0x18 .\CortexM3\ARM_GCC_541\Debug\Project.a(D2.o)
 .text.D2_Read  0x00000000       0x10 .\CortexM3\ARM_GCC_541\Debug\Project.a(D2.o)
 .text.D2_ReadDataReg
                0x00000000       0x10 .\CortexM3\ARM_GCC_541\Debug\Project.a(D2.o)
 .text          0x00000000        0x0 .\CortexM3\ARM_GCC_541\Debug\Project.a(D3.o)
 .data          0x00000000        0x0 .\CortexM3\ARM_GCC_541\Debug\Project.a(D3.o)
 .bss           0x00000000        0x0 .\CortexM3\ARM_GCC_541\Debug\Project.a(D3.o)
 .text.D3_SetDriveMode
                0x00000000       0x18 .\CortexM3\ARM_GCC_541\Debug\Project.a(D3.o)
 .text.D3_Read  0x00000000       0x10 .\CortexM3\ARM_GCC_541\Debug\Project.a(D3.o)
 .text.D3_ReadDataReg
                0x00000000       0x10 .\CortexM3\ARM_GCC_541\Debug\Project.a(D3.o)
 .text          0x00000000        0x0 .\CortexM3\ARM_GCC_541\Debug\Project.a(D4.o)
 .data          0x00000000        0x0 .\CortexM3\ARM_GCC_541\Debug\Project.a(D4.o)
 .bss           0x00000000        0x0 .\CortexM3\ARM_GCC_541\Debug\Project.a(D4.o)
 .text.D4_SetDriveMode
                0x00000000       0x18 .\CortexM3\ARM_GCC_541\Debug\Project.a(D4.o)
 .text.D4_Read  0x00000000       0x10 .\CortexM3\ARM_GCC_541\Debug\Project.a(D4.o)
 .text.D4_ReadDataReg
                0x00000000       0x10 .\CortexM3\ARM_GCC_541\Debug\Project.a(D4.o)
 .text          0x00000000        0x0 .\CortexM3\ARM_GCC_541\Debug\Project.a(CyLib.o)
 .bss           0x00000000       0x1c .\CortexM3\ARM_GCC_541\Debug\Project.a(CyLib.o)
 .text.CyUSB_PowerOnCheck
                0x00000000       0x48 .\CortexM3\ARM_GCC_541\Debug\Project.a(CyLib.o)
 .text.CyBusClk_Internal_SetDivider
                0x00000000       0x48 .\CortexM3\ARM_GCC_541\Debug\Project.a(CyLib.o)
 .text.CyPLL_OUT_Stop
                0x00000000       0x10 .\CortexM3\ARM_GCC_541\Debug\Project.a(CyLib.o)
 .text.CyIMO_Stop
                0x00000000       0x1c .\CortexM3\ARM_GCC_541\Debug\Project.a(CyLib.o)
 .text.CyIMO_EnableDoubler
                0x00000000       0x10 .\CortexM3\ARM_GCC_541\Debug\Project.a(CyLib.o)
 .text.CyIMO_DisableDoubler
                0x00000000       0x10 .\CortexM3\ARM_GCC_541\Debug\Project.a(CyLib.o)
 .text.CyMasterClk_SetSource
                0x00000000       0x18 .\CortexM3\ARM_GCC_541\Debug\Project.a(CyLib.o)
 .text.CyMasterClk_SetDivider
                0x00000000        0xc .\CortexM3\ARM_GCC_541\Debug\Project.a(CyLib.o)
 .text.CyBusClk_SetDivider
                0x00000000       0x70 .\CortexM3\ARM_GCC_541\Debug\Project.a(CyLib.o)
 .text.CyUsbClk_SetSource
                0x00000000       0x18 .\CortexM3\ARM_GCC_541\Debug\Project.a(CyLib.o)
 .text.CyILO_Start1K
                0x00000000       0x10 .\CortexM3\ARM_GCC_541\Debug\Project.a(CyLib.o)
 .text.CyILO_Stop1K
                0x00000000       0x10 .\CortexM3\ARM_GCC_541\Debug\Project.a(CyLib.o)
 .text.CyILO_Start100K
                0x00000000       0x10 .\CortexM3\ARM_GCC_541\Debug\Project.a(CyLib.o)
 .text.CyILO_Stop100K
                0x00000000       0x10 .\CortexM3\ARM_GCC_541\Debug\Project.a(CyLib.o)
 .text.CyPLL_OUT_Start
                0x00000000       0x78 .\CortexM3\ARM_GCC_541\Debug\Project.a(CyLib.o)
 .text.CyIMO_Start
                0x00000000       0x60 .\CortexM3\ARM_GCC_541\Debug\Project.a(CyLib.o)
 .text.CyILO_Enable33K
                0x00000000       0x10 .\CortexM3\ARM_GCC_541\Debug\Project.a(CyLib.o)
 .text.CyILO_Disable33K
                0x00000000       0x10 .\CortexM3\ARM_GCC_541\Debug\Project.a(CyLib.o)
 .text.CyILO_SetSource
                0x00000000       0x18 .\CortexM3\ARM_GCC_541\Debug\Project.a(CyLib.o)
 .text.CyILO_SetPowerMode
                0x00000000       0x24 .\CortexM3\ARM_GCC_541\Debug\Project.a(CyLib.o)
 .text.CyXTAL_32KHZ_Stop
                0x00000000       0x30 .\CortexM3\ARM_GCC_541\Debug\Project.a(CyLib.o)
 .text.CyXTAL_32KHZ_ReadStatus
                0x00000000       0x10 .\CortexM3\ARM_GCC_541\Debug\Project.a(CyLib.o)
 .text.CyXTAL_Start
                0x00000000       0xac .\CortexM3\ARM_GCC_541\Debug\Project.a(CyLib.o)
 .text.CyXTAL_Stop
                0x00000000       0x10 .\CortexM3\ARM_GCC_541\Debug\Project.a(CyLib.o)
 .text.CyXTAL_EnableErrStatus
                0x00000000       0x10 .\CortexM3\ARM_GCC_541\Debug\Project.a(CyLib.o)
 .text.CyXTAL_DisableErrStatus
                0x00000000       0x10 .\CortexM3\ARM_GCC_541\Debug\Project.a(CyLib.o)
 .text.CyXTAL_ReadStatus
                0x00000000       0x18 .\CortexM3\ARM_GCC_541\Debug\Project.a(CyLib.o)
 .text.CyXTAL_EnableFaultRecovery
                0x00000000       0x10 .\CortexM3\ARM_GCC_541\Debug\Project.a(CyLib.o)
 .text.CyXTAL_DisableFaultRecovery
                0x00000000       0x10 .\CortexM3\ARM_GCC_541\Debug\Project.a(CyLib.o)
 .text.CyXTAL_SetStartup
                0x00000000       0x18 .\CortexM3\ARM_GCC_541\Debug\Project.a(CyLib.o)
 .text.CyXTAL_SetFbVoltage
                0x00000000       0x18 .\CortexM3\ARM_GCC_541\Debug\Project.a(CyLib.o)
 .text.CyXTAL_SetWdVoltage
                0x00000000       0x18 .\CortexM3\ARM_GCC_541\Debug\Project.a(CyLib.o)
 .text.CyHalt   0x00000000        0x4 .\CortexM3\ARM_GCC_541\Debug\Project.a(CyLib.o)
 .text.CyPLL_OUT_SetPQ
                0x00000000       0x60 .\CortexM3\ARM_GCC_541\Debug\Project.a(CyLib.o)
 .text.CyPLL_OUT_SetSource
                0x00000000       0x34 .\CortexM3\ARM_GCC_541\Debug\Project.a(CyLib.o)
 .text.CyIMO_SetTrimValue
                0x00000000       0xcc .\CortexM3\ARM_GCC_541\Debug\Project.a(CyLib.o)
 .text.CyIMO_SetFreq
                0x00000000       0xf4 .\CortexM3\ARM_GCC_541\Debug\Project.a(CyLib.o)
 .text.CyIMO_SetSource
                0x00000000       0x58 .\CortexM3\ARM_GCC_541\Debug\Project.a(CyLib.o)
 .text.CySoftwareReset
                0x00000000       0x10 .\CortexM3\ARM_GCC_541\Debug\Project.a(CyLib.o)
 .text.CyXTAL_32KHZ_SetPowerMode
                0x00000000       0x84 .\CortexM3\ARM_GCC_541\Debug\Project.a(CyLib.o)
 .text.CyXTAL_32KHZ_Start
                0x00000000       0x74 .\CortexM3\ARM_GCC_541\Debug\Project.a(CyLib.o)
 .text.CyDelayFreq
                0x00000000       0x4c .\CortexM3\ARM_GCC_541\Debug\Project.a(CyLib.o)
 .text.CyWdtStart
                0x00000000       0x40 .\CortexM3\ARM_GCC_541\Debug\Project.a(CyLib.o)
 .text.CyWdtClear
                0x00000000        0xc .\CortexM3\ARM_GCC_541\Debug\Project.a(CyLib.o)
 .text.CyVdStickyStatus
                0x00000000       0x2c .\CortexM3\ARM_GCC_541\Debug\Project.a(CyLib.o)
 .text.CyVdLvDigitEnable
                0x00000000       0x84 .\CortexM3\ARM_GCC_541\Debug\Project.a(CyLib.o)
 .text.CyVdLvAnalogEnable
                0x00000000       0x80 .\CortexM3\ARM_GCC_541\Debug\Project.a(CyLib.o)
 .text.CyVdLvDigitDisable
                0x00000000       0x30 .\CortexM3\ARM_GCC_541\Debug\Project.a(CyLib.o)
 .text.CyVdLvAnalogDisable
                0x00000000       0x28 .\CortexM3\ARM_GCC_541\Debug\Project.a(CyLib.o)
 .text.CyVdHvAnalogEnable
                0x00000000       0x54 .\CortexM3\ARM_GCC_541\Debug\Project.a(CyLib.o)
 .text.CyVdHvAnalogDisable
                0x00000000       0x20 .\CortexM3\ARM_GCC_541\Debug\Project.a(CyLib.o)
 .text.CyVdRealTimeStatus
                0x00000000       0x1c .\CortexM3\ARM_GCC_541\Debug\Project.a(CyLib.o)
 .text.CyDisableInts
                0x00000000       0x1c .\CortexM3\ARM_GCC_541\Debug\Project.a(CyLib.o)
 .text.CyEnableInts
                0x00000000       0x18 .\CortexM3\ARM_GCC_541\Debug\Project.a(CyLib.o)
 .text.CyFlushCache
                0x00000000       0x44 .\CortexM3\ARM_GCC_541\Debug\Project.a(CyLib.o)
 .text.CyIntSetSysVector
                0x00000000       0x28 .\CortexM3\ARM_GCC_541\Debug\Project.a(CyLib.o)
 .text.CyIntGetSysVector
                0x00000000       0x20 .\CortexM3\ARM_GCC_541\Debug\Project.a(CyLib.o)
 .text.CyIntSetVector
                0x00000000       0x28 .\CortexM3\ARM_GCC_541\Debug\Project.a(CyLib.o)
 .text.CyIntGetVector
                0x00000000       0x24 .\CortexM3\ARM_GCC_541\Debug\Project.a(CyLib.o)
 .text.CyIntSetPriority
                0x00000000       0x30 .\CortexM3\ARM_GCC_541\Debug\Project.a(CyLib.o)
 .text.CyIntGetPriority
                0x00000000       0x20 .\CortexM3\ARM_GCC_541\Debug\Project.a(CyLib.o)
 .text.CyIntGetState
                0x00000000       0x24 .\CortexM3\ARM_GCC_541\Debug\Project.a(CyLib.o)
 .text.CySysTickStop
                0x00000000       0x10 .\CortexM3\ARM_GCC_541\Debug\Project.a(CyLib.o)
 .text.CySysTickEnableInterrupt
                0x00000000       0x10 .\CortexM3\ARM_GCC_541\Debug\Project.a(CyLib.o)
 .text.CySysTickEnable
                0x00000000       0x18 .\CortexM3\ARM_GCC_541\Debug\Project.a(CyLib.o)
 .text.CySysTickDisableInterrupt
                0x00000000       0x10 .\CortexM3\ARM_GCC_541\Debug\Project.a(CyLib.o)
 .text.CySysTickSetReload
                0x00000000       0x10 .\CortexM3\ARM_GCC_541\Debug\Project.a(CyLib.o)
 .text.CySysTickGetReload
                0x00000000       0x10 .\CortexM3\ARM_GCC_541\Debug\Project.a(CyLib.o)
 .text.CySysTickGetValue
                0x00000000       0x10 .\CortexM3\ARM_GCC_541\Debug\Project.a(CyLib.o)
 .text.CySysTickSetClockSource
                0x00000000       0x20 .\CortexM3\ARM_GCC_541\Debug\Project.a(CyLib.o)
 .text.CySysTickGetClockSource
                0x00000000       0x10 .\CortexM3\ARM_GCC_541\Debug\Project.a(CyLib.o)
 .text.CySysTickGetCountFlag
                0x00000000       0x10 .\CortexM3\ARM_GCC_541\Debug\Project.a(CyLib.o)
 .text.CySysTickServiceCallbacks
                0x00000000       0x28 .\CortexM3\ARM_GCC_541\Debug\Project.a(CyLib.o)
 .text.CySysTickClear
                0x00000000        0xc .\CortexM3\ARM_GCC_541\Debug\Project.a(CyLib.o)
 .text.CySysTickInit
                0x00000000       0x58 .\CortexM3\ARM_GCC_541\Debug\Project.a(CyLib.o)
 .text.CySysTickStart
                0x00000000       0x1c .\CortexM3\ARM_GCC_541\Debug\Project.a(CyLib.o)
 .text.CySysTickSetCallback
                0x00000000       0x10 .\CortexM3\ARM_GCC_541\Debug\Project.a(CyLib.o)
 .text.CySysTickGetCallback
                0x00000000       0x10 .\CortexM3\ARM_GCC_541\Debug\Project.a(CyLib.o)
 .text.CyGetUniqueId
                0x00000000       0x70 .\CortexM3\ARM_GCC_541\Debug\Project.a(CyLib.o)
 .text          0x00000000        0x0 .\CortexM3\ARM_GCC_541\Debug\Project.a(cyPm.o)
 .data          0x00000000        0x0 .\CortexM3\ARM_GCC_541\Debug\Project.a(cyPm.o)
 .bss           0x00000000       0x43 .\CortexM3\ARM_GCC_541\Debug\Project.a(cyPm.o)
 .text.CyPmHibSlpSaveSet
                0x00000000      0x1dc .\CortexM3\ARM_GCC_541\Debug\Project.a(cyPm.o)
 .text.CyPmHibSlpRestore
                0x00000000       0xd8 .\CortexM3\ARM_GCC_541\Debug\Project.a(cyPm.o)
 .text.CyPmHviLviSaveDisable
                0x00000000       0xa0 .\CortexM3\ARM_GCC_541\Debug\Project.a(cyPm.o)
 .text.CyPmHibSaveSet
                0x00000000       0x98 .\CortexM3\ARM_GCC_541\Debug\Project.a(cyPm.o)
 .text.CyPmHviLviRestore
                0x00000000       0x48 .\CortexM3\ARM_GCC_541\Debug\Project.a(cyPm.o)
 .text.CyPmHibRestore
                0x00000000       0x60 .\CortexM3\ARM_GCC_541\Debug\Project.a(cyPm.o)
 .text.CyPmSaveClocks
                0x00000000      0x218 .\CortexM3\ARM_GCC_541\Debug\Project.a(cyPm.o)
 .text.CyPmRestoreClocks
                0x00000000      0x24c .\CortexM3\ARM_GCC_541\Debug\Project.a(cyPm.o)
 .text.CyPmAltAct
                0x00000000       0x6c .\CortexM3\ARM_GCC_541\Debug\Project.a(cyPm.o)
 .text.CyPmSleep
                0x00000000       0xf4 .\CortexM3\ARM_GCC_541\Debug\Project.a(cyPm.o)
 .text.CyPmHibernateEx
                0x00000000       0xf4 .\CortexM3\ARM_GCC_541\Debug\Project.a(cyPm.o)
 .text.CyPmHibernate
                0x00000000        0xc .\CortexM3\ARM_GCC_541\Debug\Project.a(cyPm.o)
 .text.CyPmReadStatus
                0x00000000       0x30 .\CortexM3\ARM_GCC_541\Debug\Project.a(cyPm.o)
 .text.CyPmCtwSetInterval
                0x00000000       0x5c .\CortexM3\ARM_GCC_541\Debug\Project.a(cyPm.o)
 .text.CyPmOppsSet
                0x00000000       0x2c .\CortexM3\ARM_GCC_541\Debug\Project.a(cyPm.o)
 .text.CyPmFtwSetInterval
                0x00000000       0x5c .\CortexM3\ARM_GCC_541\Debug\Project.a(cyPm.o)
 .rodata        0x00000000        0xf .\CortexM3\ARM_GCC_541\Debug\Project.a(cyPm.o)
 .text          0x00000000        0x0 .\CortexM3\ARM_GCC_541\Debug\Project.a(Switch_2.o)
 .data          0x00000000        0x0 .\CortexM3\ARM_GCC_541\Debug\Project.a(Switch_2.o)
 .bss           0x00000000        0x0 .\CortexM3\ARM_GCC_541\Debug\Project.a(Switch_2.o)
 .text.Switch_2_Write
                0x00000000       0x18 .\CortexM3\ARM_GCC_541\Debug\Project.a(Switch_2.o)
 .text.Switch_2_SetDriveMode
                0x00000000       0x18 .\CortexM3\ARM_GCC_541\Debug\Project.a(Switch_2.o)
 .text.Switch_2_ReadDataReg
                0x00000000       0x10 .\CortexM3\ARM_GCC_541\Debug\Project.a(Switch_2.o)
 .text          0x00000000        0x0 .\CortexM3\ARM_GCC_541\Debug\Project.a(Switch_3.o)
 .data          0x00000000        0x0 .\CortexM3\ARM_GCC_541\Debug\Project.a(Switch_3.o)
 .bss           0x00000000        0x0 .\CortexM3\ARM_GCC_541\Debug\Project.a(Switch_3.o)
 .text.Switch_3_Write
                0x00000000       0x18 .\CortexM3\ARM_GCC_541\Debug\Project.a(Switch_3.o)
 .text.Switch_3_SetDriveMode
                0x00000000       0x18 .\CortexM3\ARM_GCC_541\Debug\Project.a(Switch_3.o)
 .text.Switch_3_ReadDataReg
                0x00000000       0x10 .\CortexM3\ARM_GCC_541\Debug\Project.a(Switch_3.o)
 .text          0x00000000        0x0 .\CortexM3\ARM_GCC_541\Debug\Project.a(LCD_Char_1.o)
 .data          0x00000000        0x0 .\CortexM3\ARM_GCC_541\Debug\Project.a(LCD_Char_1.o)
 .text.LCD_Char_1_PutChar
                0x00000000        0x8 .\CortexM3\ARM_GCC_541\Debug\Project.a(LCD_Char_1.o)
 .text.LCD_Char_1_Stop
                0x00000000       0x14 .\CortexM3\ARM_GCC_541\Debug\Project.a(LCD_Char_1.o)
 .text.LCD_Char_1_PrintInt8
                0x00000000       0x20 .\CortexM3\ARM_GCC_541\Debug\Project.a(LCD_Char_1.o)
 .text.LCD_Char_1_PrintInt16
                0x00000000       0x14 .\CortexM3\ARM_GCC_541\Debug\Project.a(LCD_Char_1.o)
 .text.LCD_Char_1_PrintInt32
                0x00000000       0x1c .\CortexM3\ARM_GCC_541\Debug\Project.a(LCD_Char_1.o)
 .text.LCD_Char_1_PrintU32Number
                0x00000000       0x64 .\CortexM3\ARM_GCC_541\Debug\Project.a(LCD_Char_1.o)
 .rodata        0x00000000       0x10 .\CortexM3\ARM_GCC_541\Debug\Project.a(LCD_Char_1.o)
 .text          0x00000000        0x0 .\CortexM3\ARM_GCC_541\Debug\Project.a(ROW1.o)
 .data          0x00000000        0x0 .\CortexM3\ARM_GCC_541\Debug\Project.a(ROW1.o)
 .bss           0x00000000        0x0 .\CortexM3\ARM_GCC_541\Debug\Project.a(ROW1.o)
 .text.ROW1_Write
                0x00000000       0x18 .\CortexM3\ARM_GCC_541\Debug\Project.a(ROW1.o)
 .text.ROW1_SetDriveMode
                0x00000000       0x18 .\CortexM3\ARM_GCC_541\Debug\Project.a(ROW1.o)
 .text.ROW1_ReadDataReg
                0x00000000       0x10 .\CortexM3\ARM_GCC_541\Debug\Project.a(ROW1.o)
 .text          0x00000000        0x0 .\CortexM3\ARM_GCC_541\Debug\Project.a(ROW2.o)
 .data          0x00000000        0x0 .\CortexM3\ARM_GCC_541\Debug\Project.a(ROW2.o)
 .bss           0x00000000        0x0 .\CortexM3\ARM_GCC_541\Debug\Project.a(ROW2.o)
 .text.ROW2_Write
                0x00000000       0x18 .\CortexM3\ARM_GCC_541\Debug\Project.a(ROW2.o)
 .text.ROW2_SetDriveMode
                0x00000000       0x18 .\CortexM3\ARM_GCC_541\Debug\Project.a(ROW2.o)
 .text.ROW2_ReadDataReg
                0x00000000        0xc .\CortexM3\ARM_GCC_541\Debug\Project.a(ROW2.o)
 .text          0x00000000        0x0 .\CortexM3\ARM_GCC_541\Debug\Project.a(ROW3.o)
 .data          0x00000000        0x0 .\CortexM3\ARM_GCC_541\Debug\Project.a(ROW3.o)
 .bss           0x00000000        0x0 .\CortexM3\ARM_GCC_541\Debug\Project.a(ROW3.o)
 .text.ROW3_Write
                0x00000000       0x18 .\CortexM3\ARM_GCC_541\Debug\Project.a(ROW3.o)
 .text.ROW3_SetDriveMode
                0x00000000       0x18 .\CortexM3\ARM_GCC_541\Debug\Project.a(ROW3.o)
 .text.ROW3_ReadDataReg
                0x00000000       0x10 .\CortexM3\ARM_GCC_541\Debug\Project.a(ROW3.o)
 .text          0x00000000        0x0 .\CortexM3\ARM_GCC_541\Debug\Project.a(ROW0.o)
 .data          0x00000000        0x0 .\CortexM3\ARM_GCC_541\Debug\Project.a(ROW0.o)
 .bss           0x00000000        0x0 .\CortexM3\ARM_GCC_541\Debug\Project.a(ROW0.o)
 .text.ROW0_Write
                0x00000000       0x18 .\CortexM3\ARM_GCC_541\Debug\Project.a(ROW0.o)
 .text.ROW0_SetDriveMode
                0x00000000       0x18 .\CortexM3\ARM_GCC_541\Debug\Project.a(ROW0.o)
 .text.ROW0_ReadDataReg
                0x00000000       0x10 .\CortexM3\ARM_GCC_541\Debug\Project.a(ROW0.o)
 .text          0x00000000        0x0 .\CortexM3\ARM_GCC_541\Debug\Project.a(COL1.o)
 .data          0x00000000        0x0 .\CortexM3\ARM_GCC_541\Debug\Project.a(COL1.o)
 .bss           0x00000000        0x0 .\CortexM3\ARM_GCC_541\Debug\Project.a(COL1.o)
 .text.COL1_SetDriveMode
                0x00000000       0x18 .\CortexM3\ARM_GCC_541\Debug\Project.a(COL1.o)
 .text.COL1_Read
                0x00000000       0x10 .\CortexM3\ARM_GCC_541\Debug\Project.a(COL1.o)
 .text.COL1_ReadDataReg
                0x00000000       0x10 .\CortexM3\ARM_GCC_541\Debug\Project.a(COL1.o)
 .text          0x00000000        0x0 .\CortexM3\ARM_GCC_541\Debug\Project.a(COL2.o)
 .data          0x00000000        0x0 .\CortexM3\ARM_GCC_541\Debug\Project.a(COL2.o)
 .bss           0x00000000        0x0 .\CortexM3\ARM_GCC_541\Debug\Project.a(COL2.o)
 .text.COL2_SetDriveMode
                0x00000000       0x18 .\CortexM3\ARM_GCC_541\Debug\Project.a(COL2.o)
 .text.COL2_Read
                0x00000000       0x10 .\CortexM3\ARM_GCC_541\Debug\Project.a(COL2.o)
 .text.COL2_ReadDataReg
                0x00000000       0x10 .\CortexM3\ARM_GCC_541\Debug\Project.a(COL2.o)
 .text          0x00000000        0x0 .\CortexM3\ARM_GCC_541\Debug\Project.a(COL3.o)
 .data          0x00000000        0x0 .\CortexM3\ARM_GCC_541\Debug\Project.a(COL3.o)
 .bss           0x00000000        0x0 .\CortexM3\ARM_GCC_541\Debug\Project.a(COL3.o)
 .text.COL3_SetDriveMode
                0x00000000       0x18 .\CortexM3\ARM_GCC_541\Debug\Project.a(COL3.o)
 .text.COL3_Read
                0x00000000       0x10 .\CortexM3\ARM_GCC_541\Debug\Project.a(COL3.o)
 .text.COL3_ReadDataReg
                0x00000000       0x10 .\CortexM3\ARM_GCC_541\Debug\Project.a(COL3.o)
 .data          0x00000000        0x0 .\CortexM3\ARM_GCC_541\Debug\Project.a(CyBootAsmGnu.o)
 .bss           0x00000000        0x0 .\CortexM3\ARM_GCC_541\Debug\Project.a(CyBootAsmGnu.o)
 .text          0x00000000        0x0 .\CortexM3\ARM_GCC_541\Debug\Project.a(CyFlash.o)
 .data          0x00000000        0x0 .\CortexM3\ARM_GCC_541\Debug\Project.a(CyFlash.o)
 .bss           0x00000000        0x0 .\CortexM3\ARM_GCC_541\Debug\Project.a(CyFlash.o)
 .text.CySetTempInt
                0x00000000       0x60 .\CortexM3\ARM_GCC_541\Debug\Project.a(CyFlash.o)
 .text.CyFlash_Start
                0x00000000       0x54 .\CortexM3\ARM_GCC_541\Debug\Project.a(CyFlash.o)
 .text.CyFlash_Stop
                0x00000000       0x24 .\CortexM3\ARM_GCC_541\Debug\Project.a(CyFlash.o)
 .text.CyFlash_EraseRow
                0x00000000       0x78 .\CortexM3\ARM_GCC_541\Debug\Project.a(CyFlash.o)
 .text.CyFlashGetSpcAlgorithm
                0x00000000       0x4c .\CortexM3\ARM_GCC_541\Debug\Project.a(CyFlash.o)
 .text.CySetTemp
                0x00000000       0x14 .\CortexM3\ARM_GCC_541\Debug\Project.a(CyFlash.o)
 .text.CySetFlashEEBuffer
                0x00000000       0x20 .\CortexM3\ARM_GCC_541\Debug\Project.a(CyFlash.o)
 .text.CyWriteRowFull
                0x00000000       0xf8 .\CortexM3\ARM_GCC_541\Debug\Project.a(CyFlash.o)
 .text.CyWriteRowData
                0x00000000       0x14 .\CortexM3\ARM_GCC_541\Debug\Project.a(CyFlash.o)
 .text.CyFlash_SetWaitCycles
                0x00000000       0x7c .\CortexM3\ARM_GCC_541\Debug\Project.a(CyFlash.o)
 .text.CyEEPROM_Start
                0x00000000       0x54 .\CortexM3\ARM_GCC_541\Debug\Project.a(CyFlash.o)
 .text.CyEEPROM_Stop
                0x00000000       0x24 .\CortexM3\ARM_GCC_541\Debug\Project.a(CyFlash.o)
 .text.CyEEPROM_ReadReserve
                0x00000000       0x1c .\CortexM3\ARM_GCC_541\Debug\Project.a(CyFlash.o)
 .text.CyEEPROM_ReadRelease
                0x00000000       0x10 .\CortexM3\ARM_GCC_541\Debug\Project.a(CyFlash.o)
 COMMON         0x00000000        0x2 .\CortexM3\ARM_GCC_541\Debug\Project.a(CyFlash.o)
 .text          0x00000000        0x0 .\CortexM3\ARM_GCC_541\Debug\Project.a(CySpc.o)
 .data          0x00000000        0x0 .\CortexM3\ARM_GCC_541\Debug\Project.a(CySpc.o)
 .bss           0x00000000        0x8 .\CortexM3\ARM_GCC_541\Debug\Project.a(CySpc.o)
 .text.CySpcStart
                0x00000000       0x24 .\CortexM3\ARM_GCC_541\Debug\Project.a(CySpc.o)
 .text.CySpcStop
                0x00000000       0x24 .\CortexM3\ARM_GCC_541\Debug\Project.a(CySpc.o)
 .text.CySpcReadData
                0x00000000       0x34 .\CortexM3\ARM_GCC_541\Debug\Project.a(CySpc.o)
 .text.CySpcLoadMultiByte
                0x00000000       0x78 .\CortexM3\ARM_GCC_541\Debug\Project.a(CySpc.o)
 .text.CySpcLoadRow
                0x00000000       0x50 .\CortexM3\ARM_GCC_541\Debug\Project.a(CySpc.o)
 .text.CySpcLoadRowFull
                0x00000000       0x80 .\CortexM3\ARM_GCC_541\Debug\Project.a(CySpc.o)
 .text.CySpcWriteRow
                0x00000000       0x4c .\CortexM3\ARM_GCC_541\Debug\Project.a(CySpc.o)
 .text.CySpcEraseSector
                0x00000000       0x3c .\CortexM3\ARM_GCC_541\Debug\Project.a(CySpc.o)
 .text.CySpcEraseRow
                0x00000000       0x4c .\CortexM3\ARM_GCC_541\Debug\Project.a(CySpc.o)
 .text.CySpcGetTemp
                0x00000000       0x3c .\CortexM3\ARM_GCC_541\Debug\Project.a(CySpc.o)
 .text.CySpcLock
                0x00000000       0x4c .\CortexM3\ARM_GCC_541\Debug\Project.a(CySpc.o)
 .text.CySpcUnlock
                0x00000000       0x38 .\CortexM3\ARM_GCC_541\Debug\Project.a(CySpc.o)
 .text.CySpcGetAlgorithm
                0x00000000       0x28 .\CortexM3\ARM_GCC_541\Debug\Project.a(CySpc.o)
 .text          0x00000000        0x0 c:/program files (x86)/cypress/psoc creator/4.3/psoc creator/import/gnu/arm/5.4.1/bin/../lib/gcc/arm-none-eabi/5.4.1/../../../../arm-none-eabi/lib/armv7-m\libg_nano.a(lib_a-errno.o)
 .data          0x00000000        0x0 c:/program files (x86)/cypress/psoc creator/4.3/psoc creator/import/gnu/arm/5.4.1/bin/../lib/gcc/arm-none-eabi/5.4.1/../../../../arm-none-eabi/lib/armv7-m\libg_nano.a(lib_a-errno.o)
 .bss           0x00000000        0x0 c:/program files (x86)/cypress/psoc creator/4.3/psoc creator/import/gnu/arm/5.4.1/bin/../lib/gcc/arm-none-eabi/5.4.1/../../../../arm-none-eabi/lib/armv7-m\libg_nano.a(lib_a-errno.o)
 .text          0x00000000        0x0 c:/program files (x86)/cypress/psoc creator/4.3/psoc creator/import/gnu/arm/5.4.1/bin/../lib/gcc/arm-none-eabi/5.4.1/../../../../arm-none-eabi/lib/armv7-m\libg_nano.a(lib_a-exit.o)
 .data          0x00000000        0x0 c:/program files (x86)/cypress/psoc creator/4.3/psoc creator/import/gnu/arm/5.4.1/bin/../lib/gcc/arm-none-eabi/5.4.1/../../../../arm-none-eabi/lib/armv7-m\libg_nano.a(lib_a-exit.o)
 .bss           0x00000000        0x0 c:/program files (x86)/cypress/psoc creator/4.3/psoc creator/import/gnu/arm/5.4.1/bin/../lib/gcc/arm-none-eabi/5.4.1/../../../../arm-none-eabi/lib/armv7-m\libg_nano.a(lib_a-exit.o)
 .text.exit     0x00000000       0x28 c:/program files (x86)/cypress/psoc creator/4.3/psoc creator/import/gnu/arm/5.4.1/bin/../lib/gcc/arm-none-eabi/5.4.1/../../../../arm-none-eabi/lib/armv7-m\libg_nano.a(lib_a-exit.o)
 .text          0x00000000        0x0 c:/program files (x86)/cypress/psoc creator/4.3/psoc creator/import/gnu/arm/5.4.1/bin/../lib/gcc/arm-none-eabi/5.4.1/../../../../arm-none-eabi/lib/armv7-m\libg_nano.a(lib_a-impure.o)
 .data          0x00000000        0x0 c:/program files (x86)/cypress/psoc creator/4.3/psoc creator/import/gnu/arm/5.4.1/bin/../lib/gcc/arm-none-eabi/5.4.1/../../../../arm-none-eabi/lib/armv7-m\libg_nano.a(lib_a-impure.o)
 .bss           0x00000000        0x0 c:/program files (x86)/cypress/psoc creator/4.3/psoc creator/import/gnu/arm/5.4.1/bin/../lib/gcc/arm-none-eabi/5.4.1/../../../../arm-none-eabi/lib/armv7-m\libg_nano.a(lib_a-impure.o)
 .rodata._global_impure_ptr
                0x00000000        0x4 c:/program files (x86)/cypress/psoc creator/4.3/psoc creator/import/gnu/arm/5.4.1/bin/../lib/gcc/arm-none-eabi/5.4.1/../../../../arm-none-eabi/lib/armv7-m\libg_nano.a(lib_a-impure.o)
 .text          0x00000000        0x0 c:/program files (x86)/cypress/psoc creator/4.3/psoc creator/import/gnu/arm/5.4.1/bin/../lib/gcc/arm-none-eabi/5.4.1/../../../../arm-none-eabi/lib/armv7-m\libg_nano.a(lib_a-init.o)
 .data          0x00000000        0x0 c:/program files (x86)/cypress/psoc creator/4.3/psoc creator/import/gnu/arm/5.4.1/bin/../lib/gcc/arm-none-eabi/5.4.1/../../../../arm-none-eabi/lib/armv7-m\libg_nano.a(lib_a-init.o)
 .bss           0x00000000        0x0 c:/program files (x86)/cypress/psoc creator/4.3/psoc creator/import/gnu/arm/5.4.1/bin/../lib/gcc/arm-none-eabi/5.4.1/../../../../arm-none-eabi/lib/armv7-m\libg_nano.a(lib_a-init.o)
 .text          0x00000000        0x0 c:/program files (x86)/cypress/psoc creator/4.3/psoc creator/import/gnu/arm/5.4.1/bin/../lib/gcc/arm-none-eabi/5.4.1/../../../../arm-none-eabi/lib/armv7-m\libg_nano.a(lib_a-memcpy-stub.o)
 .data          0x00000000        0x0 c:/program files (x86)/cypress/psoc creator/4.3/psoc creator/import/gnu/arm/5.4.1/bin/../lib/gcc/arm-none-eabi/5.4.1/../../../../arm-none-eabi/lib/armv7-m\libg_nano.a(lib_a-memcpy-stub.o)
 .bss           0x00000000        0x0 c:/program files (x86)/cypress/psoc creator/4.3/psoc creator/import/gnu/arm/5.4.1/bin/../lib/gcc/arm-none-eabi/5.4.1/../../../../arm-none-eabi/lib/armv7-m\libg_nano.a(lib_a-memcpy-stub.o)
 .text          0x00000000        0x0 c:/program files (x86)/cypress/psoc creator/4.3/psoc creator/import/gnu/arm/5.4.1/bin/../lib/gcc/arm-none-eabi/5.4.1/../../../../arm-none-eabi/lib/armv7-m\libg_nano.a(lib_a-memset.o)
 .data          0x00000000        0x0 c:/program files (x86)/cypress/psoc creator/4.3/psoc creator/import/gnu/arm/5.4.1/bin/../lib/gcc/arm-none-eabi/5.4.1/../../../../arm-none-eabi/lib/armv7-m\libg_nano.a(lib_a-memset.o)
 .bss           0x00000000        0x0 c:/program files (x86)/cypress/psoc creator/4.3/psoc creator/import/gnu/arm/5.4.1/bin/../lib/gcc/arm-none-eabi/5.4.1/../../../../arm-none-eabi/lib/armv7-m\libg_nano.a(lib_a-memset.o)
 .text          0x00000000        0x0 c:/program files (x86)/cypress/psoc creator/4.3/psoc creator/import/gnu/arm/5.4.1/bin/../lib/gcc/arm-none-eabi/5.4.1/../../../../arm-none-eabi/lib/armv7-m\libg_nano.a(lib_a-strcat.o)
 .data          0x00000000        0x0 c:/program files (x86)/cypress/psoc creator/4.3/psoc creator/import/gnu/arm/5.4.1/bin/../lib/gcc/arm-none-eabi/5.4.1/../../../../arm-none-eabi/lib/armv7-m\libg_nano.a(lib_a-strcat.o)
 .bss           0x00000000        0x0 c:/program files (x86)/cypress/psoc creator/4.3/psoc creator/import/gnu/arm/5.4.1/bin/../lib/gcc/arm-none-eabi/5.4.1/../../../../arm-none-eabi/lib/armv7-m\libg_nano.a(lib_a-strcat.o)
 .data          0x00000000        0x0 c:/program files (x86)/cypress/psoc creator/4.3/psoc creator/import/gnu/arm/5.4.1/bin/../lib/gcc/arm-none-eabi/5.4.1/../../../../arm-none-eabi/lib/armv7-m\libg_nano.a(lib_a-strcmp.o)
 .bss           0x00000000        0x0 c:/program files (x86)/cypress/psoc creator/4.3/psoc creator/import/gnu/arm/5.4.1/bin/../lib/gcc/arm-none-eabi/5.4.1/../../../../arm-none-eabi/lib/armv7-m\libg_nano.a(lib_a-strcmp.o)
 .data          0x00000000        0x0 c:/program files (x86)/cypress/psoc creator/4.3/psoc creator/import/gnu/arm/5.4.1/bin/../lib/gcc/arm-none-eabi/5.4.1/../../../../arm-none-eabi/lib/armv7-m\libg_nano.a(lib_a-strlen.o)
 .bss           0x00000000        0x0 c:/program files (x86)/cypress/psoc creator/4.3/psoc creator/import/gnu/arm/5.4.1/bin/../lib/gcc/arm-none-eabi/5.4.1/../../../../arm-none-eabi/lib/armv7-m\libg_nano.a(lib_a-strlen.o)
 .text          0x00000000        0x0 c:/program files (x86)/cypress/psoc creator/4.3/psoc creator/import/gnu/arm/5.4.1/bin/../lib/gcc/arm-none-eabi/5.4.1/../../../../arm-none-eabi/lib/armv7-m\libg_nano.a(lib_a-strlwr.o)
 .data          0x00000000        0x0 c:/program files (x86)/cypress/psoc creator/4.3/psoc creator/import/gnu/arm/5.4.1/bin/../lib/gcc/arm-none-eabi/5.4.1/../../../../arm-none-eabi/lib/armv7-m\libg_nano.a(lib_a-strlwr.o)
 .bss           0x00000000        0x0 c:/program files (x86)/cypress/psoc creator/4.3/psoc creator/import/gnu/arm/5.4.1/bin/../lib/gcc/arm-none-eabi/5.4.1/../../../../arm-none-eabi/lib/armv7-m\libg_nano.a(lib_a-strlwr.o)
 .text          0x00000000        0x0 c:/program files (x86)/cypress/psoc creator/4.3/psoc creator/import/gnu/arm/5.4.1/bin/../lib/gcc/arm-none-eabi/5.4.1/../../../../arm-none-eabi/lib/armv7-m\libg_nano.a(lib_a-ctype_.o)
 .data          0x00000000        0x0 c:/program files (x86)/cypress/psoc creator/4.3/psoc creator/import/gnu/arm/5.4.1/bin/../lib/gcc/arm-none-eabi/5.4.1/../../../../arm-none-eabi/lib/armv7-m\libg_nano.a(lib_a-ctype_.o)
 .bss           0x00000000        0x0 c:/program files (x86)/cypress/psoc creator/4.3/psoc creator/import/gnu/arm/5.4.1/bin/../lib/gcc/arm-none-eabi/5.4.1/../../../../arm-none-eabi/lib/armv7-m\libg_nano.a(lib_a-ctype_.o)
 .text          0x00000000        0x0 c:/program files (x86)/cypress/psoc creator/4.3/psoc creator/import/gnu/arm/5.4.1/bin/../lib/gcc/arm-none-eabi/5.4.1/armv7-m/crtend.o
 .data          0x00000000        0x0 c:/program files (x86)/cypress/psoc creator/4.3/psoc creator/import/gnu/arm/5.4.1/bin/../lib/gcc/arm-none-eabi/5.4.1/armv7-m/crtend.o
 .bss           0x00000000        0x0 c:/program files (x86)/cypress/psoc creator/4.3/psoc creator/import/gnu/arm/5.4.1/bin/../lib/gcc/arm-none-eabi/5.4.1/armv7-m/crtend.o
 .text          0x00000000        0x0 c:/program files (x86)/cypress/psoc creator/4.3/psoc creator/import/gnu/arm/5.4.1/bin/../lib/gcc/arm-none-eabi/5.4.1/armv7-m/crtn.o
 .data          0x00000000        0x0 c:/program files (x86)/cypress/psoc creator/4.3/psoc creator/import/gnu/arm/5.4.1/bin/../lib/gcc/arm-none-eabi/5.4.1/armv7-m/crtn.o
 .bss           0x00000000        0x0 c:/program files (x86)/cypress/psoc creator/4.3/psoc creator/import/gnu/arm/5.4.1/bin/../lib/gcc/arm-none-eabi/5.4.1/armv7-m/crtn.o

Memory Configuration

Name             Origin             Length             Attributes
rom              0x00000000         0x00040000         xr
ram              0x1fff8000         0x00010000         xrw
*default*        0x00000000         0xffffffff

Linker script and memory map

LOAD c:/program files (x86)/cypress/psoc creator/4.3/psoc creator/import/gnu/arm/5.4.1/bin/../lib/gcc/arm-none-eabi/5.4.1/armv7-m/crti.o
LOAD c:/program files (x86)/cypress/psoc creator/4.3/psoc creator/import/gnu/arm/5.4.1/bin/../lib/gcc/arm-none-eabi/5.4.1/armv7-m/crtbegin.o
LOAD c:/program files (x86)/cypress/psoc creator/4.3/psoc creator/import/gnu/arm/5.4.1/bin/../lib/gcc/arm-none-eabi/5.4.1/../../../../arm-none-eabi/lib/armv7-m/crt0.o
START GROUP
LOAD .\CortexM3\ARM_GCC_541\Debug\main.o
LOAD .\CortexM3\ARM_GCC_541\Debug\keypad.o
LOAD .\CortexM3\ARM_GCC_541\Debug\cyfitter_cfg.o
LOAD .\CortexM3\ARM_GCC_541\Debug\cymetadata.o
LOAD .\CortexM3\ARM_GCC_541\Debug\Cm3Start.o
LOAD .\CortexM3\ARM_GCC_541\Debug\Project.a
LOAD C:\Program Files (x86)\Cypress\PSoC Creator\4.3\PSoC Creator\psoc\content\cycomponentlibrary\CyComponentLibrary.cylib\CortexM3\ARM_GCC_541\Debug\CyComponentLibrary.a
END GROUP
START GROUP
LOAD c:/program files (x86)/cypress/psoc creator/4.3/psoc creator/import/gnu/arm/5.4.1/bin/../lib/gcc/arm-none-eabi/5.4.1/armv7-m\libgcc.a
LOAD c:/program files (x86)/cypress/psoc creator/4.3/psoc creator/import/gnu/arm/5.4.1/bin/../lib/gcc/arm-none-eabi/5.4.1/../../../../arm-none-eabi/lib/armv7-m\libg_nano.a
LOAD c:/program files (x86)/cypress/psoc creator/4.3/psoc creator/import/gnu/arm/5.4.1/bin/../lib/gcc/arm-none-eabi/5.4.1/../../../../arm-none-eabi/lib/armv7-m\libc_nano.a
END GROUP
START GROUP
LOAD c:/program files (x86)/cypress/psoc creator/4.3/psoc creator/import/gnu/arm/5.4.1/bin/../lib/gcc/arm-none-eabi/5.4.1/armv7-m\libgcc.a
LOAD c:/program files (x86)/cypress/psoc creator/4.3/psoc creator/import/gnu/arm/5.4.1/bin/../lib/gcc/arm-none-eabi/5.4.1/../../../../arm-none-eabi/lib/armv7-m\libc_nano.a
END GROUP
LOAD c:/program files (x86)/cypress/psoc creator/4.3/psoc creator/import/gnu/arm/5.4.1/bin/../lib/gcc/arm-none-eabi/5.4.1/armv7-m/crtend.o
LOAD c:/program files (x86)/cypress/psoc creator/4.3/psoc creator/import/gnu/arm/5.4.1/bin/../lib/gcc/arm-none-eabi/5.4.1/armv7-m/crtn.o
START GROUP
LOAD c:/program files (x86)/cypress/psoc creator/4.3/psoc creator/import/gnu/arm/5.4.1/bin/../lib/gcc/arm-none-eabi/5.4.1/armv7-m\libgcc.a
LOAD c:/program files (x86)/cypress/psoc creator/4.3/psoc creator/import/gnu/arm/5.4.1/bin/../lib/gcc/arm-none-eabi/5.4.1/../../../../arm-none-eabi/lib/armv7-m\libc.a
LOAD c:/program files (x86)/cypress/psoc creator/4.3/psoc creator/import/gnu/arm/5.4.1/bin/../lib/gcc/arm-none-eabi/5.4.1/../../../../arm-none-eabi/lib/armv7-m\libnosys.a
END GROUP
                0x00000000                CY_APPL_ORIGIN = 0x0
                0x00000100                CY_FLASH_ROW_SIZE = 0x100
                0x00000020                CY_ECC_ROW_SIZE = 0x20
                0x00000000                CY_EE_IN_BTLDR = 0x0
                0x00000000                CY_APPL_LOADABLE = 0x0
                0x00000800                CY_EE_SIZE = 0x800
                0x00000001                CY_APPL_NUM = 0x1
                0x00000001                CY_APPL_MAX = 0x1
                0x00000040                CY_METADATA_SIZE = 0x40
                0x00000000                CY_APPL_LOADABLE = 0x0
                0x00000000                CY_CHECKSUM_EXCLUDE_SIZE = ALIGN (0x0, CY_FLASH_ROW_SIZE)
                [!provide]                PROVIDE (__cy_heap_start, _end)
                0x00000001                PROVIDE (__cy_region_num, ((__cy_regions_end - __cy_regions) / 0x10))
                0x20008000                PROVIDE (__cy_stack, (ORIGIN (ram) + LENGTH (ram)))
                [!provide]                PROVIDE (__cy_heap_end, (__cy_stack - 0x800))

.cybootloader   0x00000000        0x0
 *(.cybootloader)
                0x00000000                appl1_start = CY_APPL_ORIGIN?CY_APPL_ORIGIN:ALIGN (CY_FLASH_ROW_SIZE)
                0x0001ff00                appl2_start = (appl1_start + ALIGN ((((LENGTH (rom) - appl1_start) - (0x2 * CY_FLASH_ROW_SIZE)) / 0x2), CY_FLASH_ROW_SIZE))
                0x00000000                appl_start = (CY_APPL_NUM == 0x1)?appl1_start:appl2_start
                0x00000000                ecc_offset = ((appl_start / CY_FLASH_ROW_SIZE) * CY_ECC_ROW_SIZE)
                0x00000000                ee_offset = (CY_APPL_LOADABLE && ! (CY_EE_IN_BTLDR))?((CY_EE_SIZE / CY_APPL_MAX) * (CY_APPL_NUM - 0x1)):0x0
                0x00000800                ee_size = (CY_APPL_LOADABLE && ! (CY_EE_IN_BTLDR))?(CY_EE_SIZE / CY_APPL_MAX):CY_EE_SIZE
                [!provide]                PROVIDE (CY_ECC_OFFSET, ecc_offset)

.text           0x00000000      0xcc0
 CREATE_OBJECT_SYMBOLS
                0x00000000                PROVIDE (__cy_interrupt_vector, RomVectors)
 *(.romvectors)
 .romvectors    0x00000000       0x10 .\CortexM3\ARM_GCC_541\Debug\Cm3Start.o
                0x00000000                RomVectors
                0x00000001                ASSERT ((. != __cy_interrupt_vector), No interrupt vector)
                0x00000001                ASSERT (CY_APPL_ORIGIN?(SIZEOF (.cybootloader) <= CY_APPL_ORIGIN):0x1, Wrong image location)
                0x00000010                PROVIDE (__cy_reset, Reset)
 *(.text.Reset)
 .text.Reset    0x00000010       0x18 .\CortexM3\ARM_GCC_541\Debug\Cm3Start.o
                0x00000010                Reset
                0x00000001                ASSERT ((. != __cy_reset), No reset code)
 *(.dma_init)
                0x00000001                ASSERT ((((appl_start + .) <= 0x10000) || 0x1), DMA Init must be within the first 64k of flash)
 *(.text .text.* .gnu.linkonce.t.*)
 .text          0x00000028       0x5c c:/program files (x86)/cypress/psoc creator/4.3/psoc creator/import/gnu/arm/5.4.1/bin/../lib/gcc/arm-none-eabi/5.4.1/armv7-m/crtbegin.o
 .text.MakeLongLight
                0x00000084       0x44 .\CortexM3\ARM_GCC_541\Debug\main.o
                0x00000084                MakeLongLight
 .text.MakeShortLight
                0x000000c8       0x40 .\CortexM3\ARM_GCC_541\Debug\main.o
                0x000000c8                MakeShortLight
 .text.Translate_to_morse
                0x00000108      0x154 .\CortexM3\ARM_GCC_541\Debug\main.o
                0x00000108                Translate_to_morse
 .text.LCDPrint
                0x0000025c       0x6c .\CortexM3\ARM_GCC_541\Debug\main.o
                0x0000025c                LCDPrint
 .text.Send_to_leds
                0x000002c8       0x70 .\CortexM3\ARM_GCC_541\Debug\main.o
                0x000002c8                Send_to_leds
 .text.Send_SOS_message
                0x00000338       0x54 .\CortexM3\ARM_GCC_541\Debug\main.o
                0x00000338                Send_SOS_message
 .text.main     0x0000038c       0xa4 .\CortexM3\ARM_GCC_541\Debug\main.o
                0x0000038c                main
 .text.keypadInit
                0x00000430       0x18 .\CortexM3\ARM_GCC_541\Debug\keypad.o
                0x00000430                keypadInit
 .text.keypadScan
                0x00000448       0xfc .\CortexM3\ARM_GCC_541\Debug\keypad.o
                0x00000448                keypadScan
 .text.CyClockStartupError
                0x00000544        0x4 .\CortexM3\ARM_GCC_541\Debug\cyfitter_cfg.o
 .text.AnalogSetDefault
                0x00000548       0x28 .\CortexM3\ARM_GCC_541\Debug\cyfitter_cfg.o
 .text.CYMEMZERO
                0x00000570        0xc .\CortexM3\ARM_GCC_541\Debug\cyfitter_cfg.o
 .text.ClockSetup
                0x0000057c       0x9c .\CortexM3\ARM_GCC_541\Debug\cyfitter_cfg.o
 .text.CYCONFIGCPY
                0x00000618        0x8 .\CortexM3\ARM_GCC_541\Debug\cyfitter_cfg.o
 .text.cyfitter_cfg
                0x00000620       0xfc .\CortexM3\ARM_GCC_541\Debug\cyfitter_cfg.o
                0x00000620                cyfitter_cfg
 .text.IntDefaultHandler
                0x0000071c       0x10 .\CortexM3\ARM_GCC_541\Debug\Cm3Start.o
                0x0000071c                IntDefaultHandler
 .text.Start_c  0x0000072c       0x4c .\CortexM3\ARM_GCC_541\Debug\Cm3Start.o
                0x0000072c                Start_c
 .text.initialize_psoc
                0x00000778       0x68 .\CortexM3\ARM_GCC_541\Debug\Cm3Start.o
                0x00000778                initialize_psoc
 .text.Switch_1_Read
                0x000007e0       0x10 .\CortexM3\ARM_GCC_541\Debug\Project.a(Switch_1.o)
                0x000007e0                Switch_1_Read
 .text.D1_Write
                0x000007f0       0x18 .\CortexM3\ARM_GCC_541\Debug\Project.a(D1.o)
                0x000007f0                D1_Write
 .text.D2_Write
                0x00000808       0x18 .\CortexM3\ARM_GCC_541\Debug\Project.a(D2.o)
                0x00000808                D2_Write
 .text.D3_Write
                0x00000820       0x18 .\CortexM3\ARM_GCC_541\Debug\Project.a(D3.o)
                0x00000820                D3_Write
 .text.D4_Write
                0x00000838       0x18 .\CortexM3\ARM_GCC_541\Debug\Project.a(D4.o)
                0x00000838                D4_Write
 .text.CyDelay  0x00000850       0x2c .\CortexM3\ARM_GCC_541\Debug\Project.a(CyLib.o)
                0x00000850                CyDelay
 .text.CyDelayUs
                0x0000087c       0x14 .\CortexM3\ARM_GCC_541\Debug\Project.a(CyLib.o)
                0x0000087c                CyDelayUs
 .text.Switch_2_Read
                0x00000890       0x10 .\CortexM3\ARM_GCC_541\Debug\Project.a(Switch_2.o)
                0x00000890                Switch_2_Read
 .text.Switch_3_Read
                0x000008a0       0x10 .\CortexM3\ARM_GCC_541\Debug\Project.a(Switch_3.o)
                0x000008a0                Switch_3_Read
 .text.LCD_Char_1_WrCntrlNib
                0x000008b0       0x34 .\CortexM3\ARM_GCC_541\Debug\Project.a(LCD_Char_1.o)
 .text.LCD_Char_1_WrDatNib
                0x000008e4       0x44 .\CortexM3\ARM_GCC_541\Debug\Project.a(LCD_Char_1.o)
 .text.LCD_Char_1_IsReady
                0x00000928       0xe4 .\CortexM3\ARM_GCC_541\Debug\Project.a(LCD_Char_1.o)
                0x00000928                LCD_Char_1_IsReady
 .text.LCD_Char_1_WriteData
                0x00000a0c       0x18 .\CortexM3\ARM_GCC_541\Debug\Project.a(LCD_Char_1.o)
                0x00000a0c                LCD_Char_1_WriteData
 .text.LCD_Char_1_PrintString
                0x00000a24       0x1c .\CortexM3\ARM_GCC_541\Debug\Project.a(LCD_Char_1.o)
                0x00000a24                LCD_Char_1_PrintString
 .text.LCD_Char_1_WriteControl
                0x00000a40       0x18 .\CortexM3\ARM_GCC_541\Debug\Project.a(LCD_Char_1.o)
                0x00000a40                LCD_Char_1_WriteControl
 .text.LCD_Char_1_Init
                0x00000a58       0x6c .\CortexM3\ARM_GCC_541\Debug\Project.a(LCD_Char_1.o)
                0x00000a58                LCD_Char_1_Init
 .text.LCD_Char_1_Enable
                0x00000ac4       0x14 .\CortexM3\ARM_GCC_541\Debug\Project.a(LCD_Char_1.o)
                0x00000ac4                LCD_Char_1_Enable
 .text.LCD_Char_1_Start
                0x00000ad8       0x1c .\CortexM3\ARM_GCC_541\Debug\Project.a(LCD_Char_1.o)
                0x00000ad8                LCD_Char_1_Start
 .text.LCD_Char_1_Position
                0x00000af4       0x3c .\CortexM3\ARM_GCC_541\Debug\Project.a(LCD_Char_1.o)
                0x00000af4                LCD_Char_1_Position
 .text.ROW1_Read
                0x00000b30       0x10 .\CortexM3\ARM_GCC_541\Debug\Project.a(ROW1.o)
                0x00000b30                ROW1_Read
 .text.ROW2_Read
                0x00000b40        0xc .\CortexM3\ARM_GCC_541\Debug\Project.a(ROW2.o)
                0x00000b40                ROW2_Read
 .text.ROW3_Read
                0x00000b4c       0x10 .\CortexM3\ARM_GCC_541\Debug\Project.a(ROW3.o)
                0x00000b4c                ROW3_Read
 .text.ROW0_Read
                0x00000b5c       0x10 .\CortexM3\ARM_GCC_541\Debug\Project.a(ROW0.o)
                0x00000b5c                ROW0_Read
 .text.COL1_Write
                0x00000b6c       0x18 .\CortexM3\ARM_GCC_541\Debug\Project.a(COL1.o)
                0x00000b6c                COL1_Write
 .text.COL2_Write
                0x00000b84       0x18 .\CortexM3\ARM_GCC_541\Debug\Project.a(COL2.o)
                0x00000b84                COL2_Write
 .text.COL3_Write
                0x00000b9c       0x18 .\CortexM3\ARM_GCC_541\Debug\Project.a(COL3.o)
                0x00000b9c                COL3_Write
 *fill*         0x00000bb4        0x4 
 .text          0x00000bb8       0x20 .\CortexM3\ARM_GCC_541\Debug\Project.a(CyBootAsmGnu.o)
                0x00000bb8                CyDelayCycles
                0x00000bc8                CyEnterCriticalSection
                0x00000bd0                CyExitCriticalSection
 .text.__errno  0x00000bd8        0xc c:/program files (x86)/cypress/psoc creator/4.3/psoc creator/import/gnu/arm/5.4.1/bin/../lib/gcc/arm-none-eabi/5.4.1/../../../../arm-none-eabi/lib/armv7-m\libg_nano.a(lib_a-errno.o)
                0x00000bd8                __errno
 .text.__libc_init_array
                0x00000be4       0x4c c:/program files (x86)/cypress/psoc creator/4.3/psoc creator/import/gnu/arm/5.4.1/bin/../lib/gcc/arm-none-eabi/5.4.1/../../../../arm-none-eabi/lib/armv7-m\libg_nano.a(lib_a-init.o)
                0x00000be4                __libc_init_array
 .text.memcpy   0x00000c30       0x16 c:/program files (x86)/cypress/psoc creator/4.3/psoc creator/import/gnu/arm/5.4.1/bin/../lib/gcc/arm-none-eabi/5.4.1/../../../../arm-none-eabi/lib/armv7-m\libg_nano.a(lib_a-memcpy-stub.o)
                0x00000c30                memcpy
 .text.memset   0x00000c46       0x10 c:/program files (x86)/cypress/psoc creator/4.3/psoc creator/import/gnu/arm/5.4.1/bin/../lib/gcc/arm-none-eabi/5.4.1/../../../../arm-none-eabi/lib/armv7-m\libg_nano.a(lib_a-memset.o)
                0x00000c46                memset
 .text.strcat   0x00000c56       0x1e c:/program files (x86)/cypress/psoc creator/4.3/psoc creator/import/gnu/arm/5.4.1/bin/../lib/gcc/arm-none-eabi/5.4.1/../../../../arm-none-eabi/lib/armv7-m\libg_nano.a(lib_a-strcat.o)
                0x00000c56                strcat
 .text          0x00000c74       0x14 c:/program files (x86)/cypress/psoc creator/4.3/psoc creator/import/gnu/arm/5.4.1/bin/../lib/gcc/arm-none-eabi/5.4.1/../../../../arm-none-eabi/lib/armv7-m\libg_nano.a(lib_a-strcmp.o)
                0x00000c74                strcmp
 .text          0x00000c88       0x10 c:/program files (x86)/cypress/psoc creator/4.3/psoc creator/import/gnu/arm/5.4.1/bin/../lib/gcc/arm-none-eabi/5.4.1/../../../../arm-none-eabi/lib/armv7-m\libg_nano.a(lib_a-strlen.o)
                0x00000c88                strlen
 .text.strlwr   0x00000c98       0x28 c:/program files (x86)/cypress/psoc creator/4.3/psoc creator/import/gnu/arm/5.4.1/bin/../lib/gcc/arm-none-eabi/5.4.1/../../../../arm-none-eabi/lib/armv7-m\libg_nano.a(lib_a-strlwr.o)
                0x00000c98                strlwr
 *(.plt)
 *(.gnu.warning)
 *(.glue_7t)
 .glue_7t       0x00000cc0        0x0 linker stubs
 *(.glue_7)
 .glue_7        0x00000cc0        0x0 linker stubs
 *(.vfp11_veneer)
 .vfp11_veneer  0x00000cc0        0x0 linker stubs
 *(.bootloader)
 *(.ARM.extab* .gnu.linkonce.armextab.*)
 *(.gcc_except_table)

.v4_bx          0x00000cc0        0x0
 .v4_bx         0x00000cc0        0x0 linker stubs

.iplt           0x00000cc0        0x0
 .iplt          0x00000cc0        0x0 c:/program files (x86)/cypress/psoc creator/4.3/psoc creator/import/gnu/arm/5.4.1/bin/../lib/gcc/arm-none-eabi/5.4.1/armv7-m/crtbegin.o

.eh_frame_hdr
 *(.eh_frame_hdr)

.eh_frame       0x00000cc0        0x4
 *(.eh_frame)
 .eh_frame      0x00000cc0        0x0 c:/program files (x86)/cypress/psoc creator/4.3/psoc creator/import/gnu/arm/5.4.1/bin/../lib/gcc/arm-none-eabi/5.4.1/armv7-m/crtbegin.o
 .eh_frame      0x00000cc0        0x4 c:/program files (x86)/cypress/psoc creator/4.3/psoc creator/import/gnu/arm/5.4.1/bin/../lib/gcc/arm-none-eabi/5.4.1/armv7-m/crtend.o
                [!provide]                PROVIDE (__exidx_start, .)

.ARM.exidx
 *(.ARM.exidx* .gnu.linkonce.armexidx.*)
                0x00000cc4                __exidx_end = .

.rodata         0x00000cc4      0x41c
 *(.rodata .rodata.* .gnu.linkonce.r.*)
 .rodata        0x00000cc4      0x2a0 .\CortexM3\ARM_GCC_541\Debug\main.o
                0x00000cc4                A
                0x00000cd0                B
                0x00000ce4                C
                0x00000cf8                D
                0x00000d08                E
                0x00000d10                F
                0x00000d24                G
                0x00000d34                H
                0x00000d48                I
                0x00000d54                J
                0x00000d68                K
                0x00000d78                L
                0x00000d8c                M
                0x00000d98                N
                0x00000da4                O
                0x00000db4                P
                0x00000dc8                Q
                0x00000ddc                R
                0x00000dec                S
                0x00000dfc                T
                0x00000e04                U
                0x00000e14                V
                0x00000e28                W
                0x00000e38                X
                0x00000e4c                Y
                0x00000e60                Z
                0x00000e74                morse_9
                0x00000e8c                morse_8
                0x00000ea4                morse_7
                0x00000ebc                morse_6
                0x00000ed4                morse_5
                0x00000eec                morse_4
                0x00000f04                morse_3
                0x00000f1c                morse_2
                0x00000f34                morse_1
                0x00000f4c                morse_0
 .rodata.str1.4
                0x00000f64       0x20 .\CortexM3\ARM_GCC_541\Debug\main.o
                                 0x1e (size before relaxing)
 .rodata        0x00000f84       0x24 .\CortexM3\ARM_GCC_541\Debug\cyfitter_cfg.o
 .rodata.str1.1
                0x00000fa8        0x2 c:/program files (x86)/cypress/psoc creator/4.3/psoc creator/import/gnu/arm/5.4.1/bin/../lib/gcc/arm-none-eabi/5.4.1/../../../../arm-none-eabi/lib/armv7-m\libg_nano.a(lib_a-impure.o)
 .rodata._ctype_
                0x00000faa      0x101 c:/program files (x86)/cypress/psoc creator/4.3/psoc creator/import/gnu/arm/5.4.1/bin/../lib/gcc/arm-none-eabi/5.4.1/../../../../arm-none-eabi/lib/armv7-m\libg_nano.a(lib_a-ctype_.o)
                0x00000faa                _ctype_
                0x000010ac                . = ALIGN (0x4)
 *fill*         0x000010ab        0x1 
 *(.init)
 .init          0x000010ac        0x4 c:/program files (x86)/cypress/psoc creator/4.3/psoc creator/import/gnu/arm/5.4.1/bin/../lib/gcc/arm-none-eabi/5.4.1/armv7-m/crti.o
                0x000010ac                _init
 .init          0x000010b0        0x8 c:/program files (x86)/cypress/psoc creator/4.3/psoc creator/import/gnu/arm/5.4.1/bin/../lib/gcc/arm-none-eabi/5.4.1/armv7-m/crtn.o
                0x000010b8                . = ALIGN (0x4)
                0x000010b8                __preinit_array_start = .
 *(.preinit_array)
                0x000010b8                __preinit_array_end = .
                0x000010b8                . = ALIGN (0x4)
                0x000010b8                __init_array_start = .
 *(SORT(.init_array.*))
 *(.init_array)
 .init_array    0x000010b8        0x4 c:/program files (x86)/cypress/psoc creator/4.3/psoc creator/import/gnu/arm/5.4.1/bin/../lib/gcc/arm-none-eabi/5.4.1/armv7-m/crtbegin.o
 .init_array    0x000010bc        0x4 .\CortexM3\ARM_GCC_541\Debug\Cm3Start.o
                0x000010c0                __init_array_end = .
                0x000010c0                . = ALIGN (0x4)
 *(.fini)
 .fini          0x000010c0        0x4 c:/program files (x86)/cypress/psoc creator/4.3/psoc creator/import/gnu/arm/5.4.1/bin/../lib/gcc/arm-none-eabi/5.4.1/armv7-m/crti.o
                0x000010c0                _fini
 .fini          0x000010c4        0x8 c:/program files (x86)/cypress/psoc creator/4.3/psoc creator/import/gnu/arm/5.4.1/bin/../lib/gcc/arm-none-eabi/5.4.1/armv7-m/crtn.o
                0x000010cc                . = ALIGN (0x4)
                0x000010cc                __fini_array_start = .
 *(.fini_array)
 .fini_array    0x000010cc        0x4 c:/program files (x86)/cypress/psoc creator/4.3/psoc creator/import/gnu/arm/5.4.1/bin/../lib/gcc/arm-none-eabi/5.4.1/armv7-m/crtbegin.o
 *(SORT(.fini_array.*))
                0x000010d0                __fini_array_end = .
                0x000010d0                . = ALIGN (0x4)
 *crtbegin.o(.ctors)
 *(EXCLUDE_FILE(*crtend.o) .ctors)
 *(SORT(.ctors.*))
 *crtend.o(.ctors)
                0x000010d0                . = ALIGN (0x4)
 *crtbegin.o(.dtors)
 *(EXCLUDE_FILE(*crtend.o) .dtors)
 *(SORT(.dtors.*))
 *crtend.o(.dtors)
                0x000010d0                . = ALIGN (0x4)
                0x000010d0                __cy_regions = .
                0x000010d0        0x4 LONG 0x10e0 __cy_region_init_ram
                0x000010d4        0x4 LONG 0x1fff80c8 __cy_region_start_data
                0x000010d8        0x4 LONG 0x80 __cy_region_init_size_ram
                0x000010dc        0x4 LONG 0x20 __cy_region_zero_size_ram
                0x000010e0                __cy_regions_end = .
                0x000010e0                . = ALIGN (0x8)
                0x000010e0                _etext = .

.cy_checksum_exclude
                0x000010e0        0x0
 *(.cy_checksum_exclude)

.ramvectors     0x1fff8000       0xc0
                0x1fff8000                __cy_region_start_ram = .
 *(.ramvectors)
 .ramvectors    0x1fff8000       0xc0 .\CortexM3\ARM_GCC_541\Debug\Cm3Start.o
                0x1fff8000                CyRamVectors

.noinit         0x1fff80c0        0x1
 *(.noinit)
 .noinit        0x1fff80c0        0x1 .\CortexM3\ARM_GCC_541\Debug\Project.a(CyLib.o)
                0x1fff80c0                CyResetStatus

.data           0x1fff80c8       0x80 load address 0x000010e0
                0x1fff80c8                __cy_region_start_data = .
 *(.jcr)
 .jcr           0x1fff80c8        0x0 c:/program files (x86)/cypress/psoc creator/4.3/psoc creator/import/gnu/arm/5.4.1/bin/../lib/gcc/arm-none-eabi/5.4.1/armv7-m/crtbegin.o
 .jcr           0x1fff80c8        0x4 c:/program files (x86)/cypress/psoc creator/4.3/psoc creator/import/gnu/arm/5.4.1/bin/../lib/gcc/arm-none-eabi/5.4.1/armv7-m/crtend.o
 *(.got.plt)
 *(.got)
 *(.shdata)
 *(.data .data.* .gnu.linkonce.d.*)
 .data          0x1fff80cc       0x10 .\CortexM3\ARM_GCC_541\Debug\Project.a(CyLib.o)
                0x1fff80cc                cydelay_32k_ms
                0x1fff80d0                cydelay_freq_khz
                0x1fff80d4                cydelay_freq_mhz
                0x1fff80d8                cydelay_freq_hz
 .data.impure_data
                0x1fff80dc       0x60 c:/program files (x86)/cypress/psoc creator/4.3/psoc creator/import/gnu/arm/5.4.1/bin/../lib/gcc/arm-none-eabi/5.4.1/../../../../arm-none-eabi/lib/armv7-m\libg_nano.a(lib_a-impure.o)
 .data._impure_ptr
                0x1fff813c        0x4 c:/program files (x86)/cypress/psoc creator/4.3/psoc creator/import/gnu/arm/5.4.1/bin/../lib/gcc/arm-none-eabi/5.4.1/../../../../arm-none-eabi/lib/armv7-m\libg_nano.a(lib_a-impure.o)
                0x1fff813c                _impure_ptr
 .data.__ctype_ptr__
                0x1fff8140        0x4 c:/program files (x86)/cypress/psoc creator/4.3/psoc creator/import/gnu/arm/5.4.1/bin/../lib/gcc/arm-none-eabi/5.4.1/../../../../arm-none-eabi/lib/armv7-m\libg_nano.a(lib_a-ctype_.o)
                0x1fff8140                __ctype_ptr__
                0x1fff8148                . = ALIGN (0x8)
 *fill*         0x1fff8144        0x4 
 *(.ram)
                0x1fff8148                _edata = .

.igot.plt       0x1fff8148        0x0 load address 0x00001160
 .igot.plt      0x1fff8148        0x0 c:/program files (x86)/cypress/psoc creator/4.3/psoc creator/import/gnu/arm/5.4.1/bin/../lib/gcc/arm-none-eabi/5.4.1/armv7-m/crtbegin.o

.bss            0x1fff8148       0x20 load address 0x00001160
                0x1fff8148                PROVIDE (__bss_start__, .)
 *(.shbss)
 *(.bss .bss.* .gnu.linkonce.b.*)
 .bss           0x1fff8148       0x1c c:/program files (x86)/cypress/psoc creator/4.3/psoc creator/import/gnu/arm/5.4.1/bin/../lib/gcc/arm-none-eabi/5.4.1/armv7-m/crtbegin.o
 .bss           0x1fff8164        0x2 .\CortexM3\ARM_GCC_541\Debug\Project.a(LCD_Char_1.o)
                0x1fff8164                LCD_Char_1_enableState
                0x1fff8165                LCD_Char_1_initVar
 *(COMMON)
                0x1fff8168                . = ALIGN (0x8)
 *fill*         0x1fff8166        0x2 
 *(.ram.b)
                0x1fff8168                _end = .
                0x1fff8168                __end = .
                0x1fff8168                PROVIDE (end, .)
                0x1fff8168                PROVIDE (__bss_end__, .)
                0x000010e0                __cy_region_init_ram = LOADADDR (.data)
                0x00000080                __cy_region_init_size_ram = (_edata - ADDR (.data))
                0x00000020                __cy_region_zero_size_ram = (_end - _edata)

.heap           0x1fff8168       0x80 load address 0x00001160
                0x1fff8168                . = _end
                0x1fff81e8                . = (. + 0x80)
 *fill*         0x1fff8168       0x80 
                0x1fff81e8                __cy_heap_limit = .

.stack          0x20007800      0x800
                0x20007800                __cy_stack_limit = .
                0x20008000                . = (. + 0x800)
 *fill*         0x20007800      0x800 
                0x00000001                ASSERT ((__cy_stack_limit >= __cy_heap_limit), region RAM overflowed with stack)
                0x00000000                cy_checksum_exclude_size = (CY_APPL_LOADABLE == 0x1)?SIZEOF (.cy_checksum_exclude):0x0
                0x00000001                ASSERT ((cy_checksum_exclude_size <= CY_CHECKSUM_EXCLUDE_SIZE), CY_BOOT: Section .cy_checksum_exclude size exceedes specified limit.)

.cyloadermeta
 *(.cyloadermeta)

.cyloadablemeta
 *(.cyloadablemeta)

.cyconfigecc    0x80000000       0x38
 *(.cyconfigecc)
 .cyconfigecc   0x80000000       0x38 .\CortexM3\ARM_GCC_541\Debug\cymetadata.o
                0x80000000                cy_meta_configecc

.cycustnvl      0x90000000        0x4
 *(.cycustnvl)
 .cycustnvl     0x90000000        0x4 .\CortexM3\ARM_GCC_541\Debug\cymetadata.o
                0x90000000                cy_meta_custnvl

.cywolatch      0x90100000        0x4
 *(.cywolatch)
 .cywolatch     0x90100000        0x4 .\CortexM3\ARM_GCC_541\Debug\cymetadata.o
                0x90100000                cy_meta_wonvl

.cyeeprom       0x90200000        0x0
 *(.cyeeprom)
                0x00000001                ASSERT ((. <= ((0x90200000 + ee_offset) + ee_size)), .cyeeprom data will not fit in EEPROM)

.cyflashprotect
                0x90400000      0x100
 *(.cyflashprotect)
 .cyflashprotect
                0x90400000      0x100 .\CortexM3\ARM_GCC_541\Debug\cymetadata.o
                0x90400000                cy_meta_flashprotect

.cymeta         0x90500000        0xc
 *(.cymeta)
 .cymeta        0x90500000        0xc .\CortexM3\ARM_GCC_541\Debug\cymetadata.o
                0x90500000                cy_metadata

.rel.dyn        0x00001160        0x0 load address 0x9050000c
 .rel.iplt      0x00001160        0x0 c:/program files (x86)/cypress/psoc creator/4.3/psoc creator/import/gnu/arm/5.4.1/bin/../lib/gcc/arm-none-eabi/5.4.1/armv7-m/crtbegin.o

.stab
 *(.stab)

.stabstr
 *(.stabstr)

.debug
 *(.debug)

.line
 *(.line)

.debug_srcinfo
 *(.debug_srcinfo)

.debug_sfnames
 *(.debug_sfnames)

.debug_aranges  0x00000000      0x930
 *(.debug_aranges)
 .debug_aranges
                0x00000000       0x50 .\CortexM3\ARM_GCC_541\Debug\main.o
 .debug_aranges
                0x00000050       0x28 .\CortexM3\ARM_GCC_541\Debug\keypad.o
 .debug_aranges
                0x00000078       0x50 .\CortexM3\ARM_GCC_541\Debug\cyfitter_cfg.o
 .debug_aranges
                0x000000c8       0x18 .\CortexM3\ARM_GCC_541\Debug\cymetadata.o
 .debug_aranges
                0x000000e0       0x48 .\CortexM3\ARM_GCC_541\Debug\Cm3Start.o
 .debug_aranges
                0x00000128       0x38 .\CortexM3\ARM_GCC_541\Debug\Project.a(Switch_1.o)
 .debug_aranges
                0x00000160       0x38 .\CortexM3\ARM_GCC_541\Debug\Project.a(D1.o)
 .debug_aranges
                0x00000198       0x38 .\CortexM3\ARM_GCC_541\Debug\Project.a(D2.o)
 .debug_aranges
                0x000001d0       0x38 .\CortexM3\ARM_GCC_541\Debug\Project.a(D3.o)
 .debug_aranges
                0x00000208       0x38 .\CortexM3\ARM_GCC_541\Debug\Project.a(D4.o)
 .debug_aranges
                0x00000240      0x2a0 .\CortexM3\ARM_GCC_541\Debug\Project.a(CyLib.o)
 .debug_aranges
                0x000004e0       0x98 .\CortexM3\ARM_GCC_541\Debug\Project.a(cyPm.o)
 .debug_aranges
                0x00000578       0x38 .\CortexM3\ARM_GCC_541\Debug\Project.a(Switch_2.o)
 .debug_aranges
                0x000005b0       0x38 .\CortexM3\ARM_GCC_541\Debug\Project.a(Switch_3.o)
 .debug_aranges
                0x000005e8       0x98 .\CortexM3\ARM_GCC_541\Debug\Project.a(LCD_Char_1.o)
 .debug_aranges
                0x00000680       0x38 .\CortexM3\ARM_GCC_541\Debug\Project.a(ROW1.o)
 .debug_aranges
                0x000006b8       0x38 .\CortexM3\ARM_GCC_541\Debug\Project.a(ROW2.o)
 .debug_aranges
                0x000006f0       0x38 .\CortexM3\ARM_GCC_541\Debug\Project.a(ROW3.o)
 .debug_aranges
                0x00000728       0x38 .\CortexM3\ARM_GCC_541\Debug\Project.a(ROW0.o)
 .debug_aranges
                0x00000760       0x38 .\CortexM3\ARM_GCC_541\Debug\Project.a(COL1.o)
 .debug_aranges
                0x00000798       0x38 .\CortexM3\ARM_GCC_541\Debug\Project.a(COL2.o)
 .debug_aranges
                0x000007d0       0x38 .\CortexM3\ARM_GCC_541\Debug\Project.a(COL3.o)
 .debug_aranges
                0x00000808       0x20 .\CortexM3\ARM_GCC_541\Debug\Project.a(CyBootAsmGnu.o)
 .debug_aranges
                0x00000828       0x88 .\CortexM3\ARM_GCC_541\Debug\Project.a(CyFlash.o)
 .debug_aranges
                0x000008b0       0x80 .\CortexM3\ARM_GCC_541\Debug\Project.a(CySpc.o)

.debug_pubnames
 *(.debug_pubnames)

.debug_info     0x00000000     0x585e
 *(.debug_info .gnu.linkonce.wi.*)
 .debug_info    0x00000000      0xaf1 .\CortexM3\ARM_GCC_541\Debug\main.o
 .debug_info    0x00000af1      0x380 .\CortexM3\ARM_GCC_541\Debug\keypad.o
 .debug_info    0x00000e71      0x465 .\CortexM3\ARM_GCC_541\Debug\cyfitter_cfg.o
 .debug_info    0x000012d6      0x134 .\CortexM3\ARM_GCC_541\Debug\cymetadata.o
 .debug_info    0x0000140a      0x3bb .\CortexM3\ARM_GCC_541\Debug\Cm3Start.o
 .debug_info    0x000017c5      0x11f .\CortexM3\ARM_GCC_541\Debug\Project.a(Switch_1.o)
 .debug_info    0x000018e4      0x11f .\CortexM3\ARM_GCC_541\Debug\Project.a(D1.o)
 .debug_info    0x00001a03      0x11f .\CortexM3\ARM_GCC_541\Debug\Project.a(D2.o)
 .debug_info    0x00001b22      0x11f .\CortexM3\ARM_GCC_541\Debug\Project.a(D3.o)
 .debug_info    0x00001c41      0x11f .\CortexM3\ARM_GCC_541\Debug\Project.a(D4.o)
 .debug_info    0x00001d60     0x1374 .\CortexM3\ARM_GCC_541\Debug\Project.a(CyLib.o)
 .debug_info    0x000030d4      0xa2a .\CortexM3\ARM_GCC_541\Debug\Project.a(cyPm.o)
 .debug_info    0x00003afe      0x11f .\CortexM3\ARM_GCC_541\Debug\Project.a(Switch_2.o)
 .debug_info    0x00003c1d      0x11f .\CortexM3\ARM_GCC_541\Debug\Project.a(Switch_3.o)
 .debug_info    0x00003d3c      0x715 .\CortexM3\ARM_GCC_541\Debug\Project.a(LCD_Char_1.o)
 .debug_info    0x00004451      0x11f .\CortexM3\ARM_GCC_541\Debug\Project.a(ROW1.o)
 .debug_info    0x00004570      0x11f .\CortexM3\ARM_GCC_541\Debug\Project.a(ROW2.o)
 .debug_info    0x0000468f      0x11f .\CortexM3\ARM_GCC_541\Debug\Project.a(ROW3.o)
 .debug_info    0x000047ae      0x11f .\CortexM3\ARM_GCC_541\Debug\Project.a(ROW0.o)
 .debug_info    0x000048cd      0x11f .\CortexM3\ARM_GCC_541\Debug\Project.a(COL1.o)
 .debug_info    0x000049ec      0x11f .\CortexM3\ARM_GCC_541\Debug\Project.a(COL2.o)
 .debug_info    0x00004b0b      0x11f .\CortexM3\ARM_GCC_541\Debug\Project.a(COL3.o)
 .debug_info    0x00004c2a       0x97 .\CortexM3\ARM_GCC_541\Debug\Project.a(CyBootAsmGnu.o)
 .debug_info    0x00004cc1      0x64d .\CortexM3\ARM_GCC_541\Debug\Project.a(CyFlash.o)
 .debug_info    0x0000530e      0x550 .\CortexM3\ARM_GCC_541\Debug\Project.a(CySpc.o)

.debug_abbrev   0x00000000     0x16e1
 *(.debug_abbrev)
 .debug_abbrev  0x00000000      0x1a6 .\CortexM3\ARM_GCC_541\Debug\main.o
 .debug_abbrev  0x000001a6       0xc5 .\CortexM3\ARM_GCC_541\Debug\keypad.o
 .debug_abbrev  0x0000026b      0x1ac .\CortexM3\ARM_GCC_541\Debug\cyfitter_cfg.o
 .debug_abbrev  0x00000417       0x5d .\CortexM3\ARM_GCC_541\Debug\cymetadata.o
 .debug_abbrev  0x00000474      0x1e8 .\CortexM3\ARM_GCC_541\Debug\Cm3Start.o
 .debug_abbrev  0x0000065c       0x90 .\CortexM3\ARM_GCC_541\Debug\Project.a(Switch_1.o)
 .debug_abbrev  0x000006ec       0x90 .\CortexM3\ARM_GCC_541\Debug\Project.a(D1.o)
 .debug_abbrev  0x0000077c       0x90 .\CortexM3\ARM_GCC_541\Debug\Project.a(D2.o)
 .debug_abbrev  0x0000080c       0x90 .\CortexM3\ARM_GCC_541\Debug\Project.a(D3.o)
 .debug_abbrev  0x0000089c       0x90 .\CortexM3\ARM_GCC_541\Debug\Project.a(D4.o)
 .debug_abbrev  0x0000092c      0x254 .\CortexM3\ARM_GCC_541\Debug\Project.a(CyLib.o)
 .debug_abbrev  0x00000b80      0x1ab .\CortexM3\ARM_GCC_541\Debug\Project.a(cyPm.o)
 .debug_abbrev  0x00000d2b       0x90 .\CortexM3\ARM_GCC_541\Debug\Project.a(Switch_2.o)
 .debug_abbrev  0x00000dbb       0x90 .\CortexM3\ARM_GCC_541\Debug\Project.a(Switch_3.o)
 .debug_abbrev  0x00000e4b      0x157 .\CortexM3\ARM_GCC_541\Debug\Project.a(LCD_Char_1.o)
 .debug_abbrev  0x00000fa2       0x90 .\CortexM3\ARM_GCC_541\Debug\Project.a(ROW1.o)
 .debug_abbrev  0x00001032       0x90 .\CortexM3\ARM_GCC_541\Debug\Project.a(ROW2.o)
 .debug_abbrev  0x000010c2       0x90 .\CortexM3\ARM_GCC_541\Debug\Project.a(ROW3.o)
 .debug_abbrev  0x00001152       0x90 .\CortexM3\ARM_GCC_541\Debug\Project.a(ROW0.o)
 .debug_abbrev  0x000011e2       0x90 .\CortexM3\ARM_GCC_541\Debug\Project.a(COL1.o)
 .debug_abbrev  0x00001272       0x90 .\CortexM3\ARM_GCC_541\Debug\Project.a(COL2.o)
 .debug_abbrev  0x00001302       0x90 .\CortexM3\ARM_GCC_541\Debug\Project.a(COL3.o)
 .debug_abbrev  0x00001392       0x14 .\CortexM3\ARM_GCC_541\Debug\Project.a(CyBootAsmGnu.o)
 .debug_abbrev  0x000013a6      0x1a7 .\CortexM3\ARM_GCC_541\Debug\Project.a(CyFlash.o)
 .debug_abbrev  0x0000154d      0x194 .\CortexM3\ARM_GCC_541\Debug\Project.a(CySpc.o)

.debug_line     0x00000000     0x24a0
 *(.debug_line)
 .debug_line    0x00000000      0x363 .\CortexM3\ARM_GCC_541\Debug\main.o
 .debug_line    0x00000363      0x1ec .\CortexM3\ARM_GCC_541\Debug\keypad.o
 .debug_line    0x0000054f      0x1aa .\CortexM3\ARM_GCC_541\Debug\cyfitter_cfg.o
 .debug_line    0x000006f9      0x141 .\CortexM3\ARM_GCC_541\Debug\cymetadata.o
 .debug_line    0x0000083a      0x234 .\CortexM3\ARM_GCC_541\Debug\Cm3Start.o
 .debug_line    0x00000a6e       0x95 .\CortexM3\ARM_GCC_541\Debug\Project.a(Switch_1.o)
 .debug_line    0x00000b03       0x8f .\CortexM3\ARM_GCC_541\Debug\Project.a(D1.o)
 .debug_line    0x00000b92       0x8f .\CortexM3\ARM_GCC_541\Debug\Project.a(D2.o)
 .debug_line    0x00000c21       0x8f .\CortexM3\ARM_GCC_541\Debug\Project.a(D3.o)
 .debug_line    0x00000cb0       0x8f .\CortexM3\ARM_GCC_541\Debug\Project.a(D4.o)
 .debug_line    0x00000d3f      0x816 .\CortexM3\ARM_GCC_541\Debug\Project.a(CyLib.o)
 .debug_line    0x00001555      0x367 .\CortexM3\ARM_GCC_541\Debug\Project.a(cyPm.o)
 .debug_line    0x000018bc       0x95 .\CortexM3\ARM_GCC_541\Debug\Project.a(Switch_2.o)
 .debug_line    0x00001951       0x95 .\CortexM3\ARM_GCC_541\Debug\Project.a(Switch_3.o)
 .debug_line    0x000019e6      0x1e3 .\CortexM3\ARM_GCC_541\Debug\Project.a(LCD_Char_1.o)
 .debug_line    0x00001bc9       0x91 .\CortexM3\ARM_GCC_541\Debug\Project.a(ROW1.o)
 .debug_line    0x00001c5a       0x91 .\CortexM3\ARM_GCC_541\Debug\Project.a(ROW2.o)
 .debug_line    0x00001ceb       0x91 .\CortexM3\ARM_GCC_541\Debug\Project.a(ROW3.o)
 .debug_line    0x00001d7c       0x91 .\CortexM3\ARM_GCC_541\Debug\Project.a(ROW0.o)
 .debug_line    0x00001e0d       0x91 .\CortexM3\ARM_GCC_541\Debug\Project.a(COL1.o)
 .debug_line    0x00001e9e       0x91 .\CortexM3\ARM_GCC_541\Debug\Project.a(COL2.o)
 .debug_line    0x00001f2f       0x91 .\CortexM3\ARM_GCC_541\Debug\Project.a(COL3.o)
 .debug_line    0x00001fc0       0x66 .\CortexM3\ARM_GCC_541\Debug\Project.a(CyBootAsmGnu.o)
 .debug_line    0x00002026      0x21a .\CortexM3\ARM_GCC_541\Debug\Project.a(CyFlash.o)
 .debug_line    0x00002240      0x260 .\CortexM3\ARM_GCC_541\Debug\Project.a(CySpc.o)

.debug_frame    0x00000000     0x1664
 *(.debug_frame)
 .debug_frame   0x00000000       0xf4 .\CortexM3\ARM_GCC_541\Debug\main.o
 .debug_frame   0x000000f4       0x48 .\CortexM3\ARM_GCC_541\Debug\keypad.o
 .debug_frame   0x0000013c       0xb8 .\CortexM3\ARM_GCC_541\Debug\cyfitter_cfg.o
 .debug_frame   0x000001f4       0xb8 .\CortexM3\ARM_GCC_541\Debug\Cm3Start.o
 .debug_frame   0x000002ac       0x50 .\CortexM3\ARM_GCC_541\Debug\Project.a(Switch_1.o)
 .debug_frame   0x000002fc       0x50 .\CortexM3\ARM_GCC_541\Debug\Project.a(D1.o)
 .debug_frame   0x0000034c       0x50 .\CortexM3\ARM_GCC_541\Debug\Project.a(D2.o)
 .debug_frame   0x0000039c       0x50 .\CortexM3\ARM_GCC_541\Debug\Project.a(D3.o)
 .debug_frame   0x000003ec       0x50 .\CortexM3\ARM_GCC_541\Debug\Project.a(D4.o)
 .debug_frame   0x0000043c      0x738 .\CortexM3\ARM_GCC_541\Debug\Project.a(CyLib.o)
 .debug_frame   0x00000b74      0x1f8 .\CortexM3\ARM_GCC_541\Debug\Project.a(cyPm.o)
 .debug_frame   0x00000d6c       0x50 .\CortexM3\ARM_GCC_541\Debug\Project.a(Switch_2.o)
 .debug_frame   0x00000dbc       0x50 .\CortexM3\ARM_GCC_541\Debug\Project.a(Switch_3.o)
 .debug_frame   0x00000e0c      0x1e8 .\CortexM3\ARM_GCC_541\Debug\Project.a(LCD_Char_1.o)
 .debug_frame   0x00000ff4       0x50 .\CortexM3\ARM_GCC_541\Debug\Project.a(ROW1.o)
 .debug_frame   0x00001044       0x50 .\CortexM3\ARM_GCC_541\Debug\Project.a(ROW2.o)
 .debug_frame   0x00001094       0x50 .\CortexM3\ARM_GCC_541\Debug\Project.a(ROW3.o)
 .debug_frame   0x000010e4       0x50 .\CortexM3\ARM_GCC_541\Debug\Project.a(ROW0.o)
 .debug_frame   0x00001134       0x50 .\CortexM3\ARM_GCC_541\Debug\Project.a(COL1.o)
 .debug_frame   0x00001184       0x50 .\CortexM3\ARM_GCC_541\Debug\Project.a(COL2.o)
 .debug_frame   0x000011d4       0x50 .\CortexM3\ARM_GCC_541\Debug\Project.a(COL3.o)
 .debug_frame   0x00001224      0x194 .\CortexM3\ARM_GCC_541\Debug\Project.a(CyFlash.o)
 .debug_frame   0x000013b8      0x180 .\CortexM3\ARM_GCC_541\Debug\Project.a(CySpc.o)
 .debug_frame   0x00001538       0x20 c:/program files (x86)/cypress/psoc creator/4.3/psoc creator/import/gnu/arm/5.4.1/bin/../lib/gcc/arm-none-eabi/5.4.1/../../../../arm-none-eabi/lib/armv7-m\libg_nano.a(lib_a-errno.o)
 .debug_frame   0x00001558       0x28 c:/program files (x86)/cypress/psoc creator/4.3/psoc creator/import/gnu/arm/5.4.1/bin/../lib/gcc/arm-none-eabi/5.4.1/../../../../arm-none-eabi/lib/armv7-m\libg_nano.a(lib_a-exit.o)
 .debug_frame   0x00001580       0x2c c:/program files (x86)/cypress/psoc creator/4.3/psoc creator/import/gnu/arm/5.4.1/bin/../lib/gcc/arm-none-eabi/5.4.1/../../../../arm-none-eabi/lib/armv7-m\libg_nano.a(lib_a-init.o)
 .debug_frame   0x000015ac       0x28 c:/program files (x86)/cypress/psoc creator/4.3/psoc creator/import/gnu/arm/5.4.1/bin/../lib/gcc/arm-none-eabi/5.4.1/../../../../arm-none-eabi/lib/armv7-m\libg_nano.a(lib_a-memcpy-stub.o)
 .debug_frame   0x000015d4       0x20 c:/program files (x86)/cypress/psoc creator/4.3/psoc creator/import/gnu/arm/5.4.1/bin/../lib/gcc/arm-none-eabi/5.4.1/../../../../arm-none-eabi/lib/armv7-m\libg_nano.a(lib_a-memset.o)
 .debug_frame   0x000015f4       0x28 c:/program files (x86)/cypress/psoc creator/4.3/psoc creator/import/gnu/arm/5.4.1/bin/../lib/gcc/arm-none-eabi/5.4.1/../../../../arm-none-eabi/lib/armv7-m\libg_nano.a(lib_a-strcat.o)
 .debug_frame   0x0000161c       0x20 c:/program files (x86)/cypress/psoc creator/4.3/psoc creator/import/gnu/arm/5.4.1/bin/../lib/gcc/arm-none-eabi/5.4.1/../../../../arm-none-eabi/lib/armv7-m\libg_nano.a(lib_a-strcmp.o)
 .debug_frame   0x0000163c       0x28 c:/program files (x86)/cypress/psoc creator/4.3/psoc creator/import/gnu/arm/5.4.1/bin/../lib/gcc/arm-none-eabi/5.4.1/../../../../arm-none-eabi/lib/armv7-m\libg_nano.a(lib_a-strlwr.o)

.debug_str      0x00000000     0x1a66
 *(.debug_str)
 .debug_str     0x00000000      0x321 .\CortexM3\ARM_GCC_541\Debug\main.o
                                0x369 (size before relaxing)
 .debug_str     0x00000321       0x5c .\CortexM3\ARM_GCC_541\Debug\keypad.o
                                0x223 (size before relaxing)
 .debug_str     0x0000037d      0x130 .\CortexM3\ARM_GCC_541\Debug\cyfitter_cfg.o
                                0x2bf (size before relaxing)
 .debug_str     0x000004ad       0x75 .\CortexM3\ARM_GCC_541\Debug\cymetadata.o
                                0x1eb (size before relaxing)
 .debug_str     0x00000522      0x14a .\CortexM3\ARM_GCC_541\Debug\Cm3Start.o
                                0x311 (size before relaxing)
 .debug_str     0x0000066c       0x72 .\CortexM3\ARM_GCC_541\Debug\Project.a(Switch_1.o)
                                0x1f8 (size before relaxing)
 .debug_str     0x000006de       0x43 .\CortexM3\ARM_GCC_541\Debug\Project.a(D1.o)
                                0x1da (size before relaxing)
 .debug_str     0x00000721       0x43 .\CortexM3\ARM_GCC_541\Debug\Project.a(D2.o)
                                0x1da (size before relaxing)
 .debug_str     0x00000764       0x43 .\CortexM3\ARM_GCC_541\Debug\Project.a(D3.o)
                                0x1da (size before relaxing)
 .debug_str     0x000007a7       0x43 .\CortexM3\ARM_GCC_541\Debug\Project.a(D4.o)
                                0x1da (size before relaxing)
 .debug_str     0x000007ea      0x847 .\CortexM3\ARM_GCC_541\Debug\Project.a(CyLib.o)
                                0xa4e (size before relaxing)
 .debug_str     0x00001031      0x365 .\CortexM3\ARM_GCC_541\Debug\Project.a(cyPm.o)
                                0x73a (size before relaxing)
 .debug_str     0x00001396       0x5c .\CortexM3\ARM_GCC_541\Debug\Project.a(Switch_2.o)
                                0x1f8 (size before relaxing)
 .debug_str     0x000013f2       0x5c .\CortexM3\ARM_GCC_541\Debug\Project.a(Switch_3.o)
                                0x1f8 (size before relaxing)
 .debug_str     0x0000144e      0x199 .\CortexM3\ARM_GCC_541\Debug\Project.a(LCD_Char_1.o)
                                0x3be (size before relaxing)
 .debug_str     0x000015e7       0x4c .\CortexM3\ARM_GCC_541\Debug\Project.a(ROW1.o)
                                0x1e4 (size before relaxing)
 .debug_str     0x00001633       0x4c .\CortexM3\ARM_GCC_541\Debug\Project.a(ROW2.o)
                                0x1e4 (size before relaxing)
 .debug_str     0x0000167f       0x4c .\CortexM3\ARM_GCC_541\Debug\Project.a(ROW3.o)
                                0x1e4 (size before relaxing)
 .debug_str     0x000016cb       0x4c .\CortexM3\ARM_GCC_541\Debug\Project.a(ROW0.o)
                                0x1e4 (size before relaxing)
 .debug_str     0x00001717       0x4b .\CortexM3\ARM_GCC_541\Debug\Project.a(COL1.o)
                                0x1e4 (size before relaxing)
 .debug_str     0x00001762       0x4b .\CortexM3\ARM_GCC_541\Debug\Project.a(COL2.o)
                                0x1e4 (size before relaxing)
 .debug_str     0x000017ad       0x4b .\CortexM3\ARM_GCC_541\Debug\Project.a(COL3.o)
                                0x1e4 (size before relaxing)
 .debug_str     0x000017f8      0x1bb .\CortexM3\ARM_GCC_541\Debug\Project.a(CyFlash.o)
                                0x3c7 (size before relaxing)
 .debug_str     0x000019b3       0xb3 .\CortexM3\ARM_GCC_541\Debug\Project.a(CySpc.o)
                                0x33f (size before relaxing)

.debug_loc      0x00000000     0x2208
 *(.debug_loc)
 .debug_loc     0x00000000      0x14e .\CortexM3\ARM_GCC_541\Debug\main.o
 .debug_loc     0x0000014e      0x168 .\CortexM3\ARM_GCC_541\Debug\cyfitter_cfg.o
 .debug_loc     0x000002b6      0x144 .\CortexM3\ARM_GCC_541\Debug\Cm3Start.o
 .debug_loc     0x000003fa       0x42 .\CortexM3\ARM_GCC_541\Debug\Project.a(Switch_1.o)
 .debug_loc     0x0000043c       0x42 .\CortexM3\ARM_GCC_541\Debug\Project.a(D1.o)
 .debug_loc     0x0000047e       0x42 .\CortexM3\ARM_GCC_541\Debug\Project.a(D2.o)
 .debug_loc     0x000004c0       0x42 .\CortexM3\ARM_GCC_541\Debug\Project.a(D3.o)
 .debug_loc     0x00000502       0x42 .\CortexM3\ARM_GCC_541\Debug\Project.a(D4.o)
 .debug_loc     0x00000544      0xa11 .\CortexM3\ARM_GCC_541\Debug\Project.a(CyLib.o)
 .debug_loc     0x00000f55      0x1e4 .\CortexM3\ARM_GCC_541\Debug\Project.a(cyPm.o)
 .debug_loc     0x00001139       0x42 .\CortexM3\ARM_GCC_541\Debug\Project.a(Switch_2.o)
 .debug_loc     0x0000117b       0x42 .\CortexM3\ARM_GCC_541\Debug\Project.a(Switch_3.o)
 .debug_loc     0x000011bd      0x3c6 .\CortexM3\ARM_GCC_541\Debug\Project.a(LCD_Char_1.o)
 .debug_loc     0x00001583       0x42 .\CortexM3\ARM_GCC_541\Debug\Project.a(ROW1.o)
 .debug_loc     0x000015c5       0x42 .\CortexM3\ARM_GCC_541\Debug\Project.a(ROW2.o)
 .debug_loc     0x00001607       0x42 .\CortexM3\ARM_GCC_541\Debug\Project.a(ROW3.o)
 .debug_loc     0x00001649       0x42 .\CortexM3\ARM_GCC_541\Debug\Project.a(ROW0.o)
 .debug_loc     0x0000168b       0x42 .\CortexM3\ARM_GCC_541\Debug\Project.a(COL1.o)
 .debug_loc     0x000016cd       0x42 .\CortexM3\ARM_GCC_541\Debug\Project.a(COL2.o)
 .debug_loc     0x0000170f       0x42 .\CortexM3\ARM_GCC_541\Debug\Project.a(COL3.o)
 .debug_loc     0x00001751      0x3b2 .\CortexM3\ARM_GCC_541\Debug\Project.a(CyFlash.o)
 .debug_loc     0x00001b03      0x705 .\CortexM3\ARM_GCC_541\Debug\Project.a(CySpc.o)

.debug_macinfo
 *(.debug_macinfo)

.debug_ranges   0x00000000      0x7a0
 *(.debug_ranges)
 .debug_ranges  0x00000000       0x58 .\CortexM3\ARM_GCC_541\Debug\main.o
 .debug_ranges  0x00000058       0x18 .\CortexM3\ARM_GCC_541\Debug\keypad.o
 .debug_ranges  0x00000070       0x40 .\CortexM3\ARM_GCC_541\Debug\cyfitter_cfg.o
 .debug_ranges  0x000000b0       0x38 .\CortexM3\ARM_GCC_541\Debug\Cm3Start.o
 .debug_ranges  0x000000e8       0x28 .\CortexM3\ARM_GCC_541\Debug\Project.a(Switch_1.o)
 .debug_ranges  0x00000110       0x28 .\CortexM3\ARM_GCC_541\Debug\Project.a(D1.o)
 .debug_ranges  0x00000138       0x28 .\CortexM3\ARM_GCC_541\Debug\Project.a(D2.o)
 .debug_ranges  0x00000160       0x28 .\CortexM3\ARM_GCC_541\Debug\Project.a(D3.o)
 .debug_ranges  0x00000188       0x28 .\CortexM3\ARM_GCC_541\Debug\Project.a(D4.o)
 .debug_ranges  0x000001b0      0x290 .\CortexM3\ARM_GCC_541\Debug\Project.a(CyLib.o)
 .debug_ranges  0x00000440       0x88 .\CortexM3\ARM_GCC_541\Debug\Project.a(cyPm.o)
 .debug_ranges  0x000004c8       0x28 .\CortexM3\ARM_GCC_541\Debug\Project.a(Switch_2.o)
 .debug_ranges  0x000004f0       0x28 .\CortexM3\ARM_GCC_541\Debug\Project.a(Switch_3.o)
 .debug_ranges  0x00000518       0x88 .\CortexM3\ARM_GCC_541\Debug\Project.a(LCD_Char_1.o)
 .debug_ranges  0x000005a0       0x28 .\CortexM3\ARM_GCC_541\Debug\Project.a(ROW1.o)
 .debug_ranges  0x000005c8       0x28 .\CortexM3\ARM_GCC_541\Debug\Project.a(ROW2.o)
 .debug_ranges  0x000005f0       0x28 .\CortexM3\ARM_GCC_541\Debug\Project.a(ROW3.o)
 .debug_ranges  0x00000618       0x28 .\CortexM3\ARM_GCC_541\Debug\Project.a(ROW0.o)
 .debug_ranges  0x00000640       0x28 .\CortexM3\ARM_GCC_541\Debug\Project.a(COL1.o)
 .debug_ranges  0x00000668       0x28 .\CortexM3\ARM_GCC_541\Debug\Project.a(COL2.o)
 .debug_ranges  0x00000690       0x28 .\CortexM3\ARM_GCC_541\Debug\Project.a(COL3.o)
 .debug_ranges  0x000006b8       0x78 .\CortexM3\ARM_GCC_541\Debug\Project.a(CyFlash.o)
 .debug_ranges  0x00000730       0x70 .\CortexM3\ARM_GCC_541\Debug\Project.a(CySpc.o)

.comment        0x00000000       0x6e
 .comment       0x00000000       0x6e .\CortexM3\ARM_GCC_541\Debug\main.o
                                 0x6f (size before relaxing)
 .comment       0x0000006e       0x6f .\CortexM3\ARM_GCC_541\Debug\keypad.o
 .comment       0x0000006e       0x6f .\CortexM3\ARM_GCC_541\Debug\cyfitter_cfg.o
 .comment       0x0000006e       0x6f .\CortexM3\ARM_GCC_541\Debug\cymetadata.o
 .comment       0x0000006e       0x6f .\CortexM3\ARM_GCC_541\Debug\Cm3Start.o
 .comment       0x0000006e       0x6f .\CortexM3\ARM_GCC_541\Debug\Project.a(Switch_1.o)
 .comment       0x0000006e       0x6f .\CortexM3\ARM_GCC_541\Debug\Project.a(D1.o)
 .comment       0x0000006e       0x6f .\CortexM3\ARM_GCC_541\Debug\Project.a(D2.o)
 .comment       0x0000006e       0x6f .\CortexM3\ARM_GCC_541\Debug\Project.a(D3.o)
 .comment       0x0000006e       0x6f .\CortexM3\ARM_GCC_541\Debug\Project.a(D4.o)
 .comment       0x0000006e       0x6f .\CortexM3\ARM_GCC_541\Debug\Project.a(CyLib.o)
 .comment       0x0000006e       0x6f .\CortexM3\ARM_GCC_541\Debug\Project.a(cyPm.o)
 .comment       0x0000006e       0x6f .\CortexM3\ARM_GCC_541\Debug\Project.a(Switch_2.o)
 .comment       0x0000006e       0x6f .\CortexM3\ARM_GCC_541\Debug\Project.a(Switch_3.o)
 .comment       0x0000006e       0x6f .\CortexM3\ARM_GCC_541\Debug\Project.a(LCD_Char_1.o)
 .comment       0x0000006e       0x6f .\CortexM3\ARM_GCC_541\Debug\Project.a(ROW1.o)
 .comment       0x0000006e       0x6f .\CortexM3\ARM_GCC_541\Debug\Project.a(ROW2.o)
 .comment       0x0000006e       0x6f .\CortexM3\ARM_GCC_541\Debug\Project.a(ROW3.o)
 .comment       0x0000006e       0x6f .\CortexM3\ARM_GCC_541\Debug\Project.a(ROW0.o)
 .comment       0x0000006e       0x6f .\CortexM3\ARM_GCC_541\Debug\Project.a(COL1.o)
 .comment       0x0000006e       0x6f .\CortexM3\ARM_GCC_541\Debug\Project.a(COL2.o)
 .comment       0x0000006e       0x6f .\CortexM3\ARM_GCC_541\Debug\Project.a(COL3.o)
 .comment       0x0000006e       0x6f .\CortexM3\ARM_GCC_541\Debug\Project.a(CyFlash.o)
 .comment       0x0000006e       0x6f .\CortexM3\ARM_GCC_541\Debug\Project.a(CySpc.o)

.debug_weaknames
 *(.debug_weaknames)

.debug_funcnames
 *(.debug_funcnames)

.debug_typenames
 *(.debug_typenames)

.debug_varnames
 *(.debug_varnames)

.note.gnu.arm.ident
 *(.note.gnu.arm.ident)

.ARM.attributes
                0x00000000       0x29
 *(.ARM.attributes)
 .ARM.attributes
                0x00000000       0x1d c:/program files (x86)/cypress/psoc creator/4.3/psoc creator/import/gnu/arm/5.4.1/bin/../lib/gcc/arm-none-eabi/5.4.1/armv7-m/crti.o
 .ARM.attributes
                0x0000001d       0x2d c:/program files (x86)/cypress/psoc creator/4.3/psoc creator/import/gnu/arm/5.4.1/bin/../lib/gcc/arm-none-eabi/5.4.1/armv7-m/crtbegin.o
 .ARM.attributes
                0x0000004a       0x1b c:/program files (x86)/cypress/psoc creator/4.3/psoc creator/import/gnu/arm/5.4.1/bin/../lib/gcc/arm-none-eabi/5.4.1/../../../../arm-none-eabi/lib/armv7-m/crt0.o
 .ARM.attributes
                0x00000065       0x33 .\CortexM3\ARM_GCC_541\Debug\main.o
 .ARM.attributes
                0x00000098       0x33 .\CortexM3\ARM_GCC_541\Debug\keypad.o
 .ARM.attributes
                0x000000cb       0x33 .\CortexM3\ARM_GCC_541\Debug\cyfitter_cfg.o
 .ARM.attributes
                0x000000fe       0x33 .\CortexM3\ARM_GCC_541\Debug\cymetadata.o
 .ARM.attributes
                0x00000131       0x33 .\CortexM3\ARM_GCC_541\Debug\Cm3Start.o
 .ARM.attributes
                0x00000164       0x33 .\CortexM3\ARM_GCC_541\Debug\Project.a(Switch_1.o)
 .ARM.attributes
                0x00000197       0x33 .\CortexM3\ARM_GCC_541\Debug\Project.a(D1.o)
 .ARM.attributes
                0x000001ca       0x33 .\CortexM3\ARM_GCC_541\Debug\Project.a(D2.o)
 .ARM.attributes
                0x000001fd       0x33 .\CortexM3\ARM_GCC_541\Debug\Project.a(D3.o)
 .ARM.attributes
                0x00000230       0x33 .\CortexM3\ARM_GCC_541\Debug\Project.a(D4.o)
 .ARM.attributes
                0x00000263       0x33 .\CortexM3\ARM_GCC_541\Debug\Project.a(CyLib.o)
 .ARM.attributes
                0x00000296       0x33 .\CortexM3\ARM_GCC_541\Debug\Project.a(cyPm.o)
 .ARM.attributes
                0x000002c9       0x33 .\CortexM3\ARM_GCC_541\Debug\Project.a(Switch_2.o)
 .ARM.attributes
                0x000002fc       0x33 .\CortexM3\ARM_GCC_541\Debug\Project.a(Switch_3.o)
 .ARM.attributes
                0x0000032f       0x33 .\CortexM3\ARM_GCC_541\Debug\Project.a(LCD_Char_1.o)
 .ARM.attributes
                0x00000362       0x33 .\CortexM3\ARM_GCC_541\Debug\Project.a(ROW1.o)
 .ARM.attributes
                0x00000395       0x33 .\CortexM3\ARM_GCC_541\Debug\Project.a(ROW2.o)
 .ARM.attributes
                0x000003c8       0x33 .\CortexM3\ARM_GCC_541\Debug\Project.a(ROW3.o)
 .ARM.attributes
                0x000003fb       0x33 .\CortexM3\ARM_GCC_541\Debug\Project.a(ROW0.o)
 .ARM.attributes
                0x0000042e       0x33 .\CortexM3\ARM_GCC_541\Debug\Project.a(COL1.o)
 .ARM.attributes
                0x00000461       0x33 .\CortexM3\ARM_GCC_541\Debug\Project.a(COL2.o)
 .ARM.attributes
                0x00000494       0x33 .\CortexM3\ARM_GCC_541\Debug\Project.a(COL3.o)
 .ARM.attributes
                0x000004c7       0x21 .\CortexM3\ARM_GCC_541\Debug\Project.a(CyBootAsmGnu.o)
 .ARM.attributes
                0x000004e8       0x33 .\CortexM3\ARM_GCC_541\Debug\Project.a(CyFlash.o)
 .ARM.attributes
                0x0000051b       0x33 .\CortexM3\ARM_GCC_541\Debug\Project.a(CySpc.o)
 .ARM.attributes
                0x0000054e       0x2d c:/program files (x86)/cypress/psoc creator/4.3/psoc creator/import/gnu/arm/5.4.1/bin/../lib/gcc/arm-none-eabi/5.4.1/../../../../arm-none-eabi/lib/armv7-m\libg_nano.a(lib_a-errno.o)
 .ARM.attributes
                0x0000057b       0x2d c:/program files (x86)/cypress/psoc creator/4.3/psoc creator/import/gnu/arm/5.4.1/bin/../lib/gcc/arm-none-eabi/5.4.1/../../../../arm-none-eabi/lib/armv7-m\libg_nano.a(lib_a-exit.o)
 .ARM.attributes
                0x000005a8       0x2d c:/program files (x86)/cypress/psoc creator/4.3/psoc creator/import/gnu/arm/5.4.1/bin/../lib/gcc/arm-none-eabi/5.4.1/../../../../arm-none-eabi/lib/armv7-m\libg_nano.a(lib_a-impure.o)
 .ARM.attributes
                0x000005d5       0x2d c:/program files (x86)/cypress/psoc creator/4.3/psoc creator/import/gnu/arm/5.4.1/bin/../lib/gcc/arm-none-eabi/5.4.1/../../../../arm-none-eabi/lib/armv7-m\libg_nano.a(lib_a-init.o)
 .ARM.attributes
                0x00000602       0x2d c:/program files (x86)/cypress/psoc creator/4.3/psoc creator/import/gnu/arm/5.4.1/bin/../lib/gcc/arm-none-eabi/5.4.1/../../../../arm-none-eabi/lib/armv7-m\libg_nano.a(lib_a-memcpy-stub.o)
 .ARM.attributes
                0x0000062f       0x2d c:/program files (x86)/cypress/psoc creator/4.3/psoc creator/import/gnu/arm/5.4.1/bin/../lib/gcc/arm-none-eabi/5.4.1/../../../../arm-none-eabi/lib/armv7-m\libg_nano.a(lib_a-memset.o)
 .ARM.attributes
                0x0000065c       0x2d c:/program files (x86)/cypress/psoc creator/4.3/psoc creator/import/gnu/arm/5.4.1/bin/../lib/gcc/arm-none-eabi/5.4.1/../../../../arm-none-eabi/lib/armv7-m\libg_nano.a(lib_a-strcat.o)
 .ARM.attributes
                0x00000689       0x1b c:/program files (x86)/cypress/psoc creator/4.3/psoc creator/import/gnu/arm/5.4.1/bin/../lib/gcc/arm-none-eabi/5.4.1/../../../../arm-none-eabi/lib/armv7-m\libg_nano.a(lib_a-strcmp.o)
 .ARM.attributes
                0x000006a4       0x17 c:/program files (x86)/cypress/psoc creator/4.3/psoc creator/import/gnu/arm/5.4.1/bin/../lib/gcc/arm-none-eabi/5.4.1/../../../../arm-none-eabi/lib/armv7-m\libg_nano.a(lib_a-strlen.o)
 .ARM.attributes
                0x000006bb       0x2d c:/program files (x86)/cypress/psoc creator/4.3/psoc creator/import/gnu/arm/5.4.1/bin/../lib/gcc/arm-none-eabi/5.4.1/../../../../arm-none-eabi/lib/armv7-m\libg_nano.a(lib_a-strlwr.o)
 .ARM.attributes
                0x000006e8       0x2d c:/program files (x86)/cypress/psoc creator/4.3/psoc creator/import/gnu/arm/5.4.1/bin/../lib/gcc/arm-none-eabi/5.4.1/../../../../arm-none-eabi/lib/armv7-m\libg_nano.a(lib_a-ctype_.o)
 .ARM.attributes
                0x00000715       0x2d c:/program files (x86)/cypress/psoc creator/4.3/psoc creator/import/gnu/arm/5.4.1/bin/../lib/gcc/arm-none-eabi/5.4.1/armv7-m/crtend.o
 .ARM.attributes
                0x00000742       0x1d c:/program files (x86)/cypress/psoc creator/4.3/psoc creator/import/gnu/arm/5.4.1/bin/../lib/gcc/arm-none-eabi/5.4.1/armv7-m/crtn.o

/DISCARD/
 *(.note.GNU-stack)
OUTPUT(C:\Users\Victor\Documents\GitHub\DigitalElectronicsProject\Project.cydsn\CortexM3\ARM_GCC_541\Debug\Project.elf elf32-littlearm)
