Archive member included to satisfy reference by file (symbol)

.\CortexM3\ARM_GCC_541\Debug\Project.a(Switch_1.o)
                              .\CortexM3\ARM_GCC_541\Debug\main.o (Switch_1_Read)
.\CortexM3\ARM_GCC_541\Debug\Project.a(D1.o)
                              .\CortexM3\ARM_GCC_541\Debug\main.o (D1_Write)
.\CortexM3\ARM_GCC_541\Debug\Project.a(D2.o)
                              .\CortexM3\ARM_GCC_541\Debug\main.o (D2_Write)
.\CortexM3\ARM_GCC_541\Debug\Project.a(D3.o)
                              .\CortexM3\ARM_GCC_541\Debug\main.o (D3_Write)
.\CortexM3\ARM_GCC_541\Debug\Project.a(D4.o)
                              .\CortexM3\ARM_GCC_541\Debug\main.o (D4_Write)
.\CortexM3\ARM_GCC_541\Debug\Project.a(CyLib.o)
                              .\CortexM3\ARM_GCC_541\Debug\Cm3Start.o (CyHalt)
.\CortexM3\ARM_GCC_541\Debug\Project.a(cyPm.o)
                              .\CortexM3\ARM_GCC_541\Debug\Project.a(CyLib.o) (CyPmReadStatus)
.\CortexM3\ARM_GCC_541\Debug\Project.a(Switch_2.o)
                              .\CortexM3\ARM_GCC_541\Debug\main.o (Switch_2_Read)
.\CortexM3\ARM_GCC_541\Debug\Project.a(Switch_3.o)
                              .\CortexM3\ARM_GCC_541\Debug\main.o (Switch_3_Read)
.\CortexM3\ARM_GCC_541\Debug\Project.a(LCD_Char_1.o)
                              .\CortexM3\ARM_GCC_541\Debug\main.o (LCD_Char_1_PrintString)
.\CortexM3\ARM_GCC_541\Debug\Project.a(ROW1.o)
                              .\CortexM3\ARM_GCC_541\Debug\keypad.o (ROW1_Read)
.\CortexM3\ARM_GCC_541\Debug\Project.a(ROW2.o)
                              .\CortexM3\ARM_GCC_541\Debug\keypad.o (ROW2_Read)
.\CortexM3\ARM_GCC_541\Debug\Project.a(ROW3.o)
                              .\CortexM3\ARM_GCC_541\Debug\keypad.o (ROW3_Read)
.\CortexM3\ARM_GCC_541\Debug\Project.a(ROW0.o)
                              .\CortexM3\ARM_GCC_541\Debug\keypad.o (ROW0_Read)
.\CortexM3\ARM_GCC_541\Debug\Project.a(COL1.o)
                              .\CortexM3\ARM_GCC_541\Debug\keypad.o (COL1_Write)
.\CortexM3\ARM_GCC_541\Debug\Project.a(COL2.o)
                              .\CortexM3\ARM_GCC_541\Debug\keypad.o (COL2_Write)
.\CortexM3\ARM_GCC_541\Debug\Project.a(COL0.o)
                              .\CortexM3\ARM_GCC_541\Debug\keypad.o (COL0_Write)
.\CortexM3\ARM_GCC_541\Debug\Project.a(CyBootAsmGnu.o)
                              .\CortexM3\ARM_GCC_541\Debug\cyfitter_cfg.o (CyDelayCycles)
.\CortexM3\ARM_GCC_541\Debug\Project.a(CyFlash.o)
                              .\CortexM3\ARM_GCC_541\Debug\Project.a(cyPm.o) (CyFlash_SetWaitCycles)
.\CortexM3\ARM_GCC_541\Debug\Project.a(CySpc.o)
                              .\CortexM3\ARM_GCC_541\Debug\Project.a(CyFlash.o) (CySpcStart)
c:/program files (x86)/cypress/psoc creator/4.3/psoc creator/import/gnu/arm/5.4.1/bin/../lib/gcc/arm-none-eabi/5.4.1/../../../../arm-none-eabi/lib/armv7-m\libg_nano.a(lib_a-asprintf.o)
                              .\CortexM3\ARM_GCC_541\Debug\main.o (asprintf)
c:/program files (x86)/cypress/psoc creator/4.3/psoc creator/import/gnu/arm/5.4.1/bin/../lib/gcc/arm-none-eabi/5.4.1/../../../../arm-none-eabi/lib/armv7-m\libg_nano.a(lib_a-errno.o)
                              .\CortexM3\ARM_GCC_541\Debug\Cm3Start.o (__errno)
c:/program files (x86)/cypress/psoc creator/4.3/psoc creator/import/gnu/arm/5.4.1/bin/../lib/gcc/arm-none-eabi/5.4.1/../../../../arm-none-eabi/lib/armv7-m\libg_nano.a(lib_a-exit.o)
                              c:/program files (x86)/cypress/psoc creator/4.3/psoc creator/import/gnu/arm/5.4.1/bin/../lib/gcc/arm-none-eabi/5.4.1/../../../../arm-none-eabi/lib/armv7-m/crt0.o (exit)
c:/program files (x86)/cypress/psoc creator/4.3/psoc creator/import/gnu/arm/5.4.1/bin/../lib/gcc/arm-none-eabi/5.4.1/../../../../arm-none-eabi/lib/armv7-m\libg_nano.a(lib_a-impure.o)
                              c:/program files (x86)/cypress/psoc creator/4.3/psoc creator/import/gnu/arm/5.4.1/bin/../lib/gcc/arm-none-eabi/5.4.1/../../../../arm-none-eabi/lib/armv7-m\libg_nano.a(lib_a-exit.o) (_global_impure_ptr)
c:/program files (x86)/cypress/psoc creator/4.3/psoc creator/import/gnu/arm/5.4.1/bin/../lib/gcc/arm-none-eabi/5.4.1/../../../../arm-none-eabi/lib/armv7-m\libg_nano.a(lib_a-init.o)
                              c:/program files (x86)/cypress/psoc creator/4.3/psoc creator/import/gnu/arm/5.4.1/bin/../lib/gcc/arm-none-eabi/5.4.1/../../../../arm-none-eabi/lib/armv7-m/crt0.o (__libc_init_array)
c:/program files (x86)/cypress/psoc creator/4.3/psoc creator/import/gnu/arm/5.4.1/bin/../lib/gcc/arm-none-eabi/5.4.1/../../../../arm-none-eabi/lib/armv7-m\libg_nano.a(lib_a-memcpy-stub.o)
                              .\CortexM3\ARM_GCC_541\Debug\cyfitter_cfg.o (memcpy)
c:/program files (x86)/cypress/psoc creator/4.3/psoc creator/import/gnu/arm/5.4.1/bin/../lib/gcc/arm-none-eabi/5.4.1/../../../../arm-none-eabi/lib/armv7-m\libg_nano.a(lib_a-memset.o)
[...]
Memory Configuration

Name             Origin             Length             Attributes
rom              0x00000000         0x00040000         xr
ram              0x1fff8000         0x00010000         xrw
*default*        0x00000000         0xffffffff

Linker script and memory map

LOAD c:/program files (x86)/cypress/psoc creator/4.3/psoc creator/import/gnu/arm/5.4.1/bin/../lib/gcc/arm-none-eabi/5.4.1/armv7-m/crti.o
LOAD c:/program files (x86)/cypress/psoc creator/4.3/psoc creator/import/gnu/arm/5.4.1/bin/../lib/gcc/arm-none-eabi/5.4.1/armv7-m/crtbegin.o
LOAD c:/program files (x86)/cypress/psoc creator/4.3/psoc creator/import/gnu/arm/5.4.1/bin/../lib/gcc/arm-none-eabi/5.4.1/../../../../arm-none-eabi/lib/armv7-m/crt0.o
START GROUP
LOAD .\CortexM3\ARM_GCC_541\Debug\main.o
LOAD .\CortexM3\ARM_GCC_541\Debug\keypad.o
LOAD .\CortexM3\ARM_GCC_541\Debug\cyfitter_cfg.o
LOAD .\CortexM3\ARM_GCC_541\Debug\cymetadata.o
LOAD .\CortexM3\ARM_GCC_541\Debug\Cm3Start.o
LOAD .\CortexM3\ARM_GCC_541\Debug\Project.a
LOAD C:\Program Files (x86)\Cypress\PSoC Creator\4.3\PSoC Creator\psoc\content\cycomponentlibrary\CyComponentLibrary.cylib\CortexM3\ARM_GCC_541\Debug\CyComponentLibrary.a
END GROUP
START GROUP
LOAD c:/program files (x86)/cypress/psoc creator/4.3/psoc creator/import/gnu/arm/5.4.1/bin/../lib/gcc/arm-none-eabi/5.4.1/armv7-m\libgcc.a
LOAD c:/program files (x86)/cypress/psoc creator/4.3/psoc creator/import/gnu/arm/5.4.1/bin/../lib/gcc/arm-none-eabi/5.4.1/../../../../arm-none-eabi/lib/armv7-m\libg_nano.a
LOAD c:/program files (x86)/cypress/psoc creator/4.3/psoc creator/import/gnu/arm/5.4.1/bin/../lib/gcc/arm-none-eabi/5.4.1/../../../../arm-none-eabi/lib/armv7-m\libc_nano.a
END GROUP
START GROUP
LOAD c:/program files (x86)/cypress/psoc creator/4.3/psoc creator/import/gnu/arm/5.4.1/bin/../lib/gcc/arm-none-eabi/5.4.1/armv7-m\libgcc.a
LOAD c:/program files (x86)/cypress/psoc creator/4.3/psoc creator/import/gnu/arm/5.4.1/bin/../lib/gcc/arm-none-eabi/5.4.1/../../../../arm-none-eabi/lib/armv7-m\libc_nano.a
END GROUP
LOAD c:/program files (x86)/cypress/psoc creator/4.3/psoc creator/import/gnu/arm/5.4.1/bin/../lib/gcc/arm-none-eabi/5.4.1/armv7-m/crtend.o
LOAD c:/program files (x86)/cypress/psoc creator/4.3/psoc creator/import/gnu/arm/5.4.1/bin/../lib/gcc/arm-none-eabi/5.4.1/armv7-m/crtn.o
START GROUP
LOAD c:/program files (x86)/cypress/psoc creator/4.3/psoc creator/import/gnu/arm/5.4.1/bin/../lib/gcc/arm-none-eabi/5.4.1/armv7-m\libgcc.a
LOAD c:/program files (x86)/cypress/psoc creator/4.3/psoc creator/import/gnu/arm/5.4.1/bin/../lib/gcc/arm-none-eabi/5.4.1/../../../../arm-none-eabi/lib/armv7-m\libc.a
LOAD c:/program files (x86)/cypress/psoc creator/4.3/psoc creator/import/gnu/arm/5.4.1/bin/../lib/gcc/arm-none-eabi/5.4.1/../../../../arm-none-eabi/lib/armv7-m\libnosys.a
END GROUP
                0x00000000                CY_APPL_ORIGIN = 0x0
                0x00000100                CY_FLASH_ROW_SIZE = 0x100
                0x00000020                CY_ECC_ROW_SIZE = 0x20
                0x00000000                CY_EE_IN_BTLDR = 0x0
                0x00000000                CY_APPL_LOADABLE = 0x0
                0x00000800                CY_EE_SIZE = 0x800
                0x00000001                CY_APPL_NUM = 0x1
                0x00000001                CY_APPL_MAX = 0x1
                0x00000040                CY_METADATA_SIZE = 0x40
                0x00000000                CY_APPL_LOADABLE = 0x0
                0x00000000                CY_CHECKSUM_EXCLUDE_SIZE = ALIGN (0x0, CY_FLASH_ROW_SIZE)
                [!provide]                PROVIDE (__cy_heap_start, _end)
                0x00000001                PROVIDE (__cy_region_num, ((__cy_regions_end - __cy_regions) / 0x10))
                0x20008000                PROVIDE (__cy_stack, (ORIGIN (ram) + LENGTH (ram)))
                [!provide]                PROVIDE (__cy_heap_end, (__cy_stack - 0x800))

.cybootloader   0x00000000        0x0
 *(.cybootloader)
                0x00000000                appl1_start = CY_APPL_ORIGIN?CY_APPL_ORIGIN:ALIGN (CY_FLASH_ROW_SIZE)
                0x0001ff00                appl2_start = (appl1_start + ALIGN ((((LENGTH (rom) - appl1_start) - (0x2 * CY_FLASH_ROW_SIZE)) / 0x2), CY_FLASH_ROW_SIZE))
                0x00000000                appl_start = (CY_APPL_NUM == 0x1)?appl1_start:appl2_start
                0x00000000                ecc_offset = ((appl_start / CY_FLASH_ROW_SIZE) * CY_ECC_ROW_SIZE)
                0x00000000                ee_offset = (CY_APPL_LOADABLE && ! (CY_EE_IN_BTLDR))?((CY_EE_SIZE / CY_APPL_MAX) * (CY_APPL_NUM - 0x1)):0x0
                0x00000800                ee_size = (CY_APPL_LOADABLE && ! (CY_EE_IN_BTLDR))?(CY_EE_SIZE / CY_APPL_MAX):CY_EE_SIZE
                [!provide]                PROVIDE (CY_ECC_OFFSET, ecc_offset)

.text           0x00000000     0x139c
 CREATE_OBJECT_SYMBOLS
                0x00000000                PROVIDE (__cy_interrupt_vector, RomVectors)
 *(.romvectors)
 .romvectors    0x00000000       0x10 .\CortexM3\ARM_GCC_541\Debug\Cm3Start.o
                0x00000000                RomVectors
                0x00000001                ASSERT ((. != __cy_interrupt_vector), No interrupt vector)
                0x00000001                ASSERT (CY_APPL_ORIGIN?(SIZEOF (.cybootloader) <= CY_APPL_ORIGIN):0x1, Wrong image location)
                0x00000010                PROVIDE (__cy_reset, Reset)
 *(.text.Reset)
 .text.Reset    0x00000010       0x18 .\CortexM3\ARM_GCC_541\Debug\Cm3Start.o
                0x00000010                Reset
                0x00000001                ASSERT ((. != __cy_reset), No reset code)
 *(.dma_init)
                0x00000001                ASSERT ((((appl_start + .) <= 0x10000) || 0x1), DMA Init must be within the first 64k of flash)
 *(.text .text.* .gnu.linkonce.t.*)
 .text          0x00000028       0x5c c:/program files (x86)/cypress/psoc creator/4.3/psoc creator/import/gnu/arm/5.4.1/bin/../lib/gcc/arm-none-eabi/5.4.1/armv7-m/crtbegin.o
 .text.append   0x00000084       0x24 .\CortexM3\ARM_GCC_541\Debug\main.o
                0x00000084                append
 .text.MakeLongLight
                0x000000a8       0x40 .\CortexM3\ARM_GCC_541\Debug\main.o
                0x000000a8                MakeLongLight
 .text.MakeShortLight
                0x000000e8       0x44 .\CortexM3\ARM_GCC_541\Debug\main.o
                0x000000e8                MakeShortLight
 .text.LCDPrint
                0x0000012c       0x14 .\CortexM3\ARM_GCC_541\Debug\main.o
                0x0000012c                LCDPrint
 .text.Send     0x00000140       0xcc .\CortexM3\ARM_GCC_541\Debug\main.o
                0x00000140                Send
 .text.Send_SOS_message
                0x0000020c       0x4c .\CortexM3\ARM_GCC_541\Debug\main.o
                0x0000020c                Send_SOS_message
 .text.main     0x00000258       0x94 .\CortexM3\ARM_GCC_541\Debug\main.o
                0x00000258                main
 .text.keypadInit
                0x000002ec       0x18 .\CortexM3\ARM_GCC_541\Debug\keypad.o
                0x000002ec                keypadInit
 .text.keypadScan
                0x00000304       0xfc .\CortexM3\ARM_GCC_541\Debug\keypad.o
                0x00000304                keypadScan
 .text.CyClockStartupError
                0x00000400        0x4 .\CortexM3\ARM_GCC_541\Debug\cyfitter_cfg.o
 .text.AnalogSetDefault
                0x00000404       0x28 .\CortexM3\ARM_GCC_541\Debug\cyfitter_cfg.o
 .text.CYMEMZERO
                0x0000042c        0xc .\CortexM3\ARM_GCC_541\Debug\cyfitter_cfg.o
 .text.ClockSetup
                0x00000438       0x9c .\CortexM3\ARM_GCC_541\Debug\cyfitter_cfg.o
 .text.CYCONFIGCPY
                0x000004d4        0x8 .\CortexM3\ARM_GCC_541\Debug\cyfitter_cfg.o
 .text.cyfitter_cfg
                0x000004dc       0xfc .\CortexM3\ARM_GCC_541\Debug\cyfitter_cfg.o
                0x000004dc                cyfitter_cfg
 .text.IntDefaultHandler
                0x000005d8       0x10 .\CortexM3\ARM_GCC_541\Debug\Cm3Start.o
                0x000005d8                IntDefaultHandler
 .text._sbrk    0x000005e8       0x30 .\CortexM3\ARM_GCC_541\Debug\Cm3Start.o
                0x000005e8                _sbrk
 .text.Start_c  0x00000618       0x4c .\CortexM3\ARM_GCC_541\Debug\Cm3Start.o
                0x00000618                Start_c
 .text.initialize_psoc
                0x00000664       0x68 .\CortexM3\ARM_GCC_541\Debug\Cm3Start.o
                0x00000664                initialize_psoc
 .text.Switch_1_Read
                0x000006cc       0x10 .\CortexM3\ARM_GCC_541\Debug\Project.a(Switch_1.o)
                0x000006cc                Switch_1_Read
 .text.D1_Write
                0x000006dc       0x18 .\CortexM3\ARM_GCC_541\Debug\Project.a(D1.o)
                0x000006dc                D1_Write
 .text.D2_Write
                0x000006f4       0x18 .\CortexM3\ARM_GCC_541\Debug\Project.a(D2.o)
                0x000006f4                D2_Write
 .text.D3_Write
                0x0000070c       0x18 .\CortexM3\ARM_GCC_541\Debug\Project.a(D3.o)
                0x0000070c                D3_Write
 .text.D4_Write
                0x00000724       0x18 .\CortexM3\ARM_GCC_541\Debug\Project.a(D4.o)
                0x00000724                D4_Write
 .text.CyDelay  0x0000073c       0x2c .\CortexM3\ARM_GCC_541\Debug\Project.a(CyLib.o)
                0x0000073c                CyDelay
 .text.CyDelayUs
                0x00000768       0x14 .\CortexM3\ARM_GCC_541\Debug\Project.a(CyLib.o)
                0x00000768                CyDelayUs
 .text.Switch_2_Read
                0x0000077c       0x10 .\CortexM3\ARM_GCC_541\Debug\Project.a(Switch_2.o)
                0x0000077c                Switch_2_Read
 .text.Switch_3_Read
                0x0000078c       0x10 .\CortexM3\ARM_GCC_541\Debug\Project.a(Switch_3.o)
                0x0000078c                Switch_3_Read
 .text.LCD_Char_1_WrCntrlNib
                0x0000079c       0x34 .\CortexM3\ARM_GCC_541\Debug\Project.a(LCD_Char_1.o)
 .text.LCD_Char_1_WrDatNib
                0x000007d0       0x44 .\CortexM3\ARM_GCC_541\Debug\Project.a(LCD_Char_1.o)
 .text.LCD_Char_1_IsReady
                0x00000814       0xe4 .\CortexM3\ARM_GCC_541\Debug\Project.a(LCD_Char_1.o)
                0x00000814                LCD_Char_1_IsReady
 .text.LCD_Char_1_WriteData
                0x000008f8       0x18 .\CortexM3\ARM_GCC_541\Debug\Project.a(LCD_Char_1.o)
                0x000008f8                LCD_Char_1_WriteData
 .text.LCD_Char_1_PrintString
                0x00000910       0x1c .\CortexM3\ARM_GCC_541\Debug\Project.a(LCD_Char_1.o)
                0x00000910                LCD_Char_1_PrintString
 .text.LCD_Char_1_WriteControl
                0x0000092c       0x18 .\CortexM3\ARM_GCC_541\Debug\Project.a(LCD_Char_1.o)
                0x0000092c                LCD_Char_1_WriteControl
 .text.LCD_Char_1_Init
                0x00000944       0x6c .\CortexM3\ARM_GCC_541\Debug\Project.a(LCD_Char_1.o)
                0x00000944                LCD_Char_1_Init
 .text.LCD_Char_1_Enable
                0x000009b0       0x14 .\CortexM3\ARM_GCC_541\Debug\Project.a(LCD_Char_1.o)
                0x000009b0                LCD_Char_1_Enable
 .text.LCD_Char_1_Start
                0x000009c4       0x1c .\CortexM3\ARM_GCC_541\Debug\Project.a(LCD_Char_1.o)
                0x000009c4                LCD_Char_1_Start
 .text.LCD_Char_1_Position
                0x000009e0       0x3c .\CortexM3\ARM_GCC_541\Debug\Project.a(LCD_Char_1.o)
                0x000009e0                LCD_Char_1_Position
 .text.ROW1_Read
                0x00000a1c       0x10 .\CortexM3\ARM_GCC_541\Debug\Project.a(ROW1.o)
                0x00000a1c                ROW1_Read
 .text.ROW2_Read
                0x00000a2c        0xc .\CortexM3\ARM_GCC_541\Debug\Project.a(ROW2.o)
                0x00000a2c                ROW2_Read
 .text.ROW3_Read
                0x00000a38       0x10 .\CortexM3\ARM_GCC_541\Debug\Project.a(ROW3.o)
                0x00000a38                ROW3_Read
 .text.ROW0_Read
                0x00000a48       0x10 .\CortexM3\ARM_GCC_541\Debug\Project.a(ROW0.o)
                0x00000a48                ROW0_Read
 .text.COL1_Write
                0x00000a58       0x18 .\CortexM3\ARM_GCC_541\Debug\Project.a(COL1.o)
                0x00000a58                COL1_Write
 .text.COL2_Write
                0x00000a70       0x18 .\CortexM3\ARM_GCC_541\Debug\Project.a(COL2.o)
                0x00000a70                COL2_Write
 .text.COL0_Write
                0x00000a88       0x18 .\CortexM3\ARM_GCC_541\Debug\Project.a(COL0.o)
                0x00000a88                COL0_Write
 .text          0x00000aa0       0x20 .\CortexM3\ARM_GCC_541\Debug\Project.a(CyBootAsmGnu.o)
                0x00000aa0                CyDelayCycles
                0x00000ab0                CyEnterCriticalSection
                0x00000ab8                CyExitCriticalSection
 .text.asprintf
                0x00000ac0       0x50 c:/program files (x86)/cypress/psoc creator/4.3/psoc creator/import/gnu/arm/5.4.1/bin/../lib/gcc/arm-none-eabi/5.4.1/../../../../arm-none-eabi/lib/armv7-m\libg_nano.a(lib_a-asprintf.o)
                0x00000ac0                asprintf
                0x00000ac0                asiprintf
 .text.__errno  0x00000b10        0xc c:/program files (x86)/cypress/psoc creator/4.3/psoc creator/import/gnu/arm/5.4.1/bin/../lib/gcc/arm-none-eabi/5.4.1/../../../../arm-none-eabi/lib/armv7-m\libg_nano.a(lib_a-errno.o)
                0x00000b10                __errno
 .text.__libc_init_array
                0x00000b1c       0x4c c:/program files (x86)/cypress/psoc creator/4.3/psoc creator/import/gnu/arm/5.4.1/bin/../lib/gcc/arm-none-eabi/5.4.1/../../../../arm-none-eabi/lib/armv7-m\libg_nano.a(lib_a-init.o)
                0x00000b1c                __libc_init_array
 .text.memcpy   0x00000b68       0x16 c:/program files (x86)/cypress/psoc creator/4.3/psoc creator/import/gnu/arm/5.4.1/bin/../lib/gcc/arm-none-eabi/5.4.1/../../../../arm-none-eabi/lib/armv7-m\libg_nano.a(lib_a-memcpy-stub.o)
                0x00000b68                memcpy
 .text.memset   0x00000b7e       0x10 c:/program files (x86)/cypress/psoc creator/4.3/psoc creator/import/gnu/arm/5.4.1/bin/../lib/gcc/arm-none-eabi/5.4.1/../../../../arm-none-eabi/lib/armv7-m\libg_nano.a(lib_a-memset.o)
                0x00000b7e                memset
 .text.__ssputs_r
                0x00000b8e       0xb2 c:/program files (x86)/cypress/psoc creator/4.3/psoc creator/import/gnu/arm/5.4.1/bin/../lib/gcc/arm-none-eabi/5.4.1/../../../../arm-none-eabi/lib/armv7-m\libg_nano.a(lib_a-nano-svfprintf.o)
                0x00000b8e                __ssputs_r
 .text._svfprintf_r
                0x00000c40      0x1e8 c:/program files (x86)/cypress/psoc creator/4.3/psoc creator/import/gnu/arm/5.4.1/bin/../lib/gcc/arm-none-eabi/5.4.1/../../../../arm-none-eabi/lib/armv7-m\libg_nano.a(lib_a-nano-svfprintf.o)
                0x00000c40                _svfiprintf_r
                0x00000c40                _svfprintf_r
 .text._printf_common
                0x00000e28       0xec c:/program files (x86)/cypress/psoc creator/4.3/psoc creator/import/gnu/arm/5.4.1/bin/../lib/gcc/arm-none-eabi/5.4.1/../../../../arm-none-eabi/lib/armv7-m\libg_nano.a(lib_a-nano-vfprintf_i.o)
                0x00000e28                _printf_common
 .text._printf_i
                0x00000f14      0x24c c:/program files (x86)/cypress/psoc creator/4.3/psoc creator/import/gnu/arm/5.4.1/bin/../lib/gcc/arm-none-eabi/5.4.1/../../../../arm-none-eabi/lib/armv7-m\libg_nano.a(lib_a-nano-vfprintf_i.o)
                0x00000f14                _printf_i
 .text          0x00001160       0x10 c:/program files (x86)/cypress/psoc creator/4.3/psoc creator/import/gnu/arm/5.4.1/bin/../lib/gcc/arm-none-eabi/5.4.1/../../../../arm-none-eabi/lib/armv7-m\libg_nano.a(lib_a-strlen.o)
                0x00001160                strlen
 .text.memchr   0x00001170       0x1c c:/program files (x86)/cypress/psoc creator/4.3/psoc creator/import/gnu/arm/5.4.1/bin/../lib/gcc/arm-none-eabi/5.4.1/../../../../arm-none-eabi/lib/armv7-m\libg_nano.a(lib_a-memchr-stub.o)
                0x00001170                memchr
 .text.memmove  0x0000118c       0x36 c:/program files (x86)/cypress/psoc creator/4.3/psoc creator/import/gnu/arm/5.4.1/bin/../lib/gcc/arm-none-eabi/5.4.1/../../../../arm-none-eabi/lib/armv7-m\libg_nano.a(lib_a-memmove.o)
                0x0000118c                memmove
 *fill*         0x000011c2        0x2 
 .text._free_r  0x000011c4       0x98 c:/program files (x86)/cypress/psoc creator/4.3/psoc creator/import/gnu/arm/5.4.1/bin/../lib/gcc/arm-none-eabi/5.4.1/../../../../arm-none-eabi/lib/armv7-m\libg_nano.a(lib_a-nano-freer.o)
                0x000011c4                _free_r
 .text._malloc_r
                0x0000125c       0xbc c:/program files (x86)/cypress/psoc creator/4.3/psoc creator/import/gnu/arm/5.4.1/bin/../lib/gcc/arm-none-eabi/5.4.1/../../../../arm-none-eabi/lib/armv7-m\libg_nano.a(lib_a-nano-mallocr.o)
                0x0000125c                _malloc_r
 .text._realloc_r
                0x00001318       0x4c c:/program files (x86)/cypress/psoc creator/4.3/psoc creator/import/gnu/arm/5.4.1/bin/../lib/gcc/arm-none-eabi/5.4.1/../../../../arm-none-eabi/lib/armv7-m\libg_nano.a(lib_a-nano-reallocr.o)
                0x00001318                _realloc_r
 .text._sbrk_r  0x00001364       0x20 c:/program files (x86)/cypress/psoc creator/4.3/psoc creator/import/gnu/arm/5.4.1/bin/../lib/gcc/arm-none-eabi/5.4.1/../../../../arm-none-eabi/lib/armv7-m\libg_nano.a(lib_a-sbrkr.o)
                0x00001364                _sbrk_r
 .text.__malloc_lock
                0x00001384        0x2 c:/program files (x86)/cypress/psoc creator/4.3/psoc creator/import/gnu/arm/5.4.1/bin/../lib/gcc/arm-none-eabi/5.4.1/../../../../arm-none-eabi/lib/armv7-m\libg_nano.a(lib_a-mlock.o)
                0x00001384                __malloc_lock
 .text.__malloc_unlock
                0x00001386        0x2 c:/program files (x86)/cypress/psoc creator/4.3/psoc creator/import/gnu/arm/5.4.1/bin/../lib/gcc/arm-none-eabi/5.4.1/../../../../arm-none-eabi/lib/armv7-m\libg_nano.a(lib_a-mlock.o)
                0x00001386                __malloc_unlock
 .text._malloc_usable_size_r
                0x00001388       0x14 c:/program files (x86)/cypress/psoc creator/4.3/psoc creator/import/gnu/arm/5.4.1/bin/../lib/gcc/arm-none-eabi/5.4.1/../../../../arm-none-eabi/lib/armv7-m\libg_nano.a(lib_a-nano-msizer.o)
                0x00001388                _malloc_usable_size_r
 *(.plt)
 *(.gnu.warning)
 *(.glue_7t)
 .glue_7t       0x0000139c        0x0 linker stubs
 *(.glue_7)
 .glue_7        0x0000139c        0x0 linker stubs
 *(.vfp11_veneer)
 .vfp11_veneer  0x0000139c        0x0 linker stubs
 *(.bootloader)
 *(.ARM.extab* .gnu.linkonce.armextab.*)
 *(.gcc_except_table)

.v4_bx          0x0000139c        0x0
 .v4_bx         0x0000139c        0x0 linker stubs

.iplt           0x0000139c        0x0
 .iplt          0x0000139c        0x0 c:/program files (x86)/cypress/psoc creator/4.3/psoc creator/import/gnu/arm/5.4.1/bin/../lib/gcc/arm-none-eabi/5.4.1/armv7-m/crtbegin.o

.eh_frame_hdr
 *(.eh_frame_hdr)

.eh_frame       0x0000139c        0x4
 *(.eh_frame)
 .eh_frame      0x0000139c        0x0 c:/program files (x86)/cypress/psoc creator/4.3/psoc creator/import/gnu/arm/5.4.1/bin/../lib/gcc/arm-none-eabi/5.4.1/armv7-m/crtbegin.o
 .eh_frame      0x0000139c        0x4 c:/program files (x86)/cypress/psoc creator/4.3/psoc creator/import/gnu/arm/5.4.1/bin/../lib/gcc/arm-none-eabi/5.4.1/armv7-m/crtend.o
                [!provide]                PROVIDE (__exidx_start, .)

.ARM.exidx
 *(.ARM.exidx* .gnu.linkonce.armexidx.*)
                0x000013a0                __exidx_end = .

.rodata         0x000013a0       0xb0
 *(.rodata .rodata.* .gnu.linkonce.r.*)
 .rodata.str1.4
                0x000013a0       0x20 .\CortexM3\ARM_GCC_541\Debug\main.o
                                 0x1e (size before relaxing)
 .rodata        0x000013c0       0x24 .\CortexM3\ARM_GCC_541\Debug\cyfitter_cfg.o
 .rodata.str1.1
                0x000013e4        0x2 c:/program files (x86)/cypress/psoc creator/4.3/psoc creator/import/gnu/arm/5.4.1/bin/../lib/gcc/arm-none-eabi/5.4.1/../../../../arm-none-eabi/lib/armv7-m\libg_nano.a(lib_a-impure.o)
 .rodata.str1.1
                0x000013e6       0x11 c:/program files (x86)/cypress/psoc creator/4.3/psoc creator/import/gnu/arm/5.4.1/bin/../lib/gcc/arm-none-eabi/5.4.1/../../../../arm-none-eabi/lib/armv7-m\libg_nano.a(lib_a-nano-svfprintf.o)
 .rodata.str1.1
                0x000013f7       0x22 c:/program files (x86)/cypress/psoc creator/4.3/psoc creator/import/gnu/arm/5.4.1/bin/../lib/gcc/arm-none-eabi/5.4.1/../../../../arm-none-eabi/lib/armv7-m\libg_nano.a(lib_a-nano-vfprintf_i.o)
                0x0000141c                . = ALIGN (0x4)
 *fill*         0x00001419        0x3 
 *(.init)
 .init          0x0000141c        0x4 c:/program files (x86)/cypress/psoc creator/4.3/psoc creator/import/gnu/arm/5.4.1/bin/../lib/gcc/arm-none-eabi/5.4.1/armv7-m/crti.o
                0x0000141c                _init
 .init          0x00001420        0x8 c:/program files (x86)/cypress/psoc creator/4.3/psoc creator/import/gnu/arm/5.4.1/bin/../lib/gcc/arm-none-eabi/5.4.1/armv7-m/crtn.o
                0x00001428                . = ALIGN (0x4)
                0x00001428                __preinit_array_start = .
 *(.preinit_array)
                0x00001428                __preinit_array_end = .
                0x00001428                . = ALIGN (0x4)
                0x00001428                __init_array_start = .
 *(SORT(.init_array.*))
 *(.init_array)
 .init_array    0x00001428        0x4 c:/program files (x86)/cypress/psoc creator/4.3/psoc creator/import/gnu/arm/5.4.1/bin/../lib/gcc/arm-none-eabi/5.4.1/armv7-m/crtbegin.o
 .init_array    0x0000142c        0x4 .\CortexM3\ARM_GCC_541\Debug\Cm3Start.o
                0x00001430                __init_array_end = .
                0x00001430                . = ALIGN (0x4)
 *(.fini)
 .fini          0x00001430        0x4 c:/program files (x86)/cypress/psoc creator/4.3/psoc creator/import/gnu/arm/5.4.1/bin/../lib/gcc/arm-none-eabi/5.4.1/armv7-m/crti.o
                0x00001430                _fini
 .fini          0x00001434        0x8 c:/program files (x86)/cypress/psoc creator/4.3/psoc creator/import/gnu/arm/5.4.1/bin/../lib/gcc/arm-none-eabi/5.4.1/armv7-m/crtn.o
                0x0000143c                . = ALIGN (0x4)
                0x0000143c                __fini_array_start = .
 *(.fini_array)
 .fini_array    0x0000143c        0x4 c:/program files (x86)/cypress/psoc creator/4.3/psoc creator/import/gnu/arm/5.4.1/bin/../lib/gcc/arm-none-eabi/5.4.1/armv7-m/crtbegin.o
 *(SORT(.fini_array.*))
                0x00001440                __fini_array_end = .
                0x00001440                . = ALIGN (0x4)
 *crtbegin.o(.ctors)
 *(EXCLUDE_FILE(*crtend.o) .ctors)
 *(SORT(.ctors.*))
 *crtend.o(.ctors)
                0x00001440                . = ALIGN (0x4)
 *crtbegin.o(.dtors)
 *(EXCLUDE_FILE(*crtend.o) .dtors)
 *(SORT(.dtors.*))
 *crtend.o(.dtors)
                0x00001440                . = ALIGN (0x4)
                0x00001440                __cy_regions = .
                0x00001440        0x4 LONG 0x1450 __cy_region_init_ram
                0x00001444        0x4 LONG 0x1fff80c8 __cy_region_start_data
                0x00001448        0x4 LONG 0x80 __cy_region_init_size_ram
                0x0000144c        0x4 LONG 0x30 __cy_region_zero_size_ram
                0x00001450                __cy_regions_end = .
                0x00001450                . = ALIGN (0x8)
                0x00001450                _etext = .

.cy_checksum_exclude
                0x00001450        0x0
 *(.cy_checksum_exclude)

.ramvectors     0x1fff8000       0xc0
                0x1fff8000                __cy_region_start_ram = .
 *(.ramvectors)
 .ramvectors    0x1fff8000       0xc0 .\CortexM3\ARM_GCC_541\Debug\Cm3Start.o
                0x1fff8000                CyRamVectors

.noinit         0x1fff80c0        0x1
 *(.noinit)
 .noinit        0x1fff80c0        0x1 .\CortexM3\ARM_GCC_541\Debug\Project.a(CyLib.o)
                0x1fff80c0                CyResetStatus

.data           0x1fff80c8       0x80 load address 0x00001450
                0x1fff80c8                __cy_region_start_data = .
 *(.jcr)
 .jcr           0x1fff80c8        0x0 c:/program files (x86)/cypress/psoc creator/4.3/psoc creator/import/gnu/arm/5.4.1/bin/../lib/gcc/arm-none-eabi/5.4.1/armv7-m/crtbegin.o
 .jcr           0x1fff80c8        0x4 c:/program files (x86)/cypress/psoc creator/4.3/psoc creator/import/gnu/arm/5.4.1/bin/../lib/gcc/arm-none-eabi/5.4.1/armv7-m/crtend.o
 *(.got.plt)
 *(.got)
 *(.shdata)
 *(.data .data.* .gnu.linkonce.d.*)
 .data          0x1fff80cc        0x4 .\CortexM3\ARM_GCC_541\Debug\Cm3Start.o
 .data          0x1fff80d0       0x10 .\CortexM3\ARM_GCC_541\Debug\Project.a(CyLib.o)
                0x1fff80d0                cydelay_32k_ms
                0x1fff80d4                cydelay_freq_khz
                0x1fff80d8                cydelay_freq_mhz
                0x1fff80dc                cydelay_freq_hz
 .data.impure_data
                0x1fff80e0       0x60 c:/program files (x86)/cypress/psoc creator/4.3/psoc creator/import/gnu/arm/5.4.1/bin/../lib/gcc/arm-none-eabi/5.4.1/../../../../arm-none-eabi/lib/armv7-m\libg_nano.a(lib_a-impure.o)
 .data._impure_ptr
                0x1fff8140        0x4 c:/program files (x86)/cypress/psoc creator/4.3/psoc creator/import/gnu/arm/5.4.1/bin/../lib/gcc/arm-none-eabi/5.4.1/../../../../arm-none-eabi/lib/armv7-m\libg_nano.a(lib_a-impure.o)
                0x1fff8140                _impure_ptr
                0x1fff8148                . = ALIGN (0x8)
 *fill*         0x1fff8144        0x4 
 *(.ram)
                0x1fff8148                _edata = .

.igot.plt       0x1fff8148        0x0 load address 0x000014d0
 .igot.plt      0x1fff8148        0x0 c:/program files (x86)/cypress/psoc creator/4.3/psoc creator/import/gnu/arm/5.4.1/bin/../lib/gcc/arm-none-eabi/5.4.1/armv7-m/crtbegin.o

.bss            0x1fff8148       0x30 load address 0x000014d0
                0x1fff8148                PROVIDE (__bss_start__, .)
 *(.shbss)
 *(.bss .bss.* .gnu.linkonce.b.*)
 .bss           0x1fff8148       0x1c c:/program files (x86)/cypress/psoc creator/4.3/psoc creator/import/gnu/arm/5.4.1/bin/../lib/gcc/arm-none-eabi/5.4.1/armv7-m/crtbegin.o
 .bss           0x1fff8164        0x2 .\CortexM3\ARM_GCC_541\Debug\Project.a(LCD_Char_1.o)
                0x1fff8164                LCD_Char_1_enableState
                0x1fff8165                LCD_Char_1_initVar
 *fill*         0x1fff8166        0x2 
 .bss.__malloc_sbrk_start
                0x1fff8168        0x4 c:/program files (x86)/cypress/psoc creator/4.3/psoc creator/import/gnu/arm/5.4.1/bin/../lib/gcc/arm-none-eabi/5.4.1/../../../../arm-none-eabi/lib/armv7-m\libg_nano.a(lib_a-nano-mallocr.o)
                0x1fff8168                __malloc_sbrk_start
 .bss.__malloc_free_list
                0x1fff816c        0x4 c:/program files (x86)/cypress/psoc creator/4.3/psoc creator/import/gnu/arm/5.4.1/bin/../lib/gcc/arm-none-eabi/5.4.1/../../../../arm-none-eabi/lib/armv7-m\libg_nano.a(lib_a-nano-mallocr.o)
                0x1fff816c                __malloc_free_list
 *(COMMON)
 COMMON         0x1fff8170        0x4 c:/program files (x86)/cypress/psoc creator/4.3/psoc creator/import/gnu/arm/5.4.1/bin/../lib/gcc/arm-none-eabi/5.4.1/../../../../arm-none-eabi/lib/armv7-m\libg_nano.a(lib_a-reent.o)
                0x1fff8170                errno
                0x1fff8178                . = ALIGN (0x8)
 *fill*         0x1fff8174        0x4 
 *(.ram.b)
                0x1fff8178                _end = .
                0x1fff8178                __end = .
                0x1fff8178                PROVIDE (end, .)
                0x1fff8178                PROVIDE (__bss_end__, .)
                0x00001450                __cy_region_init_ram = LOADADDR (.data)
                0x00000080                __cy_region_init_size_ram = (_edata - ADDR (.data))
                0x00000030                __cy_region_zero_size_ram = (_end - _edata)

.heap           0x1fff8178       0x80 load address 0x000014d0
                0x1fff8178                . = _end
                0x1fff81f8                . = (. + 0x80)
 *fill*         0x1fff8178       0x80 
                0x1fff81f8                __cy_heap_limit = .

.stack          0x20007800      0x800
                0x20007800                __cy_stack_limit = .
                0x20008000                . = (. + 0x800)
 *fill*         0x20007800      0x800 
                0x00000001                ASSERT ((__cy_stack_limit >= __cy_heap_limit), region RAM overflowed with stack)
                0x00000000                cy_checksum_exclude_size = (CY_APPL_LOADABLE == 0x1)?SIZEOF (.cy_checksum_exclude):0x0
                0x00000001                ASSERT ((cy_checksum_exclude_size <= CY_CHECKSUM_EXCLUDE_SIZE), CY_BOOT: Section .cy_checksum_exclude size exceedes specified limit.)

.cyloadermeta
 *(.cyloadermeta)

.cyloadablemeta
 *(.cyloadablemeta)

.cyconfigecc    0x80000000       0x38
 *(.cyconfigecc)
 .cyconfigecc   0x80000000       0x38 .\CortexM3\ARM_GCC_541\Debug\cymetadata.o
                0x80000000                cy_meta_configecc

.cycustnvl      0x90000000        0x4
 *(.cycustnvl)
 .cycustnvl     0x90000000        0x4 .\CortexM3\ARM_GCC_541\Debug\cymetadata.o
                0x90000000                cy_meta_custnvl

.cywolatch      0x90100000        0x4
 *(.cywolatch)
 .cywolatch     0x90100000        0x4 .\CortexM3\ARM_GCC_541\Debug\cymetadata.o
                0x90100000                cy_meta_wonvl

.cyeeprom       0x90200000        0x0
 *(.cyeeprom)
                0x00000001                ASSERT ((. <= ((0x90200000 + ee_offset) + ee_size)), .cyeeprom data will not fit in EEPROM)

.cyflashprotect
                0x90400000      0x100
 *(.cyflashprotect)
 .cyflashprotect
                0x90400000      0x100 .\CortexM3\ARM_GCC_541\Debug\cymetadata.o
                0x90400000                cy_meta_flashprotect

.cymeta         0x90500000        0xc
 *(.cymeta)
 .cymeta        0x90500000        0xc .\CortexM3\ARM_GCC_541\Debug\cymetadata.o
                0x90500000                cy_metadata

.rel.dyn        0x000014d0        0x0 load address 0x9050000c
 .rel.iplt      0x000014d0        0x0 c:/program files (x86)/cypress/psoc creator/4.3/psoc creator/import/gnu/arm/5.4.1/bin/../lib/gcc/arm-none-eabi/5.4.1/armv7-m/crtbegin.o

.stab
 *(.stab)

.stabstr
 *(.stabstr)

.debug
 *(.debug)

.line
 *(.line)

.debug_srcinfo
 *(.debug_srcinfo)

.debug_sfnames
 *(.debug_sfnames)

.debug_aranges  0x00000000      0x930
 *(.debug_aranges)
 .debug_aranges
                0x00000000       0x50 .\CortexM3\ARM_GCC_541\Debug\main.o
 .debug_aranges
                0x00000050       0x28 .\CortexM3\ARM_GCC_541\Debug\keypad.o
 .debug_aranges
                0x00000078       0x50 .\CortexM3\ARM_GCC_541\Debug\cyfitter_cfg.o
 .debug_aranges
                0x000000c8       0x18 .\CortexM3\ARM_GCC_541\Debug\cymetadata.o
 .debug_aranges
                0x000000e0       0x48 .\CortexM3\ARM_GCC_541\Debug\Cm3Start.o
 .debug_aranges
                0x00000128       0x38 .\CortexM3\ARM_GCC_541\Debug\Project.a(Switch_1.o)
 .debug_aranges
                0x00000160       0x38 .\CortexM3\ARM_GCC_541\Debug\Project.a(D1.o)
 .debug_aranges
                0x00000198       0x38 .\CortexM3\ARM_GCC_541\Debug\Project.a(D2.o)
 .debug_aranges
                0x000001d0       0x38 .\CortexM3\ARM_GCC_541\Debug\Project.a(D3.o)
 .debug_aranges
                0x00000208       0x38 .\CortexM3\ARM_GCC_541\Debug\Project.a(D4.o)
 .debug_aranges
                0x00000240      0x2a0 .\CortexM3\ARM_GCC_541\Debug\Project.a(CyLib.o)
 .debug_aranges
                0x000004e0       0x98 .\CortexM3\ARM_GCC_541\Debug\Project.a(cyPm.o)
 .debug_aranges
                0x00000578       0x38 .\CortexM3\ARM_GCC_541\Debug\Project.a(Switch_2.o)
 .debug_aranges
                0x000005b0       0x38 .\CortexM3\ARM_GCC_541\Debug\Project.a(Switch_3.o)
 .debug_aranges
                0x000005e8       0x98 .\CortexM3\ARM_GCC_541\Debug\Project.a(LCD_Char_1.o)
 .debug_aranges
                0x00000680       0x38 .\CortexM3\ARM_GCC_541\Debug\Project.a(ROW1.o)
 .debug_aranges
                0x000006b8       0x38 .\CortexM3\ARM_GCC_541\Debug\Project.a(ROW2.o)
 .debug_aranges
                0x000006f0       0x38 .\CortexM3\ARM_GCC_541\Debug\Project.a(ROW3.o)
 .debug_aranges
                0x00000728       0x38 .\CortexM3\ARM_GCC_541\Debug\Project.a(ROW0.o)
 .debug_aranges
                0x00000760       0x38 .\CortexM3\ARM_GCC_541\Debug\Project.a(COL1.o)
 .debug_aranges
                0x00000798       0x38 .\CortexM3\ARM_GCC_541\Debug\Project.a(COL2.o)
 .debug_aranges
                0x000007d0       0x38 .\CortexM3\ARM_GCC_541\Debug\Project.a(COL0.o)
 .debug_aranges
                0x00000808       0x20 .\CortexM3\ARM_GCC_541\Debug\Project.a(CyBootAsmGnu.o)
 .debug_aranges
                0x00000828       0x88 .\CortexM3\ARM_GCC_541\Debug\Project.a(CyFlash.o)
 .debug_aranges
                0x000008b0       0x80 .\CortexM3\ARM_GCC_541\Debug\Project.a(CySpc.o)

.debug_pubnames
 *(.debug_pubnames)

.debug_info     0x00000000     0x54a4
 *(.debug_info .gnu.linkonce.wi.*)
 .debug_info    0x00000000      0x739 .\CortexM3\ARM_GCC_541\Debug\main.o
 .debug_info    0x00000739      0x380 .\CortexM3\ARM_GCC_541\Debug\keypad.o
 .debug_info    0x00000ab9      0x465 .\CortexM3\ARM_GCC_541\Debug\cyfitter_cfg.o
 .debug_info    0x00000f1e      0x134 .\CortexM3\ARM_GCC_541\Debug\cymetadata.o
 .debug_info    0x00001052      0x3bb .\CortexM3\ARM_GCC_541\Debug\Cm3Start.o
 .debug_info    0x0000140d      0x11f .\CortexM3\ARM_GCC_541\Debug\Project.a(Switch_1.o)
 .debug_info    0x0000152c      0x11f .\CortexM3\ARM_GCC_541\Debug\Project.a(D1.o)
 .debug_info    0x0000164b      0x11f .\CortexM3\ARM_GCC_541\Debug\Project.a(D2.o)
 .debug_info    0x0000176a      0x11f .\CortexM3\ARM_GCC_541\Debug\Project.a(D3.o)
 .debug_info    0x00001889      0x11f .\CortexM3\ARM_GCC_541\Debug\Project.a(D4.o)
 .debug_info    0x000019a8     0x1374 .\CortexM3\ARM_GCC_541\Debug\Project.a(CyLib.o)
 .debug_info    0x00002d1c      0xa2a .\CortexM3\ARM_GCC_541\Debug\Project.a(cyPm.o)
 .debug_info    0x00003746      0x11f .\CortexM3\ARM_GCC_541\Debug\Project.a(Switch_2.o)
 .debug_info    0x00003865      0x11f .\CortexM3\ARM_GCC_541\Debug\Project.a(Switch_3.o)
 .debug_info    0x00003984      0x715 .\CortexM3\ARM_GCC_541\Debug\Project.a(LCD_Char_1.o)
 .debug_info    0x00004099      0x11f .\CortexM3\ARM_GCC_541\Debug\Project.a(ROW1.o)
 .debug_info    0x000041b8      0x11f .\CortexM3\ARM_GCC_541\Debug\Project.a(ROW2.o)
 .debug_info    0x000042d7      0x11f .\CortexM3\ARM_GCC_541\Debug\Project.a(ROW3.o)
 .debug_info    0x000043f6      0x11f .\CortexM3\ARM_GCC_541\Debug\Project.a(ROW0.o)
 .debug_info    0x00004515      0x11f .\CortexM3\ARM_GCC_541\Debug\Project.a(COL1.o)
 .debug_info    0x00004634      0x11f .\CortexM3\ARM_GCC_541\Debug\Project.a(COL2.o)
 .debug_info    0x00004753      0x11f .\CortexM3\ARM_GCC_541\Debug\Project.a(COL0.o)
 .debug_info    0x00004872       0x95 .\CortexM3\ARM_GCC_541\Debug\Project.a(CyBootAsmGnu.o)
 .debug_info    0x00004907      0x64d .\CortexM3\ARM_GCC_541\Debug\Project.a(CyFlash.o)
 .debug_info    0x00004f54      0x550 .\CortexM3\ARM_GCC_541\Debug\Project.a(CySpc.o)

.debug_abbrev   0x00000000     0x16af
 *(.debug_abbrev)
 .debug_abbrev  0x00000000      0x174 .\CortexM3\ARM_GCC_541\Debug\main.o
 .debug_abbrev  0x00000174       0xc5 .\CortexM3\ARM_GCC_541\Debug\keypad.o
 .debug_abbrev  0x00000239      0x1ac .\CortexM3\ARM_GCC_541\Debug\cyfitter_cfg.o
 .debug_abbrev  0x000003e5       0x5d .\CortexM3\ARM_GCC_541\Debug\cymetadata.o
 .debug_abbrev  0x00000442      0x1e8 .\CortexM3\ARM_GCC_541\Debug\Cm3Start.o
 .debug_abbrev  0x0000062a       0x90 .\CortexM3\ARM_GCC_541\Debug\Project.a(Switch_1.o)
 .debug_abbrev  0x000006ba       0x90 .\CortexM3\ARM_GCC_541\Debug\Project.a(D1.o)
 .debug_abbrev  0x0000074a       0x90 .\CortexM3\ARM_GCC_541\Debug\Project.a(D2.o)
 .debug_abbrev  0x000007da       0x90 .\CortexM3\ARM_GCC_541\Debug\Project.a(D3.o)
 .debug_abbrev  0x0000086a       0x90 .\CortexM3\ARM_GCC_541\Debug\Project.a(D4.o)
 .debug_abbrev  0x000008fa      0x254 .\CortexM3\ARM_GCC_541\Debug\Project.a(CyLib.o)
 .debug_abbrev  0x00000b4e      0x1ab .\CortexM3\ARM_GCC_541\Debug\Project.a(cyPm.o)
 .debug_abbrev  0x00000cf9       0x90 .\CortexM3\ARM_GCC_541\Debug\Project.a(Switch_2.o)
 .debug_abbrev  0x00000d89       0x90 .\CortexM3\ARM_GCC_541\Debug\Project.a(Switch_3.o)
 .debug_abbrev  0x00000e19      0x157 .\CortexM3\ARM_GCC_541\Debug\Project.a(LCD_Char_1.o)
 .debug_abbrev  0x00000f70       0x90 .\CortexM3\ARM_GCC_541\Debug\Project.a(ROW1.o)
 .debug_abbrev  0x00001000       0x90 .\CortexM3\ARM_GCC_541\Debug\Project.a(ROW2.o)
 .debug_abbrev  0x00001090       0x90 .\CortexM3\ARM_GCC_541\Debug\Project.a(ROW3.o)
 .debug_abbrev  0x00001120       0x90 .\CortexM3\ARM_GCC_541\Debug\Project.a(ROW0.o)
 .debug_abbrev  0x000011b0       0x90 .\CortexM3\ARM_GCC_541\Debug\Project.a(COL1.o)
 .debug_abbrev  0x00001240       0x90 .\CortexM3\ARM_GCC_541\Debug\Project.a(COL2.o)
 .debug_abbrev  0x000012d0       0x90 .\CortexM3\ARM_GCC_541\Debug\Project.a(COL0.o)
 .debug_abbrev  0x00001360       0x14 .\CortexM3\ARM_GCC_541\Debug\Project.a(CyBootAsmGnu.o)
 .debug_abbrev  0x00001374      0x1a7 .\CortexM3\ARM_GCC_541\Debug\Project.a(CyFlash.o)
 .debug_abbrev  0x0000151b      0x194 .\CortexM3\ARM_GCC_541\Debug\Project.a(CySpc.o)

.debug_line     0x00000000     0x24ba
 *(.debug_line)
 .debug_line    0x00000000      0x346 .\CortexM3\ARM_GCC_541\Debug\main.o
 .debug_line    0x00000346      0x223 .\CortexM3\ARM_GCC_541\Debug\keypad.o
 .debug_line    0x00000569      0x1aa .\CortexM3\ARM_GCC_541\Debug\cyfitter_cfg.o
 .debug_line    0x00000713      0x141 .\CortexM3\ARM_GCC_541\Debug\cymetadata.o
 .debug_line    0x00000854      0x234 .\CortexM3\ARM_GCC_541\Debug\Cm3Start.o
 .debug_line    0x00000a88       0x95 .\CortexM3\ARM_GCC_541\Debug\Project.a(Switch_1.o)
 .debug_line    0x00000b1d       0x8f .\CortexM3\ARM_GCC_541\Debug\Project.a(D1.o)
 .debug_line    0x00000bac       0x8f .\CortexM3\ARM_GCC_541\Debug\Project.a(D2.o)
 .debug_line    0x00000c3b       0x8f .\CortexM3\ARM_GCC_541\Debug\Project.a(D3.o)
 .debug_line    0x00000cca       0x8f .\CortexM3\ARM_GCC_541\Debug\Project.a(D4.o)
 .debug_line    0x00000d59      0x816 .\CortexM3\ARM_GCC_541\Debug\Project.a(CyLib.o)
 .debug_line    0x0000156f      0x367 .\CortexM3\ARM_GCC_541\Debug\Project.a(cyPm.o)
 .debug_line    0x000018d6       0x95 .\CortexM3\ARM_GCC_541\Debug\Project.a(Switch_2.o)
 .debug_line    0x0000196b       0x95 .\CortexM3\ARM_GCC_541\Debug\Project.a(Switch_3.o)
 .debug_line    0x00001a00      0x1e3 .\CortexM3\ARM_GCC_541\Debug\Project.a(LCD_Char_1.o)
 .debug_line    0x00001be3       0x91 .\CortexM3\ARM_GCC_541\Debug\Project.a(ROW1.o)
 .debug_line    0x00001c74       0x91 .\CortexM3\ARM_GCC_541\Debug\Project.a(ROW2.o)
 .debug_line    0x00001d05       0x91 .\CortexM3\ARM_GCC_541\Debug\Project.a(ROW3.o)
 .debug_line    0x00001d96       0x91 .\CortexM3\ARM_GCC_541\Debug\Project.a(ROW0.o)
 .debug_line    0x00001e27       0x91 .\CortexM3\ARM_GCC_541\Debug\Project.a(COL1.o)
 .debug_line    0x00001eb8       0x91 .\CortexM3\ARM_GCC_541\Debug\Project.a(COL2.o)
 .debug_line    0x00001f49       0x91 .\CortexM3\ARM_GCC_541\Debug\Project.a(COL0.o)
 .debug_line    0x00001fda       0x66 .\CortexM3\ARM_GCC_541\Debug\Project.a(CyBootAsmGnu.o)
 .debug_line    0x00002040      0x21a .\CortexM3\ARM_GCC_541\Debug\Project.a(CyFlash.o)
 .debug_line    0x0000225a      0x260 .\CortexM3\ARM_GCC_541\Debug\Project.a(CySpc.o)

.debug_frame    0x00000000     0x190c
 *(.debug_frame)
 .debug_frame   0x00000000       0xd8 .\CortexM3\ARM_GCC_541\Debug\main.o
 .debug_frame   0x000000d8       0x48 .\CortexM3\ARM_GCC_541\Debug\keypad.o
 .debug_frame   0x00000120       0xb8 .\CortexM3\ARM_GCC_541\Debug\cyfitter_cfg.o
 .debug_frame   0x000001d8       0xb8 .\CortexM3\ARM_GCC_541\Debug\Cm3Start.o
 .debug_frame   0x00000290       0x50 .\CortexM3\ARM_GCC_541\Debug\Project.a(Switch_1.o)
 .debug_frame   0x000002e0       0x50 .\CortexM3\ARM_GCC_541\Debug\Project.a(D1.o)
 .debug_frame   0x00000330       0x50 .\CortexM3\ARM_GCC_541\Debug\Project.a(D2.o)
 .debug_frame   0x00000380       0x50 .\CortexM3\ARM_GCC_541\Debug\Project.a(D3.o)
 .debug_frame   0x000003d0       0x50 .\CortexM3\ARM_GCC_541\Debug\Project.a(D4.o)
 .debug_frame   0x00000420      0x738 .\CortexM3\ARM_GCC_541\Debug\Project.a(CyLib.o)
 .debug_frame   0x00000b58      0x1f8 .\CortexM3\ARM_GCC_541\Debug\Project.a(cyPm.o)
 .debug_frame   0x00000d50       0x50 .\CortexM3\ARM_GCC_541\Debug\Project.a(Switch_2.o)
 .debug_frame   0x00000da0       0x50 .\CortexM3\ARM_GCC_541\Debug\Project.a(Switch_3.o)
 .debug_frame   0x00000df0      0x1e8 .\CortexM3\ARM_GCC_541\Debug\Project.a(LCD_Char_1.o)
 .debug_frame   0x00000fd8       0x50 .\CortexM3\ARM_GCC_541\Debug\Project.a(ROW1.o)
 .debug_frame   0x00001028       0x50 .\CortexM3\ARM_GCC_541\Debug\Project.a(ROW2.o)
 .debug_frame   0x00001078       0x50 .\CortexM3\ARM_GCC_541\Debug\Project.a(ROW3.o)
 .debug_frame   0x000010c8       0x50 .\CortexM3\ARM_GCC_541\Debug\Project.a(ROW0.o)
 .debug_frame   0x00001118       0x50 .\CortexM3\ARM_GCC_541\Debug\Project.a(COL1.o)
 .debug_frame   0x00001168       0x50 .\CortexM3\ARM_GCC_541\Debug\Project.a(COL2.o)
 .debug_frame   0x000011b8       0x50 .\CortexM3\ARM_GCC_541\Debug\Project.a(COL0.o)
 .debug_frame   0x00001208      0x194 .\CortexM3\ARM_GCC_541\Debug\Project.a(CyFlash.o)
 .debug_frame   0x0000139c      0x180 .\CortexM3\ARM_GCC_541\Debug\Project.a(CySpc.o)
 .debug_frame   0x0000151c       0x7c c:/program files (x86)/cypress/psoc creator/4.3/psoc creator/import/gnu/arm/5.4.1/bin/../lib/gcc/arm-none-eabi/5.4.1/../../../../arm-none-eabi/lib/armv7-m\libg_nano.a(lib_a-asprintf.o)
 .debug_frame   0x00001598       0x20 c:/program files (x86)/cypress/psoc creator/4.3/psoc creator/import/gnu/arm/5.4.1/bin/../lib/gcc/arm-none-eabi/5.4.1/../../../../arm-none-eabi/lib/armv7-m\libg_nano.a(lib_a-errno.o)
 .debug_frame   0x000015b8       0x28 c:/program files (x86)/cypress/psoc creator/4.3/psoc creator/import/gnu/arm/5.4.1/bin/../lib/gcc/arm-none-eabi/5.4.1/../../../../arm-none-eabi/lib/armv7-m\libg_nano.a(lib_a-exit.o)
 .debug_frame   0x000015e0       0x2c c:/program files (x86)/cypress/psoc creator/4.3/psoc creator/import/gnu/arm/5.4.1/bin/../lib/gcc/arm-none-eabi/5.4.1/../../../../arm-none-eabi/lib/armv7-m\libg_nano.a(lib_a-init.o)
 .debug_frame   0x0000160c       0x28 c:/program files (x86)/cypress/psoc creator/4.3/psoc creator/import/gnu/arm/5.4.1/bin/../lib/gcc/arm-none-eabi/5.4.1/../../../../arm-none-eabi/lib/armv7-m\libg_nano.a(lib_a-memcpy-stub.o)
 .debug_frame   0x00001634       0x20 c:/program files (x86)/cypress/psoc creator/4.3/psoc creator/import/gnu/arm/5.4.1/bin/../lib/gcc/arm-none-eabi/5.4.1/../../../../arm-none-eabi/lib/armv7-m\libg_nano.a(lib_a-memset.o)
 .debug_frame   0x00001654       0x90 c:/program files (x86)/cypress/psoc creator/4.3/psoc creator/import/gnu/arm/5.4.1/bin/../lib/gcc/arm-none-eabi/5.4.1/../../../../arm-none-eabi/lib/armv7-m\libg_nano.a(lib_a-nano-svfprintf.o)
 .debug_frame   0x000016e4       0x60 c:/program files (x86)/cypress/psoc creator/4.3/psoc creator/import/gnu/arm/5.4.1/bin/../lib/gcc/arm-none-eabi/5.4.1/../../../../arm-none-eabi/lib/armv7-m\libg_nano.a(lib_a-nano-vfprintf_i.o)
 .debug_frame   0x00001744       0x28 c:/program files (x86)/cypress/psoc creator/4.3/psoc creator/import/gnu/arm/5.4.1/bin/../lib/gcc/arm-none-eabi/5.4.1/../../../../arm-none-eabi/lib/armv7-m\libg_nano.a(lib_a-memchr-stub.o)
 .debug_frame   0x0000176c       0x28 c:/program files (x86)/cypress/psoc creator/4.3/psoc creator/import/gnu/arm/5.4.1/bin/../lib/gcc/arm-none-eabi/5.4.1/../../../../arm-none-eabi/lib/armv7-m\libg_nano.a(lib_a-memmove.o)
 .debug_frame   0x00001794       0x38 c:/program files (x86)/cypress/psoc creator/4.3/psoc creator/import/gnu/arm/5.4.1/bin/../lib/gcc/arm-none-eabi/5.4.1/../../../../arm-none-eabi/lib/armv7-m\libg_nano.a(lib_a-nano-freer.o)
 .debug_frame   0x000017cc       0x2c c:/program files (x86)/cypress/psoc creator/4.3/psoc creator/import/gnu/arm/5.4.1/bin/../lib/gcc/arm-none-eabi/5.4.1/../../../../arm-none-eabi/lib/armv7-m\libg_nano.a(lib_a-nano-mallocr.o)
 .debug_frame   0x000017f8       0x3c c:/program files (x86)/cypress/psoc creator/4.3/psoc creator/import/gnu/arm/5.4.1/bin/../lib/gcc/arm-none-eabi/5.4.1/../../../../arm-none-eabi/lib/armv7-m\libg_nano.a(lib_a-nano-reallocr.o)
 .debug_frame   0x00001834       0x2c c:/program files (x86)/cypress/psoc creator/4.3/psoc creator/import/gnu/arm/5.4.1/bin/../lib/gcc/arm-none-eabi/5.4.1/../../../../arm-none-eabi/lib/armv7-m\libg_nano.a(lib_a-sbrkr.o)
 .debug_frame   0x00001860       0x30 c:/program files (x86)/cypress/psoc creator/4.3/psoc creator/import/gnu/arm/5.4.1/bin/../lib/gcc/arm-none-eabi/5.4.1/../../../../arm-none-eabi/lib/armv7-m\libg_nano.a(lib_a-mlock.o)
 .debug_frame   0x00001890       0x20 c:/program files (x86)/cypress/psoc creator/4.3/psoc creator/import/gnu/arm/5.4.1/bin/../lib/gcc/arm-none-eabi/5.4.1/../../../../arm-none-eabi/lib/armv7-m\libg_nano.a(lib_a-nano-msizer.o)
 .debug_frame   0x000018b0       0x5c c:/program files (x86)/cypress/psoc creator/4.3/psoc creator/import/gnu/arm/5.4.1/bin/../lib/gcc/arm-none-eabi/5.4.1/../../../../arm-none-eabi/lib/armv7-m\libg_nano.a(lib_a-reent.o)

.debug_str      0x00000000     0x1a27
 *(.debug_str)
 .debug_str     0x00000000      0x2ab .\CortexM3\ARM_GCC_541\Debug\main.o
                                0x2f3 (size before relaxing)
 .debug_str     0x000002ab       0x93 .\CortexM3\ARM_GCC_541\Debug\keypad.o
                                0x258 (size before relaxing)
 .debug_str     0x0000033e      0x130 .\CortexM3\ARM_GCC_541\Debug\cyfitter_cfg.o
                                0x2bd (size before relaxing)
 .debug_str     0x0000046e       0x75 .\CortexM3\ARM_GCC_541\Debug\cymetadata.o
                                0x1e9 (size before relaxing)
 .debug_str     0x000004e3      0x14a .\CortexM3\ARM_GCC_541\Debug\Cm3Start.o
                                0x30f (size before relaxing)
 .debug_str     0x0000062d       0x72 .\CortexM3\ARM_GCC_541\Debug\Project.a(Switch_1.o)
                                0x1f6 (size before relaxing)
 .debug_str     0x0000069f       0x43 .\CortexM3\ARM_GCC_541\Debug\Project.a(D1.o)
                                0x1d8 (size before relaxing)
 .debug_str     0x000006e2       0x43 .\CortexM3\ARM_GCC_541\Debug\Project.a(D2.o)
                                0x1d8 (size before relaxing)
 .debug_str     0x00000725       0x43 .\CortexM3\ARM_GCC_541\Debug\Project.a(D3.o)
                                0x1d8 (size before relaxing)
 .debug_str     0x00000768       0x43 .\CortexM3\ARM_GCC_541\Debug\Project.a(D4.o)
                                0x1d8 (size before relaxing)
 .debug_str     0x000007ab      0x847 .\CortexM3\ARM_GCC_541\Debug\Project.a(CyLib.o)
                                0xa4c (size before relaxing)
 .debug_str     0x00000ff2      0x365 .\CortexM3\ARM_GCC_541\Debug\Project.a(cyPm.o)
                                0x738 (size before relaxing)
 .debug_str     0x00001357       0x5c .\CortexM3\ARM_GCC_541\Debug\Project.a(Switch_2.o)
                                0x1f6 (size before relaxing)
 .debug_str     0x000013b3       0x5c .\CortexM3\ARM_GCC_541\Debug\Project.a(Switch_3.o)
                                0x1f6 (size before relaxing)
 .debug_str     0x0000140f      0x199 .\CortexM3\ARM_GCC_541\Debug\Project.a(LCD_Char_1.o)
                                0x3bc (size before relaxing)
 .debug_str     0x000015a8       0x4c .\CortexM3\ARM_GCC_541\Debug\Project.a(ROW1.o)
                                0x1e2 (size before relaxing)
 .debug_str     0x000015f4       0x4c .\CortexM3\ARM_GCC_541\Debug\Project.a(ROW2.o)
                                0x1e2 (size before relaxing)
 .debug_str     0x00001640       0x4c .\CortexM3\ARM_GCC_541\Debug\Project.a(ROW3.o)
                                0x1e2 (size before relaxing)
 .debug_str     0x0000168c       0x4c .\CortexM3\ARM_GCC_541\Debug\Project.a(ROW0.o)
                                0x1e2 (size before relaxing)
 .debug_str     0x000016d8       0x4b .\CortexM3\ARM_GCC_541\Debug\Project.a(COL1.o)
                                0x1e2 (size before relaxing)
 .debug_str     0x00001723       0x4b .\CortexM3\ARM_GCC_541\Debug\Project.a(COL2.o)
                                0x1e2 (size before relaxing)
 .debug_str     0x0000176e       0x4b .\CortexM3\ARM_GCC_541\Debug\Project.a(COL0.o)
                                0x1e2 (size before relaxing)
 .debug_str     0x000017b9      0x1bb .\CortexM3\ARM_GCC_541\Debug\Project.a(CyFlash.o)
                                0x3c5 (size before relaxing)
 .debug_str     0x00001974       0xb3 .\CortexM3\ARM_GCC_541\Debug\Project.a(CySpc.o)
                                0x33d (size before relaxing)

.debug_loc      0x00000000     0x2211
 *(.debug_loc)
 .debug_loc     0x00000000      0x157 .\CortexM3\ARM_GCC_541\Debug\main.o
 .debug_loc     0x00000157      0x168 .\CortexM3\ARM_GCC_541\Debug\cyfitter_cfg.o
 .debug_loc     0x000002bf      0x144 .\CortexM3\ARM_GCC_541\Debug\Cm3Start.o
 .debug_loc     0x00000403       0x42 .\CortexM3\ARM_GCC_541\Debug\Project.a(Switch_1.o)
 .debug_loc     0x00000445       0x42 .\CortexM3\ARM_GCC_541\Debug\Project.a(D1.o)
 .debug_loc     0x00000487       0x42 .\CortexM3\ARM_GCC_541\Debug\Project.a(D2.o)
 .debug_loc     0x000004c9       0x42 .\CortexM3\ARM_GCC_541\Debug\Project.a(D3.o)
 .debug_loc     0x0000050b       0x42 .\CortexM3\ARM_GCC_541\Debug\Project.a(D4.o)
 .debug_loc     0x0000054d      0xa11 .\CortexM3\ARM_GCC_541\Debug\Project.a(CyLib.o)
 .debug_loc     0x00000f5e      0x1e4 .\CortexM3\ARM_GCC_541\Debug\Project.a(cyPm.o)
 .debug_loc     0x00001142       0x42 .\CortexM3\ARM_GCC_541\Debug\Project.a(Switch_2.o)
 .debug_loc     0x00001184       0x42 .\CortexM3\ARM_GCC_541\Debug\Project.a(Switch_3.o)
 .debug_loc     0x000011c6      0x3c6 .\CortexM3\ARM_GCC_541\Debug\Project.a(LCD_Char_1.o)
 .debug_loc     0x0000158c       0x42 .\CortexM3\ARM_GCC_541\Debug\Project.a(ROW1.o)
 .debug_loc     0x000015ce       0x42 .\CortexM3\ARM_GCC_541\Debug\Project.a(ROW2.o)
 .debug_loc     0x00001610       0x42 .\CortexM3\ARM_GCC_541\Debug\Project.a(ROW3.o)
 .debug_loc     0x00001652       0x42 .\CortexM3\ARM_GCC_541\Debug\Project.a(ROW0.o)
 .debug_loc     0x00001694       0x42 .\CortexM3\ARM_GCC_541\Debug\Project.a(COL1.o)
 .debug_loc     0x000016d6       0x42 .\CortexM3\ARM_GCC_541\Debug\Project.a(COL2.o)
 .debug_loc     0x00001718       0x42 .\CortexM3\ARM_GCC_541\Debug\Project.a(COL0.o)
 .debug_loc     0x0000175a      0x3b2 .\CortexM3\ARM_GCC_541\Debug\Project.a(CyFlash.o)
 .debug_loc     0x00001b0c      0x705 .\CortexM3\ARM_GCC_541\Debug\Project.a(CySpc.o)

.debug_macinfo
 *(.debug_macinfo)

.debug_ranges   0x00000000      0x788
 *(.debug_ranges)
 .debug_ranges  0x00000000       0x40 .\CortexM3\ARM_GCC_541\Debug\main.o
 .debug_ranges  0x00000040       0x18 .\CortexM3\ARM_GCC_541\Debug\keypad.o
 .debug_ranges  0x00000058       0x40 .\CortexM3\ARM_GCC_541\Debug\cyfitter_cfg.o
 .debug_ranges  0x00000098       0x38 .\CortexM3\ARM_GCC_541\Debug\Cm3Start.o
 .debug_ranges  0x000000d0       0x28 .\CortexM3\ARM_GCC_541\Debug\Project.a(Switch_1.o)
 .debug_ranges  0x000000f8       0x28 .\CortexM3\ARM_GCC_541\Debug\Project.a(D1.o)
 .debug_ranges  0x00000120       0x28 .\CortexM3\ARM_GCC_541\Debug\Project.a(D2.o)
 .debug_ranges  0x00000148       0x28 .\CortexM3\ARM_GCC_541\Debug\Project.a(D3.o)
 .debug_ranges  0x00000170       0x28 .\CortexM3\ARM_GCC_541\Debug\Project.a(D4.o)
 .debug_ranges  0x00000198      0x290 .\CortexM3\ARM_GCC_541\Debug\Project.a(CyLib.o)
 .debug_ranges  0x00000428       0x88 .\CortexM3\ARM_GCC_541\Debug\Project.a(cyPm.o)
 .debug_ranges  0x000004b0       0x28 .\CortexM3\ARM_GCC_541\Debug\Project.a(Switch_2.o)
 .debug_ranges  0x000004d8       0x28 .\CortexM3\ARM_GCC_541\Debug\Project.a(Switch_3.o)
 .debug_ranges  0x00000500       0x88 .\CortexM3\ARM_GCC_541\Debug\Project.a(LCD_Char_1.o)
 .debug_ranges  0x00000588       0x28 .\CortexM3\ARM_GCC_541\Debug\Project.a(ROW1.o)
 .debug_ranges  0x000005b0       0x28 .\CortexM3\ARM_GCC_541\Debug\Project.a(ROW2.o)
 .debug_ranges  0x000005d8       0x28 .\CortexM3\ARM_GCC_541\Debug\Project.a(ROW3.o)
 .debug_ranges  0x00000600       0x28 .\CortexM3\ARM_GCC_541\Debug\Project.a(ROW0.o)
 .debug_ranges  0x00000628       0x28 .\CortexM3\ARM_GCC_541\Debug\Project.a(COL1.o)
 .debug_ranges  0x00000650       0x28 .\CortexM3\ARM_GCC_541\Debug\Project.a(COL2.o)
 .debug_ranges  0x00000678       0x28 .\CortexM3\ARM_GCC_541\Debug\Project.a(COL0.o)
 .debug_ranges  0x000006a0       0x78 .\CortexM3\ARM_GCC_541\Debug\Project.a(CyFlash.o)
 .debug_ranges  0x00000718       0x70 .\CortexM3\ARM_GCC_541\Debug\Project.a(CySpc.o)

.comment        0x00000000       0x6e
 .comment       0x00000000       0x6e .\CortexM3\ARM_GCC_541\Debug\main.o
                                 0x6f (size before relaxing)
 .comment       0x0000006e       0x6f .\CortexM3\ARM_GCC_541\Debug\keypad.o
 .comment       0x0000006e       0x6f .\CortexM3\ARM_GCC_541\Debug\cyfitter_cfg.o
 .comment       0x0000006e       0x6f .\CortexM3\ARM_GCC_541\Debug\cymetadata.o
 .comment       0x0000006e       0x6f .\CortexM3\ARM_GCC_541\Debug\Cm3Start.o
 .comment       0x0000006e       0x6f .\CortexM3\ARM_GCC_541\Debug\Project.a(Switch_1.o)
 .comment       0x0000006e       0x6f .\CortexM3\ARM_GCC_541\Debug\Project.a(D1.o)
 .comment       0x0000006e       0x6f .\CortexM3\ARM_GCC_541\Debug\Project.a(D2.o)
 .comment       0x0000006e       0x6f .\CortexM3\ARM_GCC_541\Debug\Project.a(D3.o)
 .comment       0x0000006e       0x6f .\CortexM3\ARM_GCC_541\Debug\Project.a(D4.o)
 .comment       0x0000006e       0x6f .\CortexM3\ARM_GCC_541\Debug\Project.a(CyLib.o)
 .comment       0x0000006e       0x6f .\CortexM3\ARM_GCC_541\Debug\Project.a(cyPm.o)
 .comment       0x0000006e       0x6f .\CortexM3\ARM_GCC_541\Debug\Project.a(Switch_2.o)
 .comment       0x0000006e       0x6f .\CortexM3\ARM_GCC_541\Debug\Project.a(Switch_3.o)
 .comment       0x0000006e       0x6f .\CortexM3\ARM_GCC_541\Debug\Project.a(LCD_Char_1.o)
 .comment       0x0000006e       0x6f .\CortexM3\ARM_GCC_541\Debug\Project.a(ROW1.o)
 .comment       0x0000006e       0x6f .\CortexM3\ARM_GCC_541\Debug\Project.a(ROW2.o)
 .comment       0x0000006e       0x6f .\CortexM3\ARM_GCC_541\Debug\Project.a(ROW3.o)
 .comment       0x0000006e       0x6f .\CortexM3\ARM_GCC_541\Debug\Project.a(ROW0.o)
 .comment       0x0000006e       0x6f .\CortexM3\ARM_GCC_541\Debug\Project.a(COL1.o)
 .comment       0x0000006e       0x6f .\CortexM3\ARM_GCC_541\Debug\Project.a(COL2.o)
 .comment       0x0000006e       0x6f .\CortexM3\ARM_GCC_541\Debug\Project.a(COL0.o)
 .comment       0x0000006e       0x6f .\CortexM3\ARM_GCC_541\Debug\Project.a(CyFlash.o)
 .comment       0x0000006e       0x6f .\CortexM3\ARM_GCC_541\Debug\Project.a(CySpc.o)

.debug_weaknames
 *(.debug_weaknames)

.debug_funcnames
 *(.debug_funcnames)

.debug_typenames
 *(.debug_typenames)

.debug_varnames
 *(.debug_varnames)

.note.gnu.arm.ident
 *(.note.gnu.arm.ident)

.ARM.attributes
                0x00000000       0x29
 *(.ARM.attributes)
 .ARM.attributes
                0x00000000       0x1d c:/program files (x86)/cypress/psoc creator/4.3/psoc creator/import/gnu/arm/5.4.1/bin/../lib/gcc/arm-none-eabi/5.4.1/armv7-m/crti.o
 .ARM.attributes
                0x0000001d       0x2d c:/program files (x86)/cypress/psoc creator/4.3/psoc creator/import/gnu/arm/5.4.1/bin/../lib/gcc/arm-none-eabi/5.4.1/armv7-m/crtbegin.o
 .ARM.attributes
                0x0000004a       0x1b c:/program files (x86)/cypress/psoc creator/4.3/psoc creator/import/gnu/arm/5.4.1/bin/../lib/gcc/arm-none-eabi/5.4.1/../../../../arm-none-eabi/lib/armv7-m/crt0.o
 .ARM.attributes
                0x00000065       0x33 .\CortexM3\ARM_GCC_541\Debug\main.o
 .ARM.attributes
                0x00000098       0x33 .\CortexM3\ARM_GCC_541\Debug\keypad.o
 .ARM.attributes
                0x000000cb       0x33 .\CortexM3\ARM_GCC_541\Debug\cyfitter_cfg.o
 .ARM.attributes
                0x000000fe       0x33 .\CortexM3\ARM_GCC_541\Debug\cymetadata.o
 .ARM.attributes
                0x00000131       0x33 .\CortexM3\ARM_GCC_541\Debug\Cm3Start.o
 .ARM.attributes
                0x00000164       0x33 .\CortexM3\ARM_GCC_541\Debug\Project.a(Switch_1.o)
 .ARM.attributes
                0x00000197       0x33 .\CortexM3\ARM_GCC_541\Debug\Project.a(D1.o)
 .ARM.attributes
                0x000001ca       0x33 .\CortexM3\ARM_GCC_541\Debug\Project.a(D2.o)
 .ARM.attributes
                0x000001fd       0x33 .\CortexM3\ARM_GCC_541\Debug\Project.a(D3.o)
 .ARM.attributes
                0x00000230       0x33 .\CortexM3\ARM_GCC_541\Debug\Project.a(D4.o)
 .ARM.attributes
                0x00000263       0x33 .\CortexM3\ARM_GCC_541\Debug\Project.a(CyLib.o)
 .ARM.attributes
                0x00000296       0x33 .\CortexM3\ARM_GCC_541\Debug\Project.a(cyPm.o)
 .ARM.attributes
                0x000002c9       0x33 .\CortexM3\ARM_GCC_541\Debug\Project.a(Switch_2.o)
 .ARM.attributes
                0x000002fc       0x33 .\CortexM3\ARM_GCC_541\Debug\Project.a(Switch_3.o)
 .ARM.attributes
                0x0000032f       0x33 .\CortexM3\ARM_GCC_541\Debug\Project.a(LCD_Char_1.o)
 .ARM.attributes
                0x00000362       0x33 .\CortexM3\ARM_GCC_541\Debug\Project.a(ROW1.o)
 .ARM.attributes
                0x00000395       0x33 .\CortexM3\ARM_GCC_541\Debug\Project.a(ROW2.o)
 .ARM.attributes
                0x000003c8       0x33 .\CortexM3\ARM_GCC_541\Debug\Project.a(ROW3.o)
 .ARM.attributes
                0x000003fb       0x33 .\CortexM3\ARM_GCC_541\Debug\Project.a(ROW0.o)
 .ARM.attributes
                0x0000042e       0x33 .\CortexM3\ARM_GCC_541\Debug\Project.a(COL1.o)
 .ARM.attributes
                0x00000461       0x33 .\CortexM3\ARM_GCC_541\Debug\Project.a(COL2.o)
 .ARM.attributes
                0x00000494       0x33 .\CortexM3\ARM_GCC_541\Debug\Project.a(COL0.o)
 .ARM.attributes
                0x000004c7       0x21 .\CortexM3\ARM_GCC_541\Debug\Project.a(CyBootAsmGnu.o)
 .ARM.attributes
                0x000004e8       0x33 .\CortexM3\ARM_GCC_541\Debug\Project.a(CyFlash.o)
 .ARM.attributes
                0x0000051b       0x33 .\CortexM3\ARM_GCC_541\Debug\Project.a(CySpc.o)
 .ARM.attributes
                0x0000054e       0x2d c:/program files (x86)/cypress/psoc creator/4.3/psoc creator/import/gnu/arm/5.4.1/bin/../lib/gcc/arm-none-eabi/5.4.1/../../../../arm-none-eabi/lib/armv7-m\libg_nano.a(lib_a-asprintf.o)
 .ARM.attributes
                0x0000057b       0x2d c:/program files (x86)/cypress/psoc creator/4.3/psoc creator/import/gnu/arm/5.4.1/bin/../lib/gcc/arm-none-eabi/5.4.1/../../../../arm-none-eabi/lib/armv7-m\libg_nano.a(lib_a-errno.o)
 .ARM.attributes
                0x000005a8       0x2d c:/program files (x86)/cypress/psoc creator/4.3/psoc creator/import/gnu/arm/5.4.1/bin/../lib/gcc/arm-none-eabi/5.4.1/../../../../arm-none-eabi/lib/armv7-m\libg_nano.a(lib_a-exit.o)
 .ARM.attributes
                0x000005d5       0x2d c:/program files (x86)/cypress/psoc creator/4.3/psoc creator/import/gnu/arm/5.4.1/bin/../lib/gcc/arm-none-eabi/5.4.1/../../../../arm-none-eabi/lib/armv7-m\libg_nano.a(lib_a-impure.o)
 .ARM.attributes
                0x00000602       0x2d c:/program files (x86)/cypress/psoc creator/4.3/psoc creator/import/gnu/arm/5.4.1/bin/../lib/gcc/arm-none-eabi/5.4.1/../../../../arm-none-eabi/lib/armv7-m\libg_nano.a(lib_a-init.o)
 .ARM.attributes
                0x0000062f       0x2d c:/program files (x86)/cypress/psoc creator/4.3/psoc creator/import/gnu/arm/5.4.1/bin/../lib/gcc/arm-none-eabi/5.4.1/../../../../arm-none-eabi/lib/armv7-m\libg_nano.a(lib_a-memcpy-stub.o)
 .ARM.attributes
                0x0000065c       0x2d c:/program files (x86)/cypress/psoc creator/4.3/psoc creator/import/gnu/arm/5.4.1/bin/../lib/gcc/arm-none-eabi/5.4.1/../../../../arm-none-eabi/lib/armv7-m\libg_nano.a(lib_a-memset.o)
 .ARM.attributes
                0x00000689       0x2d c:/program files (x86)/cypress/psoc creator/4.3/psoc creator/import/gnu/arm/5.4.1/bin/../lib/gcc/arm-none-eabi/5.4.1/../../../../arm-none-eabi/lib/armv7-m\libg_nano.a(lib_a-nano-svfprintf.o)
 .ARM.attributes
                0x000006b6       0x2d c:/program files (x86)/cypress/psoc creator/4.3/psoc creator/import/gnu/arm/5.4.1/bin/../lib/gcc/arm-none-eabi/5.4.1/../../../../arm-none-eabi/lib/armv7-m\libg_nano.a(lib_a-nano-vfprintf_i.o)
 .ARM.attributes
                0x000006e3       0x17 c:/program files (x86)/cypress/psoc creator/4.3/psoc creator/import/gnu/arm/5.4.1/bin/../lib/gcc/arm-none-eabi/5.4.1/../../../../arm-none-eabi/lib/armv7-m\libg_nano.a(lib_a-strlen.o)
 .ARM.attributes
                0x000006fa       0x2d c:/program files (x86)/cypress/psoc creator/4.3/psoc creator/import/gnu/arm/5.4.1/bin/../lib/gcc/arm-none-eabi/5.4.1/../../../../arm-none-eabi/lib/armv7-m\libg_nano.a(lib_a-memchr-stub.o)
 .ARM.attributes
                0x00000727       0x2d c:/program files (x86)/cypress/psoc creator/4.3/psoc creator/import/gnu/arm/5.4.1/bin/../lib/gcc/arm-none-eabi/5.4.1/../../../../arm-none-eabi/lib/armv7-m\libg_nano.a(lib_a-memmove.o)
 .ARM.attributes
                0x00000754       0x2d c:/program files (x86)/cypress/psoc creator/4.3/psoc creator/import/gnu/arm/5.4.1/bin/../lib/gcc/arm-none-eabi/5.4.1/../../../../arm-none-eabi/lib/armv7-m\libg_nano.a(lib_a-nano-freer.o)
 .ARM.attributes
                0x00000781       0x2d c:/program files (x86)/cypress/psoc creator/4.3/psoc creator/import/gnu/arm/5.4.1/bin/../lib/gcc/arm-none-eabi/5.4.1/../../../../arm-none-eabi/lib/armv7-m\libg_nano.a(lib_a-nano-mallocr.o)
 .ARM.attributes
                0x000007ae       0x2d c:/program files (x86)/cypress/psoc creator/4.3/psoc creator/import/gnu/arm/5.4.1/bin/../lib/gcc/arm-none-eabi/5.4.1/../../../../arm-none-eabi/lib/armv7-m\libg_nano.a(lib_a-nano-reallocr.o)
 .ARM.attributes
                0x000007db       0x2d c:/program files (x86)/cypress/psoc creator/4.3/psoc creator/import/gnu/arm/5.4.1/bin/../lib/gcc/arm-none-eabi/5.4.1/../../../../arm-none-eabi/lib/armv7-m\libg_nano.a(lib_a-sbrkr.o)
 .ARM.attributes
                0x00000808       0x2d c:/program files (x86)/cypress/psoc creator/4.3/psoc creator/import/gnu/arm/5.4.1/bin/../lib/gcc/arm-none-eabi/5.4.1/../../../../arm-none-eabi/lib/armv7-m\libg_nano.a(lib_a-mlock.o)
 .ARM.attributes
                0x00000835       0x2d c:/program files (x86)/cypress/psoc creator/4.3/psoc creator/import/gnu/arm/5.4.1/bin/../lib/gcc/arm-none-eabi/5.4.1/../../../../arm-none-eabi/lib/armv7-m\libg_nano.a(lib_a-nano-msizer.o)
 .ARM.attributes
                0x00000862       0x2d c:/program files (x86)/cypress/psoc creator/4.3/psoc creator/import/gnu/arm/5.4.1/bin/../lib/gcc/arm-none-eabi/5.4.1/../../../../arm-none-eabi/lib/armv7-m\libg_nano.a(lib_a-reent.o)
 .ARM.attributes
                0x0000088f       0x2d c:/program files (x86)/cypress/psoc creator/4.3/psoc creator/import/gnu/arm/5.4.1/bin/../lib/gcc/arm-none-eabi/5.4.1/armv7-m/crtend.o
 .ARM.attributes
                0x000008bc       0x1d c:/program files (x86)/cypress/psoc creator/4.3/psoc creator/import/gnu/arm/5.4.1/bin/../lib/gcc/arm-none-eabi/5.4.1/armv7-m/crtn.o

/DISCARD/
 *(.note.GNU-stack)
OUTPUT(C:\Users\julie\Documents\PSoC Creator\DigitalElectronics\Project.cydsn\CortexM3\ARM_GCC_541\Debug\Project.elf elf32-littlearm)
